1780116004.9498181 [INFO] [launch]: All log files can be found below /root/.ros/log/2026-05-30-04-40-04-949076-opennav-NucBox-EVO-X2-7
1780116004.9499111 [INFO] [launch]: Default logging verbosity is set to INFO
1780116005.6720850 [INFO] [laserscan_merger.py-1]: process started with pid [39]
1780116005.6721950 [INFO] [component_container_isolated-2]: process started with pid [40]
1780116005.6722243 [INFO] [vlm_node-3]: process started with pid [41]
1780116005.6722465 [INFO] [robot_mission_runner-4]: process started with pid [42]
1780116005.8989398 [INFO] [launch_ros.actions.load_composable_nodes]: Loaded node '/map_server' in container '/nav2_container'
1780116005.9102492 [INFO] [launch_ros.actions.load_composable_nodes]: Loaded node '/amcl' in container '/nav2_container'
1780116005.9157739 [INFO] [launch_ros.actions.load_composable_nodes]: Loaded node '/lifecycle_manager_localization' in container '/nav2_container'
1780116005.9285614 [INFO] [launch_ros.actions.load_composable_nodes]: Loaded node '/controller_server' in container '/nav2_container'
1780116005.9334466 [INFO] [launch_ros.actions.load_composable_nodes]: Loaded node '/smoother_server' in container '/nav2_container'
1780116005.9402897 [INFO] [launch_ros.actions.load_composable_nodes]: Loaded node '/planner_server' in container '/nav2_container'
1780116005.9445879 [INFO] [launch_ros.actions.load_composable_nodes]: Loaded node '/route_server' in container '/nav2_container'
1780116005.9494443 [INFO] [launch_ros.actions.load_composable_nodes]: Loaded node '/behavior_server' in container '/nav2_container'
1780116005.9549422 [INFO] [launch_ros.actions.load_composable_nodes]: Loaded node '/bt_navigator' in container '/nav2_container'
1780116005.9585845 [INFO] [launch_ros.actions.load_composable_nodes]: Loaded node '/waypoint_follower' in container '/nav2_container'
1780116005.9630005 [INFO] [launch_ros.actions.load_composable_nodes]: Loaded node '/velocity_smoother' in container '/nav2_container'
1780116005.9715941 [INFO] [launch_ros.actions.load_composable_nodes]: Loaded node '/collision_monitor' in container '/nav2_container'
1780116005.9768140 [INFO] [launch_ros.actions.load_composable_nodes]: Loaded node '/docking_server' in container '/nav2_container'
1780116005.9809873 [INFO] [launch_ros.actions.load_composable_nodes]: Loaded node '/lifecycle_manager_navigation' in container '/nav2_container'
1780116942.4743297 [WARNING] [launch]: user interrupted with ctrl-c (SIGINT)
1780116943.5288382 [INFO] [robot_mission_runner-4]: sending signal 'SIGINT' to process[robot_mission_runner-4]
1780116943.5291188 [INFO] [vlm_node-3]: sending signal 'SIGINT' to process[vlm_node-3]
1780116943.5292823 [INFO] [component_container_isolated-2]: sending signal 'SIGINT' to process[component_container_isolated-2]
1780116943.5294325 [INFO] [laserscan_merger.py-1]: sending signal 'SIGINT' to process[laserscan_merger.py-1]
1780116943.7697179 [ERROR] [laserscan_merger.py-1]: process has died [pid 39, exit code -2, cmd '/root/ws/install/opennav_benchmark_nav2/lib/opennav_benchmark_nav2/laserscan_merger.py --ros-args -r __node:=laserscan_merger --params-file /root/ws/install/opennav_benchmark_nav2/share/opennav_benchmark_nav2/config/nav2_params.yaml --params-file /tmp/launch_params_r5qsx94f'].
1780116943.8748922 [ERROR] [robot_mission_runner-4]: process has died [pid 42, exit code -2, cmd '/root/ws/install/opennav_benchmark_mission_dispatcher/lib/opennav_benchmark_mission_dispatcher/robot_mission_runner --ros-args -r __node:=robot_mission_runner --params-file /tmp/launch_params_k6gk3kpd'].
1780116944.1392035 [INFO] [vlm_node-3]: process has finished cleanly [pid 41]
1780116944.4971387 [ERROR] [component_container_isolated-2]: process has died [pid 40, exit code -6, cmd '/opt/ros/jazzy/lib/rclcpp_components/component_container_isolated --ros-args --log-level info --ros-args -r __node:=nav2_container --params-file /tmp/launch_params_thdh0996 --params-file /tmp/launch_params_e_o0zvyw -r /tf:=tf -r /tf_static:=tf_static'].
