[WARN] [1780093633.108193945] [rcl.logging_rosout]: Publisher already registered for node name: 'robot_mission_runner'. If this is due to multiple nodes with the same name then all logs for the logger named 'robot_mission_runner' will go out over the existing publisher. As soon as any node with that name is destructed it will unregister the publisher, preventing any further logs for that name from being published on the rosout topic.
[INFO] [1780093633.689046174] [robot_mission_runner]: Sending initial pose...
[INFO] [1780093633.690073992] [robot_mission_runner]: Publishing Initial Pose
[INFO] [1780093636.691211992] [robot_mission_runner]: Waiting for Nav2 to become active...
[INFO] [1780093638.699206650] [robot_mission_runner]: Nav2 is ready for use!
[INFO] [1780093638.700021531] [robot_mission_runner]: Nav2 up, picking benchmark node started!
[INFO] [1780093638.730262212] [robot_mission_runner]: Waiting for 'UndockRobot' action server
[INFO] [1780093638.731305006] [robot_mission_runner]: Undocking from dock of type: simple_charging_dock...
[INFO] [1780093638.735048774] [robot_mission_runner]: Backing up 0.5 m at 0.4 m/s....
[INFO] [1780093640.238900312] [robot_mission_runner]: Picking from {'x': -8.0, 'y': -52.55, 'yaw': 1.5708}, dropping at {'x': -35.5, 'y': -36.7, 'yaw': 1.5708}...
[INFO] [1780093640.239604532] [robot_mission_runner]: Navigating to pick, attempt 1/3...
[INFO] [1780093640.288767636] [robot_mission_runner]: Navigating to goal: -8.0 -52.55...
[INFO] [1780093645.422104163] [robot_mission_runner]: Pose: (61.77, 36.20), Elapsed: 5s, ETA: 577s, Dist remaining: 146.63m
[INFO] [1780093650.454102194] [robot_mission_runner]: Pose: (59.89, 32.26), Elapsed: 10s, ETA: 97s, Dist remaining: 142.17m
[INFO] [1780093655.533948158] [robot_mission_runner]: Pose: (59.85, 24.67), Elapsed: 15s, ETA: 89s, Dist remaining: 134.76m
[INFO] [1780093659.308558974] [robot_mission_runner]: Navigation result: FAILED
[WARN] [1780093659.309248216] [robot_mission_runner]: Navigating to pick attempt 1 failed.
[INFO] [1780093659.309730315] [robot_mission_runner]: Navigating to pick, attempt 2/3...
[INFO] [1780093660.368728595] [robot_mission_runner]: Navigating to goal: -8.0 -52.55...
[INFO] [1780093663.464257013] [robot_mission_runner]: Navigation result: FAILED
[WARN] [1780093663.464937199] [robot_mission_runner]: Navigating to pick attempt 2 failed.
[INFO] [1780093663.465410434] [robot_mission_runner]: Navigating to pick, attempt 3/3...
[INFO] [1780093664.140807263] [robot_mission_runner]: Navigating to goal: -8.0 -52.55...
[INFO] [1780093668.510766778] [robot_mission_runner]: Navigation result: FAILED
[WARN] [1780093668.511640667] [robot_mission_runner]: Navigating to pick attempt 3 failed.
[WARN] [1780093668.512348310] [robot_mission_runner]: Mission 1 failed after retries, returning to dock for charge cycle.
[INFO] [1780093668.512820456] [robot_mission_runner]: Docking for charge cycle (10s)...
[INFO] [1780093668.513265273] [robot_mission_runner]: Waiting for 'DockRobot' action server
[INFO] [1780093668.514348866] [robot_mission_runner]: Docking at dock ID: home_dock...
[INFO] [1780093684.978035564] [robot_mission_runner]: Waiting for 'UndockRobot' action server
[INFO] [1780093684.979085459] [robot_mission_runner]: Undocking from dock of type: simple_charging_dock...
[INFO] [1780093685.010014310] [robot_mission_runner]: Charge cycle complete, resuming missions.
[INFO] [1780093685.025895214] [robot_mission_runner]: Picking from {'x': 39.0, 'y': 26.65, 'yaw': -1.5708}, dropping at {'x': -17.5, 'y': 0.18, 'yaw': -1.5708}...
[INFO] [1780093685.026446914] [robot_mission_runner]: Navigating to pick, attempt 1/3...
[INFO] [1780093685.170406928] [robot_mission_runner]: Navigating to goal: 39.0 26.65...
[INFO] [1780093690.206632245] [robot_mission_runner]: Pose: (56.43, 25.87), Elapsed: 5s, ETA: 12s, Dist remaining: 18.36m
[INFO] [1780093695.241490446] [robot_mission_runner]: Pose: (48.88, 25.80), Elapsed: 10s, ETA: 7s, Dist remaining: 10.68m
[INFO] [1780093700.315076996] [robot_mission_runner]: Pose: (41.40, 25.83), Elapsed: 15s, ETA: 2s, Dist remaining: 3.21m
[INFO] [1780093703.379633483] [robot_mission_runner]: Navigation result: FAILED
[WARN] [1780093703.381788727] [robot_mission_runner]: Navigating to pick attempt 1 failed.
[INFO] [1780093703.388678923] [robot_mission_runner]: Navigating to pick, attempt 2/3...
[INFO] [1780093703.595942234] [robot_mission_runner]: Navigating to goal: 39.0 26.65...
[INFO] [1780093708.608650949] [robot_mission_runner]: Pose: (39.27, 26.81), Elapsed: 4s, ETA: 7s, Dist remaining: 1.08m
[INFO] [1780093710.689518193] [robot_mission_runner]: Navigation result: SUCCEEDED
[INFO] [1780093720.692225858] [robot_mission_runner]: Navigating to drop, attempt 1/3...
[INFO] [1780093720.761803534] [robot_mission_runner]: Navigating to goal: -17.5 0.18...
[INFO] [1780093725.786398075] [robot_mission_runner]: Pose: (38.74, 26.48), Elapsed: 4s, ETA: 470s, Dist remaining: 85.95m
[INFO] [1780093726.718262744] [robot_mission_runner]: Navigation result: FAILED
[WARN] [1780093726.719057267] [robot_mission_runner]: Navigating to drop attempt 1 failed.
[INFO] [1780093726.724167903] [robot_mission_runner]: Navigating to drop, attempt 2/3...
[INFO] [1780093726.777527721] [robot_mission_runner]: Navigating to goal: -17.5 0.18...
[INFO] [1780093730.087963616] [robot_mission_runner]: Navigation result: FAILED
[WARN] [1780093730.089517780] [robot_mission_runner]: Navigating to drop attempt 2 failed.
[INFO] [1780093730.091151691] [robot_mission_runner]: Navigating to drop, attempt 3/3...
[INFO] [1780093730.212503499] [robot_mission_runner]: Navigating to goal: -17.5 0.18...
[INFO] [1780093732.243872323] [robot_mission_runner]: Navigation result: FAILED
[WARN] [1780093732.244583835] [robot_mission_runner]: Navigating to drop attempt 3 failed.
[WARN] [1780093732.245333716] [robot_mission_runner]: Mission 2 failed after retries, returning to dock for charge cycle.
[INFO] [1780093732.246105294] [robot_mission_runner]: Docking for charge cycle (10s)...
[INFO] [1780093732.246540412] [robot_mission_runner]: Waiting for 'DockRobot' action server
[INFO] [1780093732.247535549] [robot_mission_runner]: Docking at dock ID: home_dock...
[INFO] [1780093758.492017137] [robot_mission_runner]: Waiting for 'UndockRobot' action server
[INFO] [1780093758.493212407] [robot_mission_runner]: Undocking from dock of type: simple_charging_dock...
[INFO] [1780093758.514151533] [robot_mission_runner]: Charge cycle complete, resuming missions.
[INFO] [1780093758.514826946] [robot_mission_runner]: Picking from {'x': 50.0, 'y': -50.7, 'yaw': 1.5708}, dropping at {'x': -11.5, 'y': -27.17, 'yaw': 1.5708}...
[INFO] [1780093758.524648504] [robot_mission_runner]: Navigating to pick, attempt 1/3...
[INFO] [1780093758.657890633] [robot_mission_runner]: Navigating to goal: 50.0 -50.7...
[INFO] [1780093761.953789116] [robot_mission_runner]: Navigation result: FAILED
[WARN] [1780093761.954571380] [robot_mission_runner]: Navigating to pick attempt 1 failed.
[INFO] [1780093761.955126342] [robot_mission_runner]: Navigating to pick, attempt 2/3...
[INFO] [1780093762.495629165] [robot_mission_runner]: Navigating to goal: 50.0 -50.7...
[INFO] [1780093762.576280267] [robot_mission_runner]: Navigation result: FAILED
[WARN] [1780093762.578312139] [robot_mission_runner]: Navigating to pick attempt 2 failed.
[INFO] [1780093762.582167844] [robot_mission_runner]: Navigating to pick, attempt 3/3...
[INFO] [1780093763.025329277] [robot_mission_runner]: Navigating to goal: 50.0 -50.7...
[INFO] [1780093763.085131786] [robot_mission_runner]: Navigation result: FAILED
[WARN] [1780093763.085770206] [robot_mission_runner]: Navigating to pick attempt 3 failed.
[WARN] [1780093763.086413683] [robot_mission_runner]: Mission 3 failed after retries, returning to dock for charge cycle.
[INFO] [1780093763.086868513] [robot_mission_runner]: Docking for charge cycle (10s)...
[INFO] [1780093763.087306126] [robot_mission_runner]: Waiting for 'DockRobot' action server
[INFO] [1780093763.088314926] [robot_mission_runner]: Docking at dock ID: home_dock...
[INFO] [1780093786.802380426] [robot_mission_runner]: Waiting for 'UndockRobot' action server
[INFO] [1780093786.803383912] [robot_mission_runner]: Undocking from dock of type: simple_charging_dock...
[INFO] [1780093799.895609139] [robot_mission_runner]: Charge cycle complete, resuming missions.
[INFO] [1780093799.896344200] [robot_mission_runner]: Picking from {'x': 38.1, 'y': -60.0, 'yaw': 3.1416}, dropping at {'x': -33.5, 'y': -22.4, 'yaw': -1.5708}...
[INFO] [1780093799.896919161] [robot_mission_runner]: Navigating to pick, attempt 1/3...
[INFO] [1780093799.924730783] [robot_mission_runner]: Navigating to goal: 38.1 -60.0...
[INFO] [1780093804.967477752] [robot_mission_runner]: Pose: (60.94, 35.57), Elapsed: 5s, ETA: 241s, Dist remaining: 109.41m
[INFO] [1780093810.142989348] [robot_mission_runner]: Pose: (59.71, 29.59), Elapsed: 10s, ETA: 69s, Dist remaining: 103.59m
[INFO] [1780093813.770205304] [robot_mission_runner]: Navigation result: FAILED
[WARN] [1780093813.772471288] [robot_mission_runner]: Navigating to pick attempt 1 failed.
[INFO] [1780093813.774221833] [robot_mission_runner]: Navigating to pick, attempt 2/3...
[INFO] [1780093813.886523650] [robot_mission_runner]: Navigating to goal: 38.1 -60.0...
[INFO] [1780093816.790643437] [robot_mission_runner]: Navigation result: FAILED
[WARN] [1780093816.791321696] [robot_mission_runner]: Navigating to pick attempt 2 failed.
[INFO] [1780093816.791819790] [robot_mission_runner]: Navigating to pick, attempt 3/3...
[INFO] [1780093816.925941301] [robot_mission_runner]: Navigating to goal: 38.1 -60.0...
[INFO] [1780093816.981719789] [robot_mission_runner]: Navigation result: FAILED
[WARN] [1780093816.983117716] [robot_mission_runner]: Navigating to pick attempt 3 failed.
[WARN] [1780093816.983905322] [robot_mission_runner]: Mission 4 failed after retries, returning to dock for charge cycle.
[INFO] [1780093816.985845057] [robot_mission_runner]: Docking for charge cycle (10s)...
[INFO] [1780093816.986963520] [robot_mission_runner]: Waiting for 'DockRobot' action server
[INFO] [1780093816.989179678] [robot_mission_runner]: Docking at dock ID: home_dock...
[INFO] [1780093830.204148650] [robot_mission_runner]: Waiting for 'UndockRobot' action server
[INFO] [1780093830.205141413] [robot_mission_runner]: Undocking from dock of type: simple_charging_dock...
[INFO] [1780093830.215304153] [robot_mission_runner]: Charge cycle complete, resuming missions.
[INFO] [1780093830.220152604] [robot_mission_runner]: Picking from {'x': 9.0, 'y': -52.55, 'yaw': 1.5708}, dropping at {'x': -41.5, 'y': -8.1, 'yaw': -1.5708}...
[INFO] [1780093830.240552134] [robot_mission_runner]: Navigating to pick, attempt 1/3...
[INFO] [1780093830.296724924] [robot_mission_runner]: Navigating to goal: 9.0 -52.55...
[INFO] [1780093835.446940838] [robot_mission_runner]: Pose: (60.09, 10.80), Elapsed: 5s, ETA: 71s, Dist remaining: 106.45m
[INFO] [1780093840.484748289] [robot_mission_runner]: Pose: (56.72, 4.52), Elapsed: 10s, ETA: 66s, Dist remaining: 99.14m
[INFO] [1780093841.606406075] [robot_mission_runner]: Navigation result: FAILED
[WARN] [1780093841.607121582] [robot_mission_runner]: Navigating to pick attempt 1 failed.
[INFO] [1780093841.609146499] [robot_mission_runner]: Navigating to pick, attempt 2/3...
[INFO] [1780093841.686882770] [robot_mission_runner]: Navigating to goal: 9.0 -52.55...
[INFO] [1780093842.950894361] [robot_mission_runner]: Navigation result: FAILED
[WARN] [1780093842.952910703] [robot_mission_runner]: Navigating to pick attempt 2 failed.
[INFO] [1780093842.954400566] [robot_mission_runner]: Navigating to pick, attempt 3/3...
[INFO] [1780093843.448062826] [robot_mission_runner]: Navigating to goal: 9.0 -52.55...
[INFO] [1780093848.438966406] [robot_mission_runner]: Pose: (53.62, -6.00), Elapsed: 4s, ETA: 57s, Dist remaining: 86.95m
[INFO] [1780093850.172104785] [robot_mission_runner]: Navigation result: FAILED
[WARN] [1780093850.175228226] [robot_mission_runner]: Navigating to pick attempt 3 failed.
[WARN] [1780093850.175946677] [robot_mission_runner]: Mission 5 failed after retries, returning to dock for charge cycle.
[INFO] [1780093850.176419297] [robot_mission_runner]: Docking for charge cycle (10s)...
[INFO] [1780093850.176859149] [robot_mission_runner]: Waiting for 'DockRobot' action server
[INFO] [1780093850.177840678] [robot_mission_runner]: Docking at dock ID: home_dock...
[INFO] [1780093860.388797432] [robot_mission_runner]: Waiting for 'UndockRobot' action server
[INFO] [1780093860.389777521] [robot_mission_runner]: Undocking from dock of type: simple_charging_dock...
[INFO] [1780093860.404147135] [robot_mission_runner]: Charge cycle complete, resuming missions.
[INFO] [1780093860.404793904] [robot_mission_runner]: Picking from {'x': 5.05, 'y': -59.6, 'yaw': 3.1416}, dropping at {'x': -17.5, 'y': 0.18, 'yaw': -1.5708}...
[INFO] [1780093860.405273212] [robot_mission_runner]: Navigating to pick, attempt 1/3...
[INFO] [1780093860.477478764] [robot_mission_runner]: Navigating to goal: 5.05 -59.6...
[INFO] [1780093865.094938803] [robot_mission_runner]: Navigation result: FAILED
[WARN] [1780093865.095717958] [robot_mission_runner]: Navigating to pick attempt 1 failed.
[INFO] [1780093865.096220051] [robot_mission_runner]: Navigating to pick, attempt 2/3...
[INFO] [1780093865.244857558] [robot_mission_runner]: Navigating to goal: 5.05 -59.6...
[INFO] [1780093866.989797915] [robot_mission_runner]: Navigation result: FAILED
[WARN] [1780093866.990449324] [robot_mission_runner]: Navigating to pick attempt 2 failed.
[INFO] [1780093866.990916183] [robot_mission_runner]: Navigating to pick, attempt 3/3...
[INFO] [1780093867.212500883] [robot_mission_runner]: Navigating to goal: 5.05 -59.6...
[INFO] [1780093872.340755823] [robot_mission_runner]: Pose: (53.63, -23.05), Elapsed: 5s, ETA: 53s, Dist remaining: 80.85m
[INFO] [1780093877.484141296] [robot_mission_runner]: Pose: (53.62, -30.77), Elapsed: 10s, ETA: 49s, Dist remaining: 73.55m
[INFO] [1780093881.954447193] [robot_mission_runner]: Navigation result: FAILED
[WARN] [1780093881.956083617] [robot_mission_runner]: Navigating to pick attempt 3 failed.
[WARN] [1780093881.957565797] [robot_mission_runner]: Mission 6 failed after retries, returning to dock for charge cycle.
[INFO] [1780093881.965705676] [robot_mission_runner]: Docking for charge cycle (10s)...
[INFO] [1780093881.967109390] [robot_mission_runner]: Waiting for 'DockRobot' action server
[INFO] [1780093881.974280061] [robot_mission_runner]: Docking at dock ID: home_dock...
[INFO] [1780093918.386648679] [robot_mission_runner]: Waiting for 'UndockRobot' action server
[INFO] [1780093918.387686462] [robot_mission_runner]: Undocking from dock of type: simple_charging_dock...
[INFO] [1780093918.401121965] [robot_mission_runner]: Charge cycle complete, resuming missions.
[INFO] [1780093918.401738299] [robot_mission_runner]: Picking from {'x': -25.0, 'y': -52.55, 'yaw': 1.5708}, dropping at {'x': -41.5, 'y': -46.23, 'yaw': -1.5708}...
[INFO] [1780093918.402212133] [robot_mission_runner]: Navigating to pick, attempt 1/3...
[INFO] [1780093918.495748447] [robot_mission_runner]: Navigating to goal: -25.0 -52.55...
[INFO] [1780093921.823063128] [robot_mission_runner]: Navigation result: FAILED
[WARN] [1780093921.823807401] [robot_mission_runner]: Navigating to pick attempt 1 failed.
[INFO] [1780093921.824312756] [robot_mission_runner]: Navigating to pick, attempt 2/3...
[INFO] [1780093922.577632524] [robot_mission_runner]: Navigating to goal: -25.0 -52.55...
[INFO] [1780093925.097735500] [robot_mission_runner]: Navigation result: FAILED
[WARN] [1780093925.098392955] [robot_mission_runner]: Navigating to pick attempt 2 failed.
[INFO] [1780093925.098870405] [robot_mission_runner]: Navigating to pick, attempt 3/3...
[INFO] [1780093925.936240497] [robot_mission_runner]: Navigating to goal: -25.0 -52.55...
[INFO] [1780093927.609493950] [robot_mission_runner]: Navigation result: FAILED
[WARN] [1780093927.611048000] [robot_mission_runner]: Navigating to pick attempt 3 failed.
[WARN] [1780093927.616297716] [robot_mission_runner]: Mission 7 failed after retries, returning to dock for charge cycle.
[INFO] [1780093927.617506063] [robot_mission_runner]: Docking for charge cycle (10s)...
[INFO] [1780093927.618499429] [robot_mission_runner]: Waiting for 'DockRobot' action server
[INFO] [1780093927.620068519] [robot_mission_runner]: Docking at dock ID: home_dock...
[INFO] [1780093940.133849624] [robot_mission_runner]: Waiting for 'UndockRobot' action server
[INFO] [1780093940.134909295] [robot_mission_runner]: Undocking from dock of type: simple_charging_dock...
[INFO] [1780093940.139249004] [robot_mission_runner]: Charge cycle complete, resuming missions.
[INFO] [1780093940.141463004] [robot_mission_runner]: Picking from {'x': -11.95, 'y': -59.6, 'yaw': 3.1416}, dropping at {'x': 28.5, 'y': -12.87, 'yaw': 1.5708}...
[INFO] [1780093940.142796280] [robot_mission_runner]: Navigating to pick, attempt 1/3...
[INFO] [1780093940.201368834] [robot_mission_runner]: Navigating to goal: -11.95 -59.6...
[INFO] [1780093943.698713909] [robot_mission_runner]: Navigation result: FAILED
[WARN] [1780093943.700543004] [robot_mission_runner]: Navigating to pick attempt 1 failed.
[INFO] [1780093943.701602643] [robot_mission_runner]: Navigating to pick, attempt 2/3...
[INFO] [1780093943.775244438] [robot_mission_runner]: Navigating to goal: -11.95 -59.6...
[INFO] [1780093948.929228482] [robot_mission_runner]: Pose: (53.00, -34.40), Elapsed: 5s, ETA: 1172s, Dist remaining: 86.72m
[INFO] [1780093951.862979686] [robot_mission_runner]: Navigation result: FAILED
[WARN] [1780093951.868597180] [robot_mission_runner]: Navigating to pick attempt 2 failed.
[INFO] [1780093951.869707763] [robot_mission_runner]: Navigating to pick, attempt 3/3...
[INFO] [1780093952.200346880] [robot_mission_runner]: Navigating to goal: -11.95 -59.6...
[INFO] [1780093957.285447684] [robot_mission_runner]: Pose: (53.64, -38.28), Elapsed: 5s, ETA: 62s, Dist remaining: 83.07m
[INFO] [1780093961.487904849] [robot_mission_runner]: Navigation result: FAILED
[WARN] [1780093961.488754339] [robot_mission_runner]: Navigating to pick attempt 3 failed.
[WARN] [1780093961.489505746] [robot_mission_runner]: Mission 8 failed after retries, returning to dock for charge cycle.
[INFO] [1780093961.490035837] [robot_mission_runner]: Docking for charge cycle (10s)...
[INFO] [1780093961.490529351] [robot_mission_runner]: Waiting for 'DockRobot' action server
[INFO] [1780093961.496366815] [robot_mission_runner]: Docking at dock ID: home_dock...
[INFO] [1780093979.136221353] [robot_mission_runner]: Waiting for 'UndockRobot' action server
[INFO] [1780093979.137329887] [robot_mission_runner]: Undocking from dock of type: simple_charging_dock...
[INFO] [1780093979.146014219] [robot_mission_runner]: Charge cycle complete, resuming missions.
[INFO] [1780093979.147878383] [robot_mission_runner]: Picking from {'x': 55.05, 'y': 33.0, 'yaw': 0.0}, dropping at {'x': -51.5, 'y': -27.17, 'yaw': 1.5708}...
[INFO] [1780093979.149522896] [robot_mission_runner]: Navigating to pick, attempt 1/3...
[INFO] [1780093979.182596957] [robot_mission_runner]: Navigating to goal: 55.05 33.0...
[INFO] [1780093982.911213597] [robot_mission_runner]: Navigation result: FAILED
[WARN] [1780093982.911968459] [robot_mission_runner]: Navigating to pick attempt 1 failed.
[INFO] [1780093982.912493654] [robot_mission_runner]: Navigating to pick, attempt 2/3...
[INFO] [1780093983.116941594] [robot_mission_runner]: Navigating to goal: 55.05 33.0...
[INFO] [1780093986.805866563] [robot_mission_runner]: Navigation result: FAILED
[WARN] [1780093986.806527376] [robot_mission_runner]: Navigating to pick attempt 2 failed.
[INFO] [1780093986.806994585] [robot_mission_runner]: Navigating to pick, attempt 3/3...
[INFO] [1780093986.986679422] [robot_mission_runner]: Navigating to goal: 55.05 33.0...
[INFO] [1780093987.070306805] [robot_mission_runner]: Navigation result: FAILED
[WARN] [1780093987.070980546] [robot_mission_runner]: Navigating to pick attempt 3 failed.
[WARN] [1780093987.071702864] [robot_mission_runner]: Mission 9 failed after retries, returning to dock for charge cycle.
[INFO] [1780093987.072825958] [robot_mission_runner]: Docking for charge cycle (10s)...
[INFO] [1780093987.074179104] [robot_mission_runner]: Waiting for 'DockRobot' action server
[INFO] [1780093987.075681181] [robot_mission_runner]: Docking at dock ID: home_dock...
[INFO] [1780094009.254942994] [robot_mission_runner]: Waiting for 'UndockRobot' action server
[INFO] [1780094009.256035206] [robot_mission_runner]: Undocking from dock of type: simple_charging_dock...
[INFO] [1780094009.275481645] [robot_mission_runner]: Charge cycle complete, resuming missions.
[INFO] [1780094009.276126457] [robot_mission_runner]: Picking from {'x': 50.0, 'y': 26.65, 'yaw': -1.5708}, dropping at {'x': -17.5, 'y': -41.46, 'yaw': -1.5708}...
[INFO] [1780094009.276613666] [robot_mission_runner]: Navigating to pick, attempt 1/3...
[INFO] [1780094009.349206464] [robot_mission_runner]: Navigating to goal: 50.0 26.65...
[INFO] [1780094011.186953567] [robot_mission_runner]: Navigation result: FAILED
[WARN] [1780094011.188453403] [robot_mission_runner]: Navigating to pick attempt 1 failed.
[INFO] [1780094011.189395308] [robot_mission_runner]: Navigating to pick, attempt 2/3...
[INFO] [1780094011.292090798] [robot_mission_runner]: Navigating to goal: 50.0 26.65...
[INFO] [1780094013.186547181] [robot_mission_runner]: Navigation result: FAILED
[WARN] [1780094013.188177419] [robot_mission_runner]: Navigating to pick attempt 2 failed.
[INFO] [1780094013.197414804] [robot_mission_runner]: Navigating to pick, attempt 3/3...
[INFO] [1780094013.265138477] [robot_mission_runner]: Navigating to goal: 50.0 26.65...
[INFO] [1780094017.836887420] [robot_mission_runner]: Navigation result: FAILED
[WARN] [1780094017.844738475] [robot_mission_runner]: Navigating to pick attempt 3 failed.
[WARN] [1780094017.845640603] [robot_mission_runner]: Mission 10 failed after retries, returning to dock for charge cycle.
[INFO] [1780094017.846182629] [robot_mission_runner]: Docking for charge cycle (10s)...
[INFO] [1780094017.846677646] [robot_mission_runner]: Waiting for 'DockRobot' action server
[INFO] [1780094017.864434769] [robot_mission_runner]: Docking at dock ID: home_dock...
[INFO] [1780094053.044965445] [robot_mission_runner]: Waiting for 'UndockRobot' action server
[INFO] [1780094053.046073464] [robot_mission_runner]: Undocking from dock of type: simple_charging_dock...
[INFO] [1780094053.069423712] [robot_mission_runner]: Charge cycle complete, resuming missions.
[INFO] [1780094053.070161068] [robot_mission_runner]: Picking from {'x': 38.1, 'y': -60.0, 'yaw': 3.1416}, dropping at {'x': 44.5, 'y': -22.4, 'yaw': 1.5708}...
[INFO] [1780094053.070691253] [robot_mission_runner]: Navigating to pick, attempt 1/3...
[INFO] [1780094053.191333661] [robot_mission_runner]: Navigating to goal: 38.1 -60.0...
[INFO] [1780094058.196424963] [robot_mission_runner]: Pose: (58.96, 27.41), Elapsed: 4s, ETA: 2585s, Dist remaining: 101.94m
[INFO] [1780094063.287321488] [robot_mission_runner]: Pose: (59.62, 26.36), Elapsed: 10s, ETA: 384s, Dist remaining: 101.27m
[INFO] [1780094068.366319853] [robot_mission_runner]: Pose: (60.09, 25.40), Elapsed: 15s, ETA: 389s, Dist remaining: 100.02m
[INFO] [1780094069.317515827] [robot_mission_runner]: Navigation result: FAILED
[WARN] [1780094069.327826714] [robot_mission_runner]: Navigating to pick attempt 1 failed.
[INFO] [1780094069.332227937] [robot_mission_runner]: Navigating to pick, attempt 2/3...
[INFO] [1780094069.490351618] [robot_mission_runner]: Navigating to goal: 38.1 -60.0...
[INFO] [1780094069.552453136] [robot_mission_runner]: Navigation result: FAILED
[WARN] [1780094069.555074043] [robot_mission_runner]: Navigating to pick attempt 2 failed.
[INFO] [1780094069.561205950] [robot_mission_runner]: Navigating to pick, attempt 3/3...
[INFO] [1780094069.590680891] [robot_mission_runner]: Navigating to goal: 38.1 -60.0...
[INFO] [1780094074.601393235] [robot_mission_runner]: Pose: (60.47, 24.38), Elapsed: 5s, ETA: 3114s, Dist remaining: 99.10m
[INFO] [1780094079.740960709] [robot_mission_runner]: Pose: (59.83, 21.49), Elapsed: 10s, ETA: 73s, Dist remaining: 95.50m
[INFO] [1780094084.875968270] [robot_mission_runner]: Pose: (59.81, 13.90), Elapsed: 15s, ETA: 58s, Dist remaining: 87.87m
[INFO] [1780094088.908304673] [robot_mission_runner]: Navigation result: FAILED
[WARN] [1780094088.909045645] [robot_mission_runner]: Navigating to pick attempt 3 failed.
[WARN] [1780094088.909737495] [robot_mission_runner]: Mission 11 failed after retries, returning to dock for charge cycle.
[INFO] [1780094088.910225887] [robot_mission_runner]: Docking for charge cycle (10s)...
[INFO] [1780094088.910672742] [robot_mission_runner]: Waiting for 'DockRobot' action server
[INFO] [1780094088.911790263] [robot_mission_runner]: Docking at dock ID: home_dock...
[INFO] [1780094121.201483343] [robot_mission_runner]: Waiting for 'UndockRobot' action server
[INFO] [1780094121.202572159] [robot_mission_runner]: Undocking from dock of type: simple_charging_dock...
[INFO] [1780094121.209404578] [robot_mission_runner]: Charge cycle complete, resuming missions.
[INFO] [1780094121.210062283] [robot_mission_runner]: Picking from {'x': -4.05, 'y': -59.6, 'yaw': 0.0}, dropping at {'x': -51.5, 'y': -36.7, 'yaw': 1.5708}...
[INFO] [1780094121.210564018] [robot_mission_runner]: Navigating to pick, attempt 1/3...
[INFO] [1780094121.315537020] [robot_mission_runner]: Navigating to goal: -4.05 -59.6...
[INFO] [1780094122.606674978] [robot_mission_runner]: Navigation result: FAILED
[WARN] [1780094122.616807028] [robot_mission_runner]: Navigating to pick attempt 1 failed.
[INFO] [1780094122.618573357] [robot_mission_runner]: Navigating to pick, attempt 2/3...
[INFO] [1780094123.081345805] [robot_mission_runner]: Navigating to goal: -4.05 -59.6...
[INFO] [1780094125.786725868] [robot_mission_runner]: Navigation result: FAILED
[WARN] [1780094125.788357348] [robot_mission_runner]: Navigating to pick attempt 2 failed.
[INFO] [1780094125.788908012] [robot_mission_runner]: Navigating to pick, attempt 3/3...
[INFO] [1780094126.193895489] [robot_mission_runner]: Navigating to goal: -4.05 -59.6...
[INFO] [1780094128.274940662] [robot_mission_runner]: Navigation result: FAILED
[WARN] [1780094128.275954373] [robot_mission_runner]: Navigating to pick attempt 3 failed.
[WARN] [1780094128.276624622] [robot_mission_runner]: Mission 12 failed after retries, returning to dock for charge cycle.
[INFO] [1780094128.278330279] [robot_mission_runner]: Docking for charge cycle (10s)...
[INFO] [1780094128.278791149] [robot_mission_runner]: Waiting for 'DockRobot' action server
[INFO] [1780094128.285477612] [robot_mission_runner]: Docking at dock ID: home_dock...
[INFO] [1780094138.499712581] [robot_mission_runner]: Waiting for 'UndockRobot' action server
[INFO] [1780094138.500773716] [robot_mission_runner]: Undocking from dock of type: simple_charging_dock...
[INFO] [1780094138.505737881] [robot_mission_runner]: Charge cycle complete, resuming missions.
[INFO] [1780094138.507221806] [robot_mission_runner]: Picking from {'x': -25.0, 'y': -52.55, 'yaw': 1.5708}, dropping at {'x': -19.5, 'y': -36.7, 'yaw': 1.5708}...
[INFO] [1780094138.508614273] [robot_mission_runner]: Navigating to pick, attempt 1/3...
[INFO] [1780094138.533043156] [robot_mission_runner]: Navigating to goal: -25.0 -52.55...
[INFO] [1780094143.692586266] [robot_mission_runner]: Pose: (58.77, 26.51), Elapsed: 5s, ETA: 612s, Dist remaining: 153.22m
[INFO] [1780094145.499311568] [robot_mission_runner]: Navigation result: FAILED
[WARN] [1780094145.500609921] [robot_mission_runner]: Navigating to pick attempt 1 failed.
[INFO] [1780094145.502110742] [robot_mission_runner]: Navigating to pick, attempt 2/3...
[INFO] [1780094146.525705218] [robot_mission_runner]: Navigating to goal: -25.0 -52.55...
[INFO] [1780094151.589494814] [robot_mission_runner]: Pose: (59.07, 26.20), Elapsed: 4s, ETA: 370s, Dist remaining: 152.17m
[INFO] [1780094153.380913840] [robot_mission_runner]: Navigation result: FAILED
[WARN] [1780094153.387675115] [robot_mission_runner]: Navigating to pick attempt 2 failed.
[INFO] [1780094153.389544228] [robot_mission_runner]: Navigating to pick, attempt 3/3...
[INFO] [1780094153.573942925] [robot_mission_runner]: Navigating to goal: -25.0 -52.55...
[INFO] [1780094158.625506116] [robot_mission_runner]: Pose: (59.73, 18.08), Elapsed: 5s, ETA: 95s, Dist remaining: 143.94m
[INFO] [1780094163.746071073] [robot_mission_runner]: Pose: (59.77, 10.40), Elapsed: 10s, ETA: 91s, Dist remaining: 136.69m
[INFO] [1780094168.908849329] [robot_mission_runner]: Pose: (55.79, 4.50), Elapsed: 15s, ETA: 85s, Dist remaining: 128.39m
[INFO] [1780094173.995251226] [robot_mission_runner]: Navigation result: FAILED
[WARN] [1780094173.995981635] [robot_mission_runner]: Navigating to pick attempt 3 failed.
[WARN] [1780094173.996694028] [robot_mission_runner]: Mission 13 failed after retries, returning to dock for charge cycle.
[INFO] [1780094173.997201171] [robot_mission_runner]: Docking for charge cycle (10s)...
[INFO] [1780094173.997671865] [robot_mission_runner]: Waiting for 'DockRobot' action server
[INFO] [1780094173.998795783] [robot_mission_runner]: Docking at dock ID: home_dock...
[INFO] [1780094199.650789739] [robot_mission_runner]: Waiting for 'UndockRobot' action server
[INFO] [1780094199.651861752] [robot_mission_runner]: Undocking from dock of type: simple_charging_dock...
[INFO] [1780094199.671545958] [robot_mission_runner]: Charge cycle complete, resuming missions.
[INFO] [1780094199.672196014] [robot_mission_runner]: Picking from {'x': 12.95, 'y': -59.6, 'yaw': 0.0}, dropping at {'x': -43.5, 'y': 10.6, 'yaw': 1.5708}...
[INFO] [1780094199.672702420] [robot_mission_runner]: Navigating to pick, attempt 1/3...
[INFO] [1780094199.849768941] [robot_mission_runner]: Navigating to goal: 12.95 -59.6...
[INFO] [1780094199.913482830] [robot_mission_runner]: Navigation result: FAILED
[WARN] [1780094199.918059461] [robot_mission_runner]: Navigating to pick attempt 1 failed.
[INFO] [1780094199.919708217] [robot_mission_runner]: Navigating to pick, attempt 2/3...
[INFO] [1780094200.605011415] [robot_mission_runner]: Navigating to goal: 12.95 -59.6...
[INFO] [1780094205.651139906] [robot_mission_runner]: Pose: (59.36, 27.91), Elapsed: 5s, ETA: 0s, Dist remaining: 123.38m
[INFO] [1780094210.765556275] [robot_mission_runner]: Pose: (59.76, 26.16), Elapsed: 10s, ETA: 123s, Dist remaining: 120.33m
[INFO] [1780094210.953707577] [robot_mission_runner]: Navigation result: FAILED
[WARN] [1780094210.954367008] [robot_mission_runner]: Navigating to pick attempt 2 failed.
[INFO] [1780094210.954841254] [robot_mission_runner]: Navigating to pick, attempt 3/3...
[INFO] [1780094211.404881034] [robot_mission_runner]: Navigating to goal: 12.95 -59.6...
[INFO] [1780094216.451004927] [robot_mission_runner]: Pose: (59.84, 22.09), Elapsed: 5s, ETA: 82s, Dist remaining: 116.82m
[INFO] [1780094221.508988301] [robot_mission_runner]: Pose: (59.77, 14.47), Elapsed: 10s, ETA: 72s, Dist remaining: 108.77m
[INFO] [1780094226.642010787] [robot_mission_runner]: Pose: (58.99, 6.97), Elapsed: 15s, ETA: 66s, Dist remaining: 100.27m
[INFO] [1780094231.055451138] [robot_mission_runner]: Navigation result: FAILED
[WARN] [1780094231.056129417] [robot_mission_runner]: Navigating to pick attempt 3 failed.
[WARN] [1780094231.058163360] [robot_mission_runner]: Mission 14 failed after retries, returning to dock for charge cycle.
[INFO] [1780094231.058733670] [robot_mission_runner]: Docking for charge cycle (10s)...
[INFO] [1780094231.059181803] [robot_mission_runner]: Waiting for 'DockRobot' action server
[INFO] [1780094231.061079105] [robot_mission_runner]: Docking at dock ID: home_dock...
[INFO] [1780094244.965393339] [robot_mission_runner]: Waiting for 'UndockRobot' action server
[INFO] [1780094244.966392773] [robot_mission_runner]: Undocking from dock of type: simple_charging_dock...
[INFO] [1780094244.970499538] [robot_mission_runner]: Charge cycle complete, resuming missions.
[INFO] [1780094244.971104089] [robot_mission_runner]: Picking from {'x': 12.95, 'y': -59.6, 'yaw': 0.0}, dropping at {'x': 52.5, 'y': -27.17, 'yaw': 1.5708}...
[INFO] [1780094244.971636862] [robot_mission_runner]: Navigating to pick, attempt 1/3...
[INFO] [1780094245.022564071] [robot_mission_runner]: Navigating to goal: 12.95 -59.6...
[INFO] [1780094246.580414963] [robot_mission_runner]: Navigation result: FAILED
[WARN] [1780094246.581930116] [robot_mission_runner]: Navigating to pick attempt 1 failed.
[INFO] [1780094246.582928526] [robot_mission_runner]: Navigating to pick, attempt 2/3...
[INFO] [1780094247.089306322] [robot_mission_runner]: Navigating to goal: 12.95 -59.6...
[INFO] [1780094252.189160631] [robot_mission_runner]: Pose: (54.39, -0.21), Elapsed: 5s, ETA: 347s, Dist remaining: 92.60m
[INFO] [1780094252.536235245] [robot_mission_runner]: Navigation result: FAILED
[WARN] [1780094252.536947604] [robot_mission_runner]: Navigating to pick attempt 2 failed.
[INFO] [1780094252.537426681] [robot_mission_runner]: Navigating to pick, attempt 3/3...
[INFO] [1780094253.109436171] [robot_mission_runner]: Navigating to goal: 12.95 -59.6...
[INFO] [1780094254.977869659] [robot_mission_runner]: Navigation result: FAILED
[WARN] [1780094254.978541090] [robot_mission_runner]: Navigating to pick attempt 3 failed.
[WARN] [1780094254.979480556] [robot_mission_runner]: Mission 15 failed after retries, returning to dock for charge cycle.
[INFO] [1780094254.981882565] [robot_mission_runner]: Docking for charge cycle (10s)...
[INFO] [1780094254.982368811] [robot_mission_runner]: Waiting for 'DockRobot' action server
[INFO] [1780094254.983316533] [robot_mission_runner]: Docking at dock ID: home_dock...
[INFO] [1780094286.520196604] [robot_mission_runner]: Waiting for 'UndockRobot' action server
[INFO] [1780094286.521279623] [robot_mission_runner]: Undocking from dock of type: simple_charging_dock...
[INFO] [1780094286.537597799] [robot_mission_runner]: Charge cycle complete, resuming missions.
[INFO] [1780094286.539267992] [robot_mission_runner]: Picking from {'x': -37.05, 'y': -59.6, 'yaw': 0.0}, dropping at {'x': -17.5, 'y': -36.7, 'yaw': -1.5708}...
[INFO] [1780094286.540840103] [robot_mission_runner]: Navigating to pick, attempt 1/3...
[INFO] [1780094286.602908522] [robot_mission_runner]: Navigating to goal: -37.05 -59.6...
[INFO] [1780094291.529347731] [robot_mission_runner]: Navigation result: FAILED
[WARN] [1780094291.537159615] [robot_mission_runner]: Navigating to pick attempt 1 failed.
[INFO] [1780094291.539968026] [robot_mission_runner]: Navigating to pick, attempt 2/3...
[INFO] [1780094291.691028215] [robot_mission_runner]: Navigating to goal: -37.05 -59.6...
[INFO] [1780094293.214185132] [robot_mission_runner]: Navigation result: FAILED
[WARN] [1780094293.214841170] [robot_mission_runner]: Navigating to pick attempt 2 failed.
[INFO] [1780094293.215320471] [robot_mission_runner]: Navigating to pick, attempt 3/3...
[INFO] [1780094293.841694818] [robot_mission_runner]: Navigating to goal: -37.05 -59.6...
[INFO] [1780094299.015080262] [robot_mission_runner]: Pose: (59.26, 29.50), Elapsed: 5s, ETA: 0s, Dist remaining: 0.00m
[INFO] [1780094304.097302758] [robot_mission_runner]: Pose: (60.00, 22.04), Elapsed: 10s, ETA: 0s, Dist remaining: 0.00m
[INFO] [1780094309.233494481] [robot_mission_runner]: Pose: (59.84, 14.34), Elapsed: 15s, ETA: 0s, Dist remaining: 0.00m
[INFO] [1780094314.395188565] [robot_mission_runner]: Pose: (58.91, 6.78), Elapsed: 20s, ETA: 98s, Dist remaining: 147.90m
[INFO] [1780094317.373301335] [robot_mission_runner]: Navigation result: FAILED
[WARN] [1780094317.374907685] [robot_mission_runner]: Navigating to pick attempt 3 failed.
[WARN] [1780094317.377788736] [robot_mission_runner]: Mission 16 failed after retries, returning to dock for charge cycle.
[INFO] [1780094317.384564510] [robot_mission_runner]: Docking for charge cycle (10s)...
[INFO] [1780094317.386040747] [robot_mission_runner]: Waiting for 'DockRobot' action server
[INFO] [1780094317.388104126] [robot_mission_runner]: Docking at dock ID: home_dock...
[INFO] [1780094330.274021489] [robot_mission_runner]: Waiting for 'UndockRobot' action server
[INFO] [1780094330.275190203] [robot_mission_runner]: Undocking from dock of type: simple_charging_dock...
[INFO] [1780094330.288388784] [robot_mission_runner]: Charge cycle complete, resuming missions.
[INFO] [1780094330.291758190] [robot_mission_runner]: Picking from {'x': -41.0, 'y': -52.55, 'yaw': 1.5708}, dropping at {'x': 60.5, 'y': -27.17, 'yaw': 1.5708}...
[INFO] [1780094330.293477533] [robot_mission_runner]: Navigating to pick, attempt 1/3...
[INFO] [1780094330.373704483] [robot_mission_runner]: Navigating to goal: -41.0 -52.55...
[INFO] [1780094332.707606132] [robot_mission_runner]: Navigation result: FAILED
[WARN] [1780094332.717173064] [robot_mission_runner]: Navigating to pick attempt 1 failed.
[INFO] [1780094332.719185338] [robot_mission_runner]: Navigating to pick, attempt 2/3...
[INFO] [1780094332.928329131] [robot_mission_runner]: Navigating to goal: -41.0 -52.55...
[INFO] [1780094337.935447869] [robot_mission_runner]: Pose: (58.85, 10.40), Elapsed: 5s, ETA: 122s, Dist remaining: 151.78m
[INFO] [1780094343.020896987] [robot_mission_runner]: Pose: (55.38, 4.66), Elapsed: 10s, ETA: 96s, Dist remaining: 144.05m
[INFO] [1780094343.132431222] [robot_mission_runner]: Navigation result: FAILED
[WARN] [1780094343.134105893] [robot_mission_runner]: Navigating to pick attempt 2 failed.
[INFO] [1780094343.135089485] [robot_mission_runner]: Navigating to pick, attempt 3/3...
[INFO] [1780094343.777601327] [robot_mission_runner]: Navigating to goal: -41.0 -52.55...
[INFO] [1780094348.889171735] [robot_mission_runner]: Pose: (52.00, 4.42), Elapsed: 5s, ETA: 115s, Dist remaining: 140.45m
[INFO] [1780094353.997315172] [robot_mission_runner]: Pose: (44.41, 4.48), Elapsed: 10s, ETA: 88s, Dist remaining: 133.34m
[INFO] [1780094357.596763940] [robot_mission_runner]: Navigation result: FAILED
[WARN] [1780094357.597497130] [robot_mission_runner]: Navigating to pick attempt 3 failed.
[WARN] [1780094357.598173743] [robot_mission_runner]: Mission 17 failed after retries, returning to dock for charge cycle.
[INFO] [1780094357.598649683] [robot_mission_runner]: Docking for charge cycle (10s)...
[INFO] [1780094357.599099575] [robot_mission_runner]: Waiting for 'DockRobot' action server
[INFO] [1780094357.611839616] [robot_mission_runner]: Docking at dock ID: home_dock...
[INFO] [1780094373.220757076] [robot_mission_runner]: Waiting for 'UndockRobot' action server
[INFO] [1780094373.221884765] [robot_mission_runner]: Undocking from dock of type: simple_charging_dock...
[INFO] [1780094373.235050534] [robot_mission_runner]: Charge cycle complete, resuming missions.
[INFO] [1780094373.244180463] [robot_mission_runner]: Picking from {'x': 50.0, 'y': -50.7, 'yaw': 1.5708}, dropping at {'x': -11.67, 'y': 47.5, 'yaw': 0.0}...
[INFO] [1780094373.246121118] [robot_mission_runner]: Navigating to pick, attempt 1/3...
[INFO] [1780094373.282689473] [robot_mission_runner]: Navigating to goal: 50.0 -50.7...
[INFO] [1780094378.289275829] [robot_mission_runner]: Pose: (51.16, 3.22), Elapsed: 5s, ETA: 70s, Dist remaining: 56.59m
[INFO] [1780094383.393518577] [robot_mission_runner]: Pose: (53.12, -3.08), Elapsed: 10s, ETA: 33s, Dist remaining: 49.86m
[INFO] [1780094384.197152648] [robot_mission_runner]: Navigation result: FAILED
[WARN] [1780094384.198456626] [robot_mission_runner]: Navigating to pick attempt 1 failed.
[INFO] [1780094384.199626875] [robot_mission_runner]: Navigating to pick, attempt 2/3...
[INFO] [1780094384.358497513] [robot_mission_runner]: Navigating to goal: 50.0 -50.7...
[INFO] [1780094389.377495167] [robot_mission_runner]: Pose: (53.16, -12.10), Elapsed: 4s, ETA: 27s, Dist remaining: 40.79m
[INFO] [1780094394.503538329] [robot_mission_runner]: Pose: (53.15, -19.77), Elapsed: 10s, ETA: 21s, Dist remaining: 32.89m
[INFO] [1780094397.314438732] [robot_mission_runner]: Navigation result: FAILED
[WARN] [1780094397.315234962] [robot_mission_runner]: Navigating to pick attempt 2 failed.
[INFO] [1780094397.316200985] [robot_mission_runner]: Navigating to pick, attempt 3/3...
[INFO] [1780094397.381220000] [robot_mission_runner]: Navigating to goal: 50.0 -50.7...
[INFO] [1780094397.461617050] [robot_mission_runner]: Navigation result: FAILED
[WARN] [1780094397.462588226] [robot_mission_runner]: Navigating to pick attempt 3 failed.
[WARN] [1780094397.463438120] [robot_mission_runner]: Mission 18 failed after retries, returning to dock for charge cycle.
[INFO] [1780094397.464726258] [robot_mission_runner]: Docking for charge cycle (10s)...
[INFO] [1780094397.465951835] [robot_mission_runner]: Waiting for 'DockRobot' action server
[INFO] [1780094397.467691816] [robot_mission_runner]: Docking at dock ID: home_dock...
[INFO] [1780094413.128273579] [robot_mission_runner]: Waiting for 'UndockRobot' action server
[INFO] [1780094413.129589941] [robot_mission_runner]: Undocking from dock of type: simple_charging_dock...
[INFO] [1780094413.145938506] [robot_mission_runner]: Charge cycle complete, resuming missions.
[INFO] [1780094413.154356519] [robot_mission_runner]: Picking from {'x': 39.0, 'y': 26.65, 'yaw': -1.5708}, dropping at {'x': -11.5, 'y': 10.6, 'yaw': 1.5708}...
[INFO] [1780094413.157705567] [robot_mission_runner]: Navigating to pick, attempt 1/3...
[INFO] [1780094413.232481881] [robot_mission_runner]: Navigating to goal: 39.0 26.65...
[INFO] [1780094418.406935738] [robot_mission_runner]: Pose: (53.35, -30.70), Elapsed: 5s, ETA: 284s, Dist remaining: 80.01m
[INFO] [1780094423.501148579] [robot_mission_runner]: Pose: (53.65, -30.11), Elapsed: 10s, ETA: 427s, Dist remaining: 78.45m
[INFO] [1780094428.612830513] [robot_mission_runner]: Pose: (53.17, -26.00), Elapsed: 15s, ETA: 50s, Dist remaining: 74.42m
[INFO] [1780094428.816661172] [robot_mission_runner]: Navigation result: FAILED
[WARN] [1780094428.818561089] [robot_mission_runner]: Navigating to pick attempt 1 failed.
[INFO] [1780094428.820054507] [robot_mission_runner]: Navigating to pick, attempt 2/3...
[INFO] [1780094428.942591163] [robot_mission_runner]: Navigating to goal: 39.0 26.65...
[INFO] [1780094431.207184499] [robot_mission_runner]: Navigation result: FAILED
[WARN] [1780094431.215920687] [robot_mission_runner]: Navigating to pick attempt 2 failed.
[INFO] [1780094431.224049063] [robot_mission_runner]: Navigating to pick, attempt 3/3...
[INFO] [1780094431.327321324] [robot_mission_runner]: Navigating to goal: 39.0 26.65...
[INFO] [1780094436.285776740] [robot_mission_runner]: Navigation result: FAILED
[WARN] [1780094436.287033837] [robot_mission_runner]: Navigating to pick attempt 3 failed.
[WARN] [1780094436.288366230] [robot_mission_runner]: Mission 19 failed after retries, returning to dock for charge cycle.
[INFO] [1780094436.289361565] [robot_mission_runner]: Docking for charge cycle (10s)...
[INFO] [1780094436.290271043] [robot_mission_runner]: Waiting for 'DockRobot' action server
[INFO] [1780094436.311276209] [robot_mission_runner]: Docking at dock ID: home_dock...
[INFO] [1780094446.588383454] [robot_mission_runner]: Waiting for 'UndockRobot' action server
[INFO] [1780094446.589464741] [robot_mission_runner]: Undocking from dock of type: simple_charging_dock...
[INFO] [1780094446.614483691] [robot_mission_runner]: Charge cycle complete, resuming missions.
[INFO] [1780094446.615180399] [robot_mission_runner]: Picking from {'x': 50.0, 'y': 48.35, 'yaw': 1.5708}, dropping at {'x': -27.5, 'y': -5.03, 'yaw': 1.5708}...
[INFO] [1780094446.615754227] [robot_mission_runner]: Navigating to pick, attempt 1/3...
[INFO] [1780094446.738469885] [robot_mission_runner]: Navigating to goal: 50.0 48.35...
[INFO] [1780094446.787971012] [robot_mission_runner]: Navigation result: FAILED
[WARN] [1780094446.788624585] [robot_mission_runner]: Navigating to pick attempt 1 failed.
[INFO] [1780094446.789095404] [robot_mission_runner]: Navigating to pick, attempt 2/3...
[INFO] [1780094446.865553605] [robot_mission_runner]: Navigating to goal: 50.0 48.35...
[INFO] [1780094448.769828059] [robot_mission_runner]: Navigation result: FAILED
[WARN] [1780094448.777646287] [robot_mission_runner]: Navigating to pick attempt 2 failed.
[INFO] [1780094448.778993943] [robot_mission_runner]: Navigating to pick, attempt 3/3...
[INFO] [1780094448.877265821] [robot_mission_runner]: Navigating to goal: 50.0 48.35...
[INFO] [1780094453.935019732] [robot_mission_runner]: Pose: (59.77, 9.29), Elapsed: 5s, ETA: 29s, Dist remaining: 44.60m
[INFO] [1780094458.971269840] [robot_mission_runner]: Pose: (59.74, 16.87), Elapsed: 10s, ETA: 24s, Dist remaining: 36.92m
[INFO] [1780094464.148843771] [robot_mission_runner]: Pose: (59.34, 24.58), Elapsed: 15s, ETA: 19s, Dist remaining: 29.45m
[INFO] [1780094466.298124071] [robot_mission_runner]: Navigation result: FAILED
[WARN] [1780094466.299867986] [robot_mission_runner]: Navigating to pick attempt 3 failed.
[WARN] [1780094466.301189882] [robot_mission_runner]: Mission 20 failed after retries, returning to dock for charge cycle.
[INFO] [1780094466.302309185] [robot_mission_runner]: Docking for charge cycle (10s)...
[INFO] [1780094466.303947084] [robot_mission_runner]: Waiting for 'DockRobot' action server
[INFO] [1780094466.307898276] [robot_mission_runner]: Docking at dock ID: home_dock...
[INFO] [1780094478.818535860] [robot_mission_runner]: Waiting for 'UndockRobot' action server
[INFO] [1780094478.819808763] [robot_mission_runner]: Undocking from dock of type: simple_charging_dock...
[INFO] [1780094478.851452571] [robot_mission_runner]: Charge cycle complete, resuming missions.
[INFO] [1780094478.853277958] [robot_mission_runner]: Picking from {'x': -37.05, 'y': -59.6, 'yaw': 0.0}, dropping at {'x': 12.5, 'y': -3.34, 'yaw': 1.5708}...
[INFO] [1780094478.854771312] [robot_mission_runner]: Navigating to pick, attempt 1/3...
[INFO] [1780094478.923923443] [robot_mission_runner]: Navigating to goal: -37.05 -59.6...
[INFO] [1780094484.149130720] [robot_mission_runner]: Pose: (58.07, 30.54), Elapsed: 5s, ETA: 1887s, Dist remaining: 173.26m
[INFO] [1780094489.365242113] [robot_mission_runner]: Pose: (59.31, 27.09), Elapsed: 10s, ETA: 114s, Dist remaining: 168.38m
[INFO] [1780094491.195821748] [robot_mission_runner]: Navigation result: FAILED
[WARN] [1780094491.197320156] [robot_mission_runner]: Navigating to pick attempt 1 failed.
[INFO] [1780094491.198253986] [robot_mission_runner]: Navigating to pick, attempt 2/3...
[INFO] [1780094491.729954992] [robot_mission_runner]: Navigating to goal: -37.05 -59.6...
[INFO] [1780094496.901992036] [robot_mission_runner]: Pose: (59.74, 19.57), Elapsed: 5s, ETA: 107s, Dist remaining: 160.80m
[INFO] [1780094501.102717616] [robot_mission_runner]: Navigation result: FAILED
[WARN] [1780094501.104526586] [robot_mission_runner]: Navigating to pick attempt 2 failed.
[INFO] [1780094501.105546848] [robot_mission_runner]: Navigating to pick, attempt 3/3...
[INFO] [1780094501.285527811] [robot_mission_runner]: Navigating to goal: -37.05 -59.6...
[INFO] [1780094506.302081036] [robot_mission_runner]: Pose: (58.17, 5.99), Elapsed: 4s, ETA: 97s, Dist remaining: 146.78m
[INFO] [1780094511.478209001] [robot_mission_runner]: Pose: (50.81, 4.56), Elapsed: 10s, ETA: 92s, Dist remaining: 138.61m
[INFO] [1780094516.141842617] [robot_mission_runner]: Navigation result: FAILED
[WARN] [1780094516.142749086] [robot_mission_runner]: Navigating to pick attempt 3 failed.
[WARN] [1780094516.143819172] [robot_mission_runner]: Mission 21 failed after retries, returning to dock for charge cycle.
[INFO] [1780094516.146681587] [robot_mission_runner]: Docking for charge cycle (10s)...
[INFO] [1780094516.148455677] [robot_mission_runner]: Waiting for 'DockRobot' action server
[INFO] [1780094516.150460072] [robot_mission_runner]: Docking at dock ID: home_dock...
[INFO] [1780094534.836063869] [robot_mission_runner]: Waiting for 'UndockRobot' action server
[INFO] [1780094534.837059555] [robot_mission_runner]: Undocking from dock of type: simple_charging_dock...
[INFO] [1780094534.841380089] [robot_mission_runner]: Charge cycle complete, resuming missions.
[INFO] [1780094534.842769152] [robot_mission_runner]: Picking from {'x': 50.0, 'y': -50.7, 'yaw': 1.5708}, dropping at {'x': -27.5, 'y': -36.7, 'yaw': 1.5708}...
[INFO] [1780094534.844167976] [robot_mission_runner]: Navigating to pick, attempt 1/3...
[INFO] [1780094534.862225894] [robot_mission_runner]: Navigating to goal: 50.0 -50.7...
[INFO] [1780094536.908421418] [robot_mission_runner]: Navigation result: FAILED
[WARN] [1780094536.909121485] [robot_mission_runner]: Navigating to pick attempt 1 failed.
[INFO] [1780094536.909601680] [robot_mission_runner]: Navigating to pick, attempt 2/3...
[INFO] [1780094537.270051961] [robot_mission_runner]: Navigating to goal: 50.0 -50.7...
[INFO] [1780094539.965880642] [robot_mission_runner]: Navigation result: FAILED
[WARN] [1780094539.966858439] [robot_mission_runner]: Navigating to pick attempt 2 failed.
[INFO] [1780094539.968178126] [robot_mission_runner]: Navigating to pick, attempt 3/3...
[INFO] [1780094540.388159160] [robot_mission_runner]: Navigating to goal: 50.0 -50.7...
[INFO] [1780094545.392985643] [robot_mission_runner]: Pose: (42.62, 4.22), Elapsed: 4s, ETA: 115s, Dist remaining: 58.38m
[INFO] [1780094548.781931055] [robot_mission_runner]: Navigation result: FAILED
[WARN] [1780094548.784763805] [robot_mission_runner]: Navigating to pick attempt 3 failed.
[WARN] [1780094548.786166948] [robot_mission_runner]: Mission 22 failed after retries, returning to dock for charge cycle.
[INFO] [1780094548.787167049] [robot_mission_runner]: Docking for charge cycle (10s)...
[INFO] [1780094548.788160750] [robot_mission_runner]: Waiting for 'DockRobot' action server
[INFO] [1780094548.789689110] [robot_mission_runner]: Docking at dock ID: home_dock...
[INFO] [1780094561.704702693] [robot_mission_runner]: Waiting for 'UndockRobot' action server
[INFO] [1780094561.705737962] [robot_mission_runner]: Undocking from dock of type: simple_charging_dock...
[INFO] [1780094561.717064993] [robot_mission_runner]: Charge cycle complete, resuming missions.
[INFO] [1780094561.718942442] [robot_mission_runner]: Picking from {'x': 44.95, 'y': 42.0, 'yaw': 3.1416}, dropping at {'x': -11.5, 'y': 21.02, 'yaw': 1.5708}...
[INFO] [1780094561.720948692] [robot_mission_runner]: Navigating to pick, attempt 1/3...
[INFO] [1780094561.754672727] [robot_mission_runner]: Navigating to goal: 44.95 42.0...
[INFO] [1780094566.892410351] [robot_mission_runner]: Pose: (46.21, 2.06), Elapsed: 5s, ETA: 77s, Dist remaining: 62.46m
