[INFO] [1780093634.055292845] [vlm_node]: Subscribed to image topic: /camera_front/image
[INFO] [1780093640.302482206] [vlm_node]: Goal received with prompt: Check if there are any small hazards on the ground that would cause harm to the robot if it navigated over it OR the area is blocked by large objects that make it impassable. If so respond only yes. Otherwise, respond no.
[WARN] [1780093642.513792110] [vlm_node]: VLM request failed on attempt 1: Error code: 503 - {'error': {'message': 'Loading model', 'type': 'unavailable_error', 'code': 503}}
[INFO] [1780093642.534307782] [vlm_node]: Goal received with prompt: Is this space too crowded by people or working machinery to move though safely? If so, respond only yes. Otherwise respond no.
[WARN] [1780093643.949130326] [vlm_node]: VLM request failed on attempt 1: Error code: 503 - {'error': {'message': 'Loading model', 'type': 'unavailable_error', 'code': 503}}
[INFO] [1780093643.966229828] [vlm_node]: Goal received with prompt: Are there any people visible in this scene? If so, respond only yes. Otherwise respond no.
[WARN] [1780093645.219123288] [vlm_node]: VLM request failed on attempt 1: Error code: 503 - {'error': {'message': 'Loading model', 'type': 'unavailable_error', 'code': 503}}
[INFO] [1780093645.237300462] [vlm_node]: Goal received with prompt: Check if there are any small hazards on the ground that would cause harm to the robot if it navigated over it OR the area is blocked by large objects that make it impassable. If so respond only yes. Otherwise, respond no.
[WARN] [1780093646.687233071] [vlm_node]: VLM request failed on attempt 1: Error code: 503 - {'error': {'message': 'Loading model', 'type': 'unavailable_error', 'code': 503}}
[INFO] [1780093646.705591083] [vlm_node]: Goal received with prompt: Is this space too crowded by people or working machinery to move though safely? If so, respond only yes. Otherwise respond no.
[WARN] [1780093648.100029511] [vlm_node]: VLM request failed on attempt 1: Error code: 503 - {'error': {'message': 'Loading model', 'type': 'unavailable_error', 'code': 503}}
[INFO] [1780093648.126835183] [vlm_node]: Goal received with prompt: Are there any people visible in this scene? If so, respond only yes. Otherwise respond no.
[WARN] [1780093649.414092872] [vlm_node]: VLM request failed on attempt 1: Error code: 503 - {'error': {'message': 'Loading model', 'type': 'unavailable_error', 'code': 503}}
[INFO] [1780093649.437691215] [vlm_node]: Goal received with prompt: Check if there are any small hazards on the ground that would cause harm to the robot if it navigated over it OR the area is blocked by large objects that make it impassable. If so respond only yes. Otherwise, respond no.
[WARN] [1780093650.924414322] [vlm_node]: VLM request failed on attempt 1: Error code: 503 - {'error': {'message': 'Loading model', 'type': 'unavailable_error', 'code': 503}}
[INFO] [1780093650.947624680] [vlm_node]: Goal received with prompt: Is this space too crowded by people or working machinery to move though safely? If so, respond only yes. Otherwise respond no.
[WARN] [1780093652.139218434] [vlm_node]: VLM request failed on attempt 1: Error code: 503 - {'error': {'message': 'Loading model', 'type': 'unavailable_error', 'code': 503}}
[INFO] [1780093652.158775876] [vlm_node]: Goal received with prompt: Are there any people visible in this scene? If so, respond only yes. Otherwise respond no.
[WARN] [1780093653.457289713] [vlm_node]: VLM request failed on attempt 1: Error code: 503 - {'error': {'message': 'Loading model', 'type': 'unavailable_error', 'code': 503}}
[INFO] [1780093653.477413511] [vlm_node]: Goal received with prompt: Check if there are any small hazards on the ground that would cause harm to the robot if it navigated over it OR the area is blocked by large objects that make it impassable. If so respond only yes. Otherwise, respond no.
[INFO] [1780093660.376300985] [vlm_node]: Goal received with prompt: Check if there are any small hazards on the ground that would cause harm to the robot if it navigated over it OR the area is blocked by large objects that make it impassable. If so respond only yes. Otherwise, respond no.
[INFO] [1780093664.146134508] [vlm_node]: Goal received with prompt: Check if there are any small hazards on the ground that would cause harm to the robot if it navigated over it OR the area is blocked by large objects that make it impassable. If so respond only yes. Otherwise, respond no.
[INFO] [1780093668.592797774] [vlm_node]: Goal received with prompt: Check if there are any small hazards on the ground that would cause harm to the robot if it navigated over it OR the area is blocked by large objects that make it impassable. If so respond only yes. Otherwise, respond no.
[WARN] [1780093684.965470013] [vlm_node]: VLM request failed on attempt 1: Request timed out.
[INFO] [1780093684.976897570] [vlm_node]: Goal received with prompt: Check if there are any small hazards on the ground that would cause harm to the robot if it navigated over it OR the area is blocked by large objects that make it impassable. If so respond only yes. Otherwise, respond no.
[WARN] [1780093751.884887292] [vlm_node]: VLM request failed on attempt 1: Request timed out.
[INFO] [1780093751.891619924] [vlm_node]: Goal received with prompt: Is this space too crowded by people or working machinery to move though safely? If so, respond only yes. Otherwise respond no.
[WARN] [1780093755.476834418] [vlm_node]: VLM request failed on attempt 1: Request timed out.
[INFO] [1780093755.481616362] [vlm_node]: Goal received with prompt: Are there any people visible in this scene? If so, respond only yes. Otherwise respond no.
[WARN] [1780093759.944844089] [vlm_node]: VLM request failed on attempt 1: Request timed out.
[INFO] [1780093759.949872088] [vlm_node]: Goal received with prompt: Is this space too crowded by people or working machinery to move though safely? If so, respond only yes. Otherwise respond no.
[WARN] [1780093776.428789006] [vlm_node]: VLM request failed on attempt 1: Request timed out.
[INFO] [1780093776.433938538] [vlm_node]: Goal received with prompt: Are there any people visible in this scene? If so, respond only yes. Otherwise respond no.
[WARN] [1780093843.244865746] [vlm_node]: VLM request failed on attempt 1: Request timed out.
[INFO] [1780093843.259088778] [vlm_node]: Goal received with prompt: Are there any people visible in this scene? If so, respond only yes. Otherwise respond no.
[WARN] [1780093846.982450613] [vlm_node]: VLM request failed on attempt 1: Request timed out.
[INFO] [1780093846.995192995] [vlm_node]: Goal received with prompt: Are there any people visible in this scene? If so, respond only yes. Otherwise respond no.
[WARN] [1780093851.296825211] [vlm_node]: VLM request failed on attempt 1: Request timed out.
[INFO] [1780093851.302032546] [vlm_node]: Goal received with prompt: Check if there are any small hazards on the ground that would cause harm to the robot if it navigated over it OR the area is blocked by large objects that make it impassable. If so respond only yes. Otherwise, respond no.
[WARN] [1780093867.780010234] [vlm_node]: VLM request failed on attempt 1: Request timed out.
[INFO] [1780093867.800692162] [vlm_node]: Goal received with prompt: Are there any people visible in this scene? If so, respond only yes. Otherwise respond no.
[WARN] [1780093934.668840567] [vlm_node]: VLM request failed on attempt 1: Request timed out.
[INFO] [1780093934.674081289] [vlm_node]: Goal received with prompt: Check if there are any small hazards on the ground that would cause harm to the robot if it navigated over it OR the area is blocked by large objects that make it impassable. If so respond only yes. Otherwise, respond no.
[WARN] [1780093938.548991791] [vlm_node]: VLM request failed on attempt 1: Request timed out.
[INFO] [1780093938.560785389] [vlm_node]: Goal received with prompt: Is this space too crowded by people or working machinery to move though safely? If so, respond only yes. Otherwise respond no.
[WARN] [1780093942.804808620] [vlm_node]: VLM request failed on attempt 1: Request timed out.
[INFO] [1780093942.809507185] [vlm_node]: Goal received with prompt: Are there any people visible in this scene? If so, respond only yes. Otherwise respond no.
[WARN] [1780093959.252837462] [vlm_node]: VLM request failed on attempt 1: Request timed out.
[INFO] [1780093959.257895999] [vlm_node]: Goal received with prompt: Check if there are any small hazards on the ground that would cause harm to the robot if it navigated over it OR the area is blocked by large objects that make it impassable. If so respond only yes. Otherwise, respond no.
[WARN] [1780094026.248980801] [vlm_node]: VLM request failed on attempt 1: Request timed out.
[INFO] [1780094026.254778024] [vlm_node]: Goal received with prompt: Is this space too crowded by people or working machinery to move though safely? If so, respond only yes. Otherwise respond no.
[WARN] [1780094030.032881108] [vlm_node]: VLM request failed on attempt 1: Request timed out.
[INFO] [1780094030.038309076] [vlm_node]: Goal received with prompt: Check if there are any small hazards on the ground that would cause harm to the robot if it navigated over it OR the area is blocked by large objects that make it impassable. If so respond only yes. Otherwise, respond no.
[WARN] [1780094034.273625463] [vlm_node]: VLM request failed on attempt 1: Request timed out.
[INFO] [1780094034.278786898] [vlm_node]: Goal received with prompt: Is this space too crowded by people or working machinery to move though safely? If so, respond only yes. Otherwise respond no.
[WARN] [1780094050.746381290] [vlm_node]: VLM request failed on attempt 1: Request timed out.
[INFO] [1780094050.752017705] [vlm_node]: Goal received with prompt: Are there any people visible in this scene? If so, respond only yes. Otherwise respond no.
[WARN] [1780094117.592987542] [vlm_node]: VLM request failed on attempt 1: Request timed out.
[INFO] [1780094117.598651240] [vlm_node]: Goal received with prompt: Check if there are any small hazards on the ground that would cause harm to the robot if it navigated over it OR the area is blocked by large objects that make it impassable. If so respond only yes. Otherwise, respond no.
[WARN] [1780094121.333002744] [vlm_node]: VLM request failed on attempt 1: Request timed out.
[INFO] [1780094121.341029996] [vlm_node]: Goal received with prompt: Is this space too crowded by people or working machinery to move though safely? If so, respond only yes. Otherwise respond no.
[WARN] [1780094125.821755521] [vlm_node]: VLM request failed on attempt 1: Request timed out.
[INFO] [1780094125.829536112] [vlm_node]: Goal received with prompt: Are there any people visible in this scene? If so, respond only yes. Otherwise respond no.
[WARN] [1780094142.285589276] [vlm_node]: VLM request failed on attempt 1: Request timed out.
[INFO] [1780094142.289910967] [vlm_node]: Goal received with prompt: Is this space too crowded by people or working machinery to move though safely? If so, respond only yes. Otherwise respond no.
[WARN] [1780094209.036915238] [vlm_node]: VLM request failed on attempt 1: Request timed out.
[INFO] [1780094209.042370086] [vlm_node]: Goal received with prompt: Is this space too crowded by people or working machinery to move though safely? If so, respond only yes. Otherwise respond no.
[WARN] [1780094212.944844045] [vlm_node]: VLM request failed on attempt 1: Request timed out.
[INFO] [1780094212.949841384] [vlm_node]: Goal received with prompt: Check if there are any small hazards on the ground that would cause harm to the robot if it navigated over it OR the area is blocked by large objects that make it impassable. If so respond only yes. Otherwise, respond no.
[WARN] [1780094217.336986718] [vlm_node]: VLM request failed on attempt 1: Request timed out.
[INFO] [1780094217.349531791] [vlm_node]: Goal received with prompt: Are there any people visible in this scene? If so, respond only yes. Otherwise respond no.
[WARN] [1780094233.808849438] [vlm_node]: VLM request failed on attempt 1: Request timed out.
[INFO] [1780094233.826593732] [vlm_node]: Goal received with prompt: Check if there are any small hazards on the ground that would cause harm to the robot if it navigated over it OR the area is blocked by large objects that make it impassable. If so respond only yes. Otherwise, respond no.
[WARN] [1780094300.485505473] [vlm_node]: VLM request failed on attempt 1: Request timed out.
[INFO] [1780094300.491998143] [vlm_node]: Goal received with prompt: Are there any people visible in this scene? If so, respond only yes. Otherwise respond no.
[WARN] [1780094304.436870949] [vlm_node]: VLM request failed on attempt 1: Request timed out.
[INFO] [1780094304.449966593] [vlm_node]: Goal received with prompt: Check if there are any small hazards on the ground that would cause harm to the robot if it navigated over it OR the area is blocked by large objects that make it impassable. If so respond only yes. Otherwise, respond no.
[WARN] [1780094308.918387098] [vlm_node]: VLM request failed on attempt 1: Request timed out.
[INFO] [1780094308.924570964] [vlm_node]: Goal received with prompt: Is this space too crowded by people or working machinery to move though safely? If so, respond only yes. Otherwise respond no.
[WARN] [1780094325.288866921] [vlm_node]: VLM request failed on attempt 1: Request timed out.
[INFO] [1780094325.293846742] [vlm_node]: Goal received with prompt: Is this space too crowded by people or working machinery to move though safely? If so, respond only yes. Otherwise respond no.
[WARN] [1780094391.982879695] [vlm_node]: VLM request failed on attempt 1: Request timed out.
[INFO] [1780094391.988029366] [vlm_node]: Goal received with prompt: Are there any people visible in this scene? If so, respond only yes. Otherwise respond no.
[WARN] [1780094395.897046461] [vlm_node]: VLM request failed on attempt 1: Request timed out.
[INFO] [1780094395.913574521] [vlm_node]: Goal received with prompt: Check if there are any small hazards on the ground that would cause harm to the robot if it navigated over it OR the area is blocked by large objects that make it impassable. If so respond only yes. Otherwise, respond no.
[WARN] [1780094400.336976495] [vlm_node]: VLM request failed on attempt 1: Request timed out.
[INFO] [1780094400.341746451] [vlm_node]: Goal received with prompt: Are there any people visible in this scene? If so, respond only yes. Otherwise respond no.
[WARN] [1780094416.793726018] [vlm_node]: VLM request failed on attempt 1: Request timed out.
[INFO] [1780094416.798187266] [vlm_node]: Goal received with prompt: Are there any people visible in this scene? If so, respond only yes. Otherwise respond no.
[WARN] [1780094483.432839007] [vlm_node]: VLM request failed on attempt 1: Request timed out.
[INFO] [1780094483.441151440] [vlm_node]: Goal received with prompt: Check if there are any small hazards on the ground that would cause harm to the robot if it navigated over it OR the area is blocked by large objects that make it impassable. If so respond only yes. Otherwise, respond no.
[WARN] [1780094487.493462982] [vlm_node]: VLM request failed on attempt 1: Request timed out.
[INFO] [1780094487.504493128] [vlm_node]: Goal received with prompt: Are there any people visible in this scene? If so, respond only yes. Otherwise respond no.
[WARN] [1780094491.816987438] [vlm_node]: VLM request failed on attempt 1: Request timed out.
[INFO] [1780094491.825327711] [vlm_node]: Goal received with prompt: Check if there are any small hazards on the ground that would cause harm to the robot if it navigated over it OR the area is blocked by large objects that make it impassable. If so respond only yes. Otherwise, respond no.
[WARN] [1780094508.144820672] [vlm_node]: VLM request failed on attempt 1: Request timed out.
[INFO] [1780094508.151997129] [vlm_node]: Goal received with prompt: Check if there are any small hazards on the ground that would cause harm to the robot if it navigated over it OR the area is blocked by large objects that make it impassable. If so respond only yes. Otherwise, respond no.
[WARN] [1780094568.259014217] [vlm_node]: VLM request failed on attempt 1: Connection error.
[WARN] [1780094568.265249383] [vlm_node]: VLM request failed on attempt 1: Connection error.
[WARN] [1780094568.270620320] [vlm_node]: VLM request failed on attempt 1: Connection error.
[INFO] [1780094568.277285120] [vlm_node]: Goal received with prompt: Is this space too crowded by people or working machinery to move though safely? If so, respond only yes. Otherwise respond no.
[INFO] [1780094568.278835335] [vlm_node]: Goal received with prompt: Are there any people visible in this scene? If so, respond only yes. Otherwise respond no.
[INFO] [1780094568.279524907] [vlm_node]: Goal received with prompt: Check if there are any small hazards on the ground that would cause harm to the robot if it navigated over it OR the area is blocked by large objects that make it impassable. If so respond only yes. Otherwise, respond no.
[WARN] [1780094569.231050563] [vlm_node]: VLM request failed on attempt 1: Connection error.
[INFO] [1780094569.239976045] [vlm_node]: Goal received with prompt: Are there any people visible in this scene? If so, respond only yes. Otherwise respond no.
[WARN] [1780094569.622738045] [vlm_node]: VLM request failed on attempt 1: Connection error.
[INFO] [1780094569.631946473] [vlm_node]: Goal received with prompt: Are there any people visible in this scene? If so, respond only yes. Otherwise respond no.
[WARN] [1780094569.657047391] [vlm_node]: VLM request failed on attempt 1: Connection error.
[INFO] [1780094569.665945833] [vlm_node]: Goal received with prompt: Is this space too crowded by people or working machinery to move though safely? If so, respond only yes. Otherwise respond no.
[WARN] [1780094569.698822277] [vlm_node]: VLM request failed on attempt 1: Connection error.
[INFO] [1780094569.704107358] [vlm_node]: Goal received with prompt: Are there any people visible in this scene? If so, respond only yes. Otherwise respond no.
[WARN] [1780094570.457692159] [vlm_node]: VLM request failed on attempt 1: Connection error.
[INFO] [1780094570.475131761] [vlm_node]: Goal received with prompt: Check if there are any small hazards on the ground that would cause harm to the robot if it navigated over it OR the area is blocked by large objects that make it impassable. If so respond only yes. Otherwise, respond no.
[WARN] [1780094570.968317444] [vlm_node]: VLM request failed on attempt 1: Connection error.
[INFO] [1780094570.971747573] [vlm_node]: Goal received with prompt: Is this space too crowded by people or working machinery to move though safely? If so, respond only yes. Otherwise respond no.
[WARN] [1780094571.004319502] [vlm_node]: VLM request failed on attempt 1: Connection error.
[INFO] [1780094571.015721444] [vlm_node]: Goal received with prompt: Is this space too crowded by people or working machinery to move though safely? If so, respond only yes. Otherwise respond no.
[WARN] [1780094571.165956965] [vlm_node]: VLM request failed on attempt 1: Connection error.
[INFO] [1780094571.171070013] [vlm_node]: Goal received with prompt: Are there any people visible in this scene? If so, respond only yes. Otherwise respond no.
[WARN] [1780094571.738733287] [vlm_node]: VLM request failed on attempt 1: Connection error.
[INFO] [1780094571.745810089] [vlm_node]: Goal received with prompt: Are there any people visible in this scene? If so, respond only yes. Otherwise respond no.
[WARN] [1780094572.238035501] [vlm_node]: VLM request failed on attempt 1: Connection error.
[ERROR] [1780094572.244011401] [vlm_node.action_server]: Error raised in execute callback: Failed to publish feedback with an action server: feedback publisher is invalid, at ./src/rcl_action/action_server.c:1002
[WARN] [1780094572.266811988] [vlm_node.action_server]: Goal state not set, assuming aborted. Goal ID: [213 247 109  75  15 161 161 207 193 127  68 159 201  16  17   4]
[WARN] [1780094572.347575758] [vlm_node]: VLM request failed on attempt 1: Connection error.
[ERROR] [1780094572.349705560] [vlm_node.action_server]: Error raised in execute callback: Failed to publish feedback with an action server: feedback publisher is invalid, at ./src/rcl_action/action_server.c:1002
[WARN] [1780094572.359385414] [vlm_node.action_server]: Goal state not set, assuming aborted. Goal ID: [246 106  37 215 156   4 136  86  70 226 179 113 232 115 164 149]
[WARN] [1780094572.535854144] [vlm_node]: VLM request failed on attempt 1: Connection error.
[ERROR] [1780094572.537657224] [vlm_node.action_server]: Error raised in execute callback: Failed to publish feedback with an action server: feedback publisher is invalid, at ./src/rcl_action/action_server.c:1002
[WARN] [1780094572.545496365] [vlm_node.action_server]: Goal state not set, assuming aborted. Goal ID: [137  46  91 120  68 185  15 182 130 147  99 114 222 235 182 105]
[WARN] [1780094573.053856697] [vlm_node]: VLM request failed on attempt 1: Connection error.
[ERROR] [1780094573.056199428] [vlm_node.action_server]: Error raised in execute callback: Failed to publish feedback with an action server: feedback publisher is invalid, at ./src/rcl_action/action_server.c:1002
[WARN] [1780094573.067867195] [vlm_node.action_server]: Goal state not set, assuming aborted. Goal ID: [230 230 164 248 125   0  13 228 100  31  29  69 194 223 200  91]
