[WARN] [1780100349.788018714] [rcl.logging_rosout]: Publisher already registered for node name: 'robot_mission_runner'. If this is due to multiple nodes with the same name then all logs for the logger named 'robot_mission_runner' will go out over the existing publisher. As soon as any node with that name is destructed it will unregister the publisher, preventing any further logs for that name from being published on the rosout topic.
[INFO] [1780100349.993507664] [robot_mission_runner]: Sending initial pose...
[INFO] [1780100349.993811998] [robot_mission_runner]: Publishing Initial Pose
[INFO] [1780100352.994313731] [robot_mission_runner]: Waiting for Nav2 to become active...
[INFO] [1780100354.998179973] [robot_mission_runner]: Nav2 is ready for use!
[INFO] [1780100354.998398029] [robot_mission_runner]: Nav2 up, picking benchmark node started!
[INFO] [1780100355.007789744] [robot_mission_runner]: Waiting for 'UndockRobot' action server
[INFO] [1780100355.008077919] [robot_mission_runner]: Undocking from dock of type: simple_charging_dock...
[INFO] [1780100355.009041500] [robot_mission_runner]: Backing up 0.5 m at 0.4 m/s....
[INFO] [1780100356.510452894] [robot_mission_runner]: Picking from {'x': -8.0, 'y': -52.55, 'yaw': 1.5708}, dropping at {'x': -35.5, 'y': -36.7, 'yaw': 1.5708}...
[INFO] [1780100356.510609301] [robot_mission_runner]: Navigating to pick, attempt 1/3...
[INFO] [1780100356.519936438] [robot_mission_runner]: Navigating to goal: -8.0 -52.55...
[INFO] [1780100361.630244269] [robot_mission_runner]: Pose: (61.83, 35.48), Elapsed: 5s, ETA: 250s, Dist remaining: 146.31m
[INFO] [1780100366.639974023] [robot_mission_runner]: Pose: (59.72, 29.28), Elapsed: 10s, ETA: 92s, Dist remaining: 139.14m
[INFO] [1780100371.651384332] [robot_mission_runner]: Pose: (60.09, 21.79), Elapsed: 15s, ETA: 87s, Dist remaining: 131.88m
[INFO] [1780100376.663373400] [robot_mission_runner]: Pose: (60.08, 14.27), Elapsed: 20s, ETA: 82s, Dist remaining: 123.68m
[INFO] [1780100381.675050381] [robot_mission_runner]: Pose: (58.78, 6.99), Elapsed: 25s, ETA: 77s, Dist remaining: 116.31m
[INFO] [1780100386.686682691] [robot_mission_runner]: Pose: (52.25, 4.31), Elapsed: 30s, ETA: 72s, Dist remaining: 108.88m
[INFO] [1780100391.697132788] [robot_mission_runner]: Pose: (44.76, 4.34), Elapsed: 35s, ETA: 67s, Dist remaining: 101.63m
[INFO] [1780100396.708317146] [robot_mission_runner]: Pose: (37.27, 4.46), Elapsed: 40s, ETA: 62s, Dist remaining: 93.86m
[INFO] [1780100401.719232061] [robot_mission_runner]: Pose: (29.76, 4.44), Elapsed: 45s, ETA: 57s, Dist remaining: 86.31m
[INFO] [1780100406.731562270] [robot_mission_runner]: Pose: (22.23, 4.34), Elapsed: 50s, ETA: 52s, Dist remaining: 78.92m
[INFO] [1780100411.743594852] [robot_mission_runner]: Pose: (14.71, 4.34), Elapsed: 55s, ETA: 47s, Dist remaining: 71.34m
[INFO] [1780100416.756209753] [robot_mission_runner]: Pose: (7.27, 3.84), Elapsed: 60s, ETA: 42s, Dist remaining: 63.64m
[INFO] [1780100421.767351899] [robot_mission_runner]: Pose: (2.42, -1.79), Elapsed: 65s, ETA: 37s, Dist remaining: 55.78m
[INFO] [1780100426.780382383] [robot_mission_runner]: Pose: (-1.25, -8.28), Elapsed: 70s, ETA: 32s, Dist remaining: 48.24m
[INFO] [1780100431.791339912] [robot_mission_runner]: Pose: (-1.22, -15.80), Elapsed: 75s, ETA: 27s, Dist remaining: 40.82m
[INFO] [1780100436.803277874] [robot_mission_runner]: Pose: (-1.21, -23.33), Elapsed: 80s, ETA: 22s, Dist remaining: 33.40m
[INFO] [1780100441.815099198] [robot_mission_runner]: Pose: (-1.23, -30.84), Elapsed: 85s, ETA: 17s, Dist remaining: 25.98m
[INFO] [1780100446.826778585] [robot_mission_runner]: Pose: (-1.20, -38.36), Elapsed: 90s, ETA: 12s, Dist remaining: 18.03m
[INFO] [1780100451.838606874] [robot_mission_runner]: Pose: (-1.24, -45.87), Elapsed: 95s, ETA: 7s, Dist remaining: 10.92m
[INFO] [1780100456.849776965] [robot_mission_runner]: Pose: (-5.59, -51.32), Elapsed: 100s, ETA: 2s, Dist remaining: 3.47m
[INFO] [1780100461.861410777] [robot_mission_runner]: Pose: (-7.99, -52.28), Elapsed: 105s, ETA: 7s, Dist remaining: 0.73m
[INFO] [1780100462.566098388] [robot_mission_runner]: Navigation result: SUCCEEDED
[INFO] [1780100472.566839659] [robot_mission_runner]: Navigating to drop, attempt 1/3...
[INFO] [1780100472.580841060] [robot_mission_runner]: Navigating to goal: -35.5 -36.7...
[INFO] [1780100477.694980098] [robot_mission_runner]: Pose: (-11.30, -50.55), Elapsed: 5s, ETA: 23s, Dist remaining: 34.89m
[INFO] [1780100482.710202389] [robot_mission_runner]: Pose: (-18.82, -50.50), Elapsed: 10s, ETA: 18s, Dist remaining: 27.75m
[INFO] [1780100487.728307495] [robot_mission_runner]: Pose: (-26.35, -50.57), Elapsed: 15s, ETA: 13s, Dist remaining: 20.00m
[INFO] [1780100492.744268876] [robot_mission_runner]: Pose: (-33.16, -48.48), Elapsed: 20s, ETA: 8s, Dist remaining: 12.40m
[INFO] [1780100497.763029140] [robot_mission_runner]: Pose: (-34.46, -41.29), Elapsed: 25s, ETA: 3s, Dist remaining: 4.87m
[INFO] [1780100502.275068995] [robot_mission_runner]: Navigation result: SUCCEEDED
[INFO] [1780100512.276147469] [robot_mission_runner]: Mission 1 completed.
[INFO] [1780100512.276791345] [robot_mission_runner]: Picking from {'x': 39.0, 'y': 26.65, 'yaw': -1.5708}, dropping at {'x': -17.5, 'y': 0.18, 'yaw': -1.5708}...
[INFO] [1780100512.277284894] [robot_mission_runner]: Navigating to pick, attempt 1/3...
[INFO] [1780100512.301578194] [robot_mission_runner]: Navigating to goal: 39.0 26.65...
[INFO] [1780100517.417145070] [robot_mission_runner]: Pose: (-34.60, -37.69), Elapsed: 5s, ETA: 597s, Dist remaining: 155.84m
[INFO] [1780100522.432043611] [robot_mission_runner]: Pose: (-34.60, -39.25), Elapsed: 10s, ETA: 134s, Dist remaining: 153.66m
[INFO] [1780100527.448446559] [robot_mission_runner]: Pose: (-34.28, -46.60), Elapsed: 15s, ETA: 97s, Dist remaining: 146.41m
[INFO] [1780100532.463092218] [robot_mission_runner]: Pose: (-28.39, -50.49), Elapsed: 20s, ETA: 92s, Dist remaining: 138.98m
[INFO] [1780100537.476464382] [robot_mission_runner]: Pose: (-20.86, -50.46), Elapsed: 25s, ETA: 87s, Dist remaining: 131.56m
[INFO] [1780100542.488323128] [robot_mission_runner]: Pose: (-13.35, -50.48), Elapsed: 30s, ETA: 82s, Dist remaining: 123.93m
[INFO] [1780100547.503852344] [robot_mission_runner]: Pose: (-5.82, -50.38), Elapsed: 35s, ETA: 77s, Dist remaining: 116.49m
[INFO] [1780100552.518885565] [robot_mission_runner]: Pose: (-0.47, -45.33), Elapsed: 40s, ETA: 72s, Dist remaining: 108.82m
[INFO] [1780100557.531277952] [robot_mission_runner]: Pose: (0.64, -38.09), Elapsed: 45s, ETA: 67s, Dist remaining: 101.35m
[INFO] [1780100562.543270708] [robot_mission_runner]: Pose: (0.61, -30.57), Elapsed: 50s, ETA: 62s, Dist remaining: 93.94m
[INFO] [1780100567.554343447] [robot_mission_runner]: Pose: (0.66, -23.04), Elapsed: 55s, ETA: 57s, Dist remaining: 86.29m
[INFO] [1780100572.564809805] [robot_mission_runner]: Pose: (0.69, -15.53), Elapsed: 60s, ETA: 52s, Dist remaining: 78.75m
[INFO] [1780100577.577423222] [robot_mission_runner]: Pose: (0.64, -8.01), Elapsed: 65s, ETA: 47s, Dist remaining: 71.31m
[INFO] [1780100582.589116491] [robot_mission_runner]: Pose: (0.63, -0.50), Elapsed: 70s, ETA: 42s, Dist remaining: 63.82m
[INFO] [1780100587.599689687] [robot_mission_runner]: Pose: (0.65, 7.02), Elapsed: 75s, ETA: 37s, Dist remaining: 56.12m
[INFO] [1780100592.611394434] [robot_mission_runner]: Pose: (0.62, 14.53), Elapsed: 80s, ETA: 32s, Dist remaining: 48.50m
[INFO] [1780100597.623730793] [robot_mission_runner]: Pose: (0.90, 22.02), Elapsed: 85s, ETA: 27s, Dist remaining: 40.91m
[INFO] [1780100602.635849958] [robot_mission_runner]: Pose: (6.43, 26.38), Elapsed: 90s, ETA: 22s, Dist remaining: 33.33m
[INFO] [1780100607.648077163] [robot_mission_runner]: Pose: (13.95, 26.38), Elapsed: 95s, ETA: 17s, Dist remaining: 26.21m
[INFO] [1780100612.661936956] [robot_mission_runner]: Pose: (21.46, 26.36), Elapsed: 100s, ETA: 12s, Dist remaining: 18.58m
[INFO] [1780100617.674558284] [robot_mission_runner]: Pose: (28.99, 26.32), Elapsed: 105s, ETA: 7s, Dist remaining: 11.17m
[INFO] [1780100622.687175442] [robot_mission_runner]: Pose: (36.32, 25.66), Elapsed: 110s, ETA: 2s, Dist remaining: 3.39m
[INFO] [1780100627.699070919] [robot_mission_runner]: Pose: (38.91, 26.23), Elapsed: 115s, ETA: 7s, Dist remaining: 1.40m
[INFO] [1780100629.809144525] [robot_mission_runner]: Navigation result: SUCCEEDED
[INFO] [1780100639.809707565] [robot_mission_runner]: Navigating to drop, attempt 1/3...
[INFO] [1780100639.820906826] [robot_mission_runner]: Navigating to goal: -17.5 0.18...
[INFO] [1780100644.931684105] [robot_mission_runner]: Pose: (35.15, 25.70), Elapsed: 5s, ETA: 53s, Dist remaining: 80.79m
[INFO] [1780100649.941998091] [robot_mission_runner]: Pose: (27.69, 26.37), Elapsed: 10s, ETA: 48s, Dist remaining: 73.35m
[INFO] [1780100654.955809481] [robot_mission_runner]: Pose: (20.16, 26.37), Elapsed: 15s, ETA: 43s, Dist remaining: 65.89m
[INFO] [1780100659.969213956] [robot_mission_runner]: Pose: (12.64, 26.34), Elapsed: 20s, ETA: 38s, Dist remaining: 58.49m
[INFO] [1780100664.981336059] [robot_mission_runner]: Pose: (5.14, 26.54), Elapsed: 25s, ETA: 33s, Dist remaining: 50.81m
[INFO] [1780100669.993558662] [robot_mission_runner]: Pose: (-2.34, 27.20), Elapsed: 30s, ETA: 28s, Dist remaining: 43.06m
[INFO] [1780100675.004432889] [robot_mission_runner]: Pose: (-9.80, 27.50), Elapsed: 35s, ETA: 23s, Dist remaining: 35.46m
[INFO] [1780100680.016692839] [robot_mission_runner]: Pose: (-17.12, 27.11), Elapsed: 40s, ETA: 18s, Dist remaining: 28.11m
[INFO] [1780100685.028460708] [robot_mission_runner]: Pose: (-18.43, 19.98), Elapsed: 45s, ETA: 13s, Dist remaining: 20.34m
[INFO] [1780100690.041453508] [robot_mission_runner]: Pose: (-19.17, 12.73), Elapsed: 50s, ETA: 8s, Dist remaining: 12.88m
[INFO] [1780100695.056553779] [robot_mission_runner]: Pose: (-18.36, 5.35), Elapsed: 55s, ETA: 3s, Dist remaining: 5.34m
[INFO] [1780100699.635044393] [robot_mission_runner]: Navigation result: SUCCEEDED
[INFO] [1780100709.635665136] [robot_mission_runner]: Mission 2 completed.
[INFO] [1780100709.635991028] [robot_mission_runner]: Picking from {'x': 50.0, 'y': -50.7, 'yaw': 1.5708}, dropping at {'x': -11.5, 'y': -27.17, 'yaw': 1.5708}...
[INFO] [1780100709.636199953] [robot_mission_runner]: Navigating to pick, attempt 1/3...
[INFO] [1780100709.646728663] [robot_mission_runner]: Navigating to goal: 50.0 -50.7...
[INFO] [1780100714.758565237] [robot_mission_runner]: Pose: (-18.44, -3.35), Elapsed: 5s, ETA: 76s, Dist remaining: 114.52m
[INFO] [1780100719.771621898] [robot_mission_runner]: Pose: (-18.43, -10.86), Elapsed: 10s, ETA: 71s, Dist remaining: 107.10m
[INFO] [1780100724.782500443] [robot_mission_runner]: Pose: (-18.44, -18.38), Elapsed: 15s, ETA: 66s, Dist remaining: 99.27m
[INFO] [1780100729.793507881] [robot_mission_runner]: Pose: (-19.06, -25.60), Elapsed: 20s, ETA: 61s, Dist remaining: 92.03m
[INFO] [1780100734.803800763] [robot_mission_runner]: Pose: (-18.47, -33.03), Elapsed: 25s, ETA: 56s, Dist remaining: 84.31m
[INFO] [1780100739.817393225] [robot_mission_runner]: Pose: (-19.63, -40.37), Elapsed: 30s, ETA: 51s, Dist remaining: 76.76m
[INFO] [1780100744.829628881] [robot_mission_runner]: Pose: (-17.69, -47.61), Elapsed: 35s, ETA: 46s, Dist remaining: 69.19m
[INFO] [1780100749.841042518] [robot_mission_runner]: Pose: (-11.21, -50.48), Elapsed: 40s, ETA: 41s, Dist remaining: 61.81m
[INFO] [1780100754.852722684] [robot_mission_runner]: Pose: (-3.69, -50.46), Elapsed: 45s, ETA: 36s, Dist remaining: 54.34m
[INFO] [1780100759.864470235] [robot_mission_runner]: Pose: (3.82, -50.46), Elapsed: 50s, ETA: 31s, Dist remaining: 46.77m
[INFO] [1780100764.875733995] [robot_mission_runner]: Pose: (11.33, -50.52), Elapsed: 55s, ETA: 26s, Dist remaining: 39.28m
[INFO] [1780100769.886923937] [robot_mission_runner]: Pose: (18.85, -50.53), Elapsed: 60s, ETA: 21s, Dist remaining: 31.78m
[INFO] [1780100774.898713446] [robot_mission_runner]: Pose: (26.37, -50.52), Elapsed: 65s, ETA: 16s, Dist remaining: 24.24m
[INFO] [1780100779.910837361] [robot_mission_runner]: Pose: (33.89, -50.55), Elapsed: 70s, ETA: 11s, Dist remaining: 16.77m
[INFO] [1780100784.921686641] [robot_mission_runner]: Pose: (41.35, -49.94), Elapsed: 75s, ETA: 6s, Dist remaining: 9.40m
[INFO] [1780100789.932666906] [robot_mission_runner]: Pose: (48.30, -50.48), Elapsed: 80s, ETA: 2s, Dist remaining: 2.31m
[INFO] [1780100794.447013818] [robot_mission_runner]: Navigation result: SUCCEEDED
[INFO] [1780100804.447597961] [robot_mission_runner]: Navigating to drop, attempt 1/3...
[INFO] [1780100804.458725939] [robot_mission_runner]: Navigating to goal: -11.5 -27.17...
[INFO] [1780100809.569406875] [robot_mission_runner]: Pose: (48.02, -49.90), Elapsed: 5s, ETA: 63s, Dist remaining: 79.50m
[INFO] [1780100814.579188322] [robot_mission_runner]: Pose: (40.56, -50.08), Elapsed: 10s, ETA: 48s, Dist remaining: 72.57m
[INFO] [1780100819.589961610] [robot_mission_runner]: Pose: (33.08, -50.56), Elapsed: 15s, ETA: 43s, Dist remaining: 64.72m
[INFO] [1780100824.601905798] [robot_mission_runner]: Pose: (25.55, -50.57), Elapsed: 20s, ETA: 37s, Dist remaining: 56.92m
[INFO] [1780100829.612953708] [robot_mission_runner]: Pose: (18.04, -50.57), Elapsed: 25s, ETA: 33s, Dist remaining: 49.93m
[INFO] [1780100834.625467143] [robot_mission_runner]: Pose: (10.53, -50.49), Elapsed: 30s, ETA: 28s, Dist remaining: 42.05m
[INFO] [1780100839.636805010] [robot_mission_runner]: Pose: (3.01, -50.49), Elapsed: 35s, ETA: 23s, Dist remaining: 35.18m
[INFO] [1780100844.650864794] [robot_mission_runner]: Pose: (-4.52, -50.48), Elapsed: 40s, ETA: 18s, Dist remaining: 27.40m
[INFO] [1780100849.664301649] [robot_mission_runner]: Pose: (-10.25, -46.34), Elapsed: 45s, ETA: 13s, Dist remaining: 19.62m
[INFO] [1780100854.675666573] [robot_mission_runner]: Pose: (-10.46, -38.85), Elapsed: 50s, ETA: 7s, Dist remaining: 11.95m
[INFO] [1780100859.685966342] [robot_mission_runner]: Pose: (-10.43, -31.33), Elapsed: 55s, ETA: 2s, Dist remaining: 4.40m
[INFO] [1780100864.000049363] [robot_mission_runner]: Navigation result: SUCCEEDED
[INFO] [1780100874.000879142] [robot_mission_runner]: Mission 3 completed.
[INFO] [1780100874.001365740] [robot_mission_runner]: Picking from {'x': 38.1, 'y': -60.0, 'yaw': 3.1416}, dropping at {'x': -33.5, 'y': -22.4, 'yaw': -1.5708}...
[INFO] [1780100874.001626473] [robot_mission_runner]: Navigating to pick, attempt 1/3...
[INFO] [1780100874.018893214] [robot_mission_runner]: Navigating to goal: 38.1 -60.0...
[INFO] [1780100879.134868893] [robot_mission_runner]: Pose: (-11.41, -27.80), Elapsed: 5s, ETA: 410s, Dist remaining: 73.90m
[INFO] [1780100884.150938762] [robot_mission_runner]: Pose: (-10.39, -28.20), Elapsed: 10s, ETA: 135s, Dist remaining: 72.68m
[INFO] [1780100889.167104685] [robot_mission_runner]: Pose: (-10.41, -34.86), Elapsed: 15s, ETA: 43s, Dist remaining: 65.67m
[INFO] [1780100894.179709926] [robot_mission_runner]: Pose: (-10.44, -42.38), Elapsed: 20s, ETA: 38s, Dist remaining: 57.86m
[INFO] [1780100899.191303982] [robot_mission_runner]: Pose: (-8.40, -49.22), Elapsed: 25s, ETA: 33s, Dist remaining: 50.46m
[INFO] [1780100904.203348169] [robot_mission_runner]: Pose: (-1.41, -51.04), Elapsed: 30s, ETA: 29s, Dist remaining: 43.76m
[INFO] [1780100909.215057827] [robot_mission_runner]: Pose: (6.10, -51.05), Elapsed: 35s, ETA: 24s, Dist remaining: 36.14m
[INFO] [1780100914.227190859] [robot_mission_runner]: Pose: (13.62, -51.00), Elapsed: 40s, ETA: 19s, Dist remaining: 28.75m
[INFO] [1780100919.240153445] [robot_mission_runner]: Pose: (19.67, -55.15), Elapsed: 45s, ETA: 13s, Dist remaining: 20.20m
[INFO] [1780100924.251246065] [robot_mission_runner]: Pose: (26.25, -58.54), Elapsed: 50s, ETA: 8s, Dist remaining: 12.94m
[INFO] [1780100929.262803471] [robot_mission_runner]: Pose: (33.66, -59.35), Elapsed: 55s, ETA: 3s, Dist remaining: 5.36m
[INFO] [1780100934.276162042] [robot_mission_runner]: Pose: (37.50, -60.27), Elapsed: 60s, ETA: 1s, Dist remaining: 0.66m
[INFO] [1780100939.287449405] [robot_mission_runner]: Pose: (37.67, -60.58), Elapsed: 65s, ETA: 50s, Dist remaining: 1.45m
[INFO] [1780100944.298306861] [robot_mission_runner]: Pose: (37.69, -60.61), Elapsed: 70s, ETA: 139s, Dist remaining: 1.57m
[INFO] [1780100949.309783685] [robot_mission_runner]: Pose: (37.69, -60.61), Elapsed: 75s, ETA: 0s, Dist remaining: 1.54m
[INFO] [1780100954.322323666] [robot_mission_runner]: Pose: (37.71, -60.64), Elapsed: 80s, ETA: 81s, Dist remaining: 1.46m
[INFO] [1780100959.335526986] [robot_mission_runner]: Pose: (37.71, -60.64), Elapsed: 85s, ETA: 127s, Dist remaining: 1.47m
[INFO] [1780100964.350459109] [robot_mission_runner]: Pose: (37.71, -60.65), Elapsed: 90s, ETA: 126s, Dist remaining: 1.53m
[INFO] [1780100969.361690874] [robot_mission_runner]: Pose: (37.72, -60.66), Elapsed: 95s, ETA: 0s, Dist remaining: 1.60m
[INFO] [1780100974.373336887] [robot_mission_runner]: Pose: (37.70, -60.63), Elapsed: 100s, ETA: 0s, Dist remaining: 1.44m
[INFO] [1780100979.385178676] [robot_mission_runner]: Pose: (38.03, -59.96), Elapsed: 105s, ETA: 4s, Dist remaining: 1.15m
[INFO] [1780100981.498299493] [robot_mission_runner]: Navigation result: SUCCEEDED
[INFO] [1780100991.499131960] [robot_mission_runner]: Navigating to drop, attempt 1/3...
[INFO] [1780100991.520072587] [robot_mission_runner]: Navigating to goal: -33.5 -22.4...
[INFO] [1780100996.633871996] [robot_mission_runner]: Pose: (33.80, -58.26), Elapsed: 5s, ETA: 65s, Dist remaining: 97.79m
[INFO] [1780101001.648539896] [robot_mission_runner]: Pose: (27.39, -54.39), Elapsed: 10s, ETA: 59s, Dist remaining: 89.68m
[INFO] [1780101006.665403276] [robot_mission_runner]: Pose: (20.98, -50.54), Elapsed: 15s, ETA: 54s, Dist remaining: 81.68m
[INFO] [1780101011.683195100] [robot_mission_runner]: Pose: (13.46, -50.49), Elapsed: 20s, ETA: 49s, Dist remaining: 74.59m
[INFO] [1780101016.700698020] [robot_mission_runner]: Pose: (5.95, -50.39), Elapsed: 25s, ETA: 44s, Dist remaining: 67.06m
[INFO] [1780101021.714196212] [robot_mission_runner]: Pose: (-1.57, -50.29), Elapsed: 30s, ETA: 39s, Dist remaining: 59.70m
[INFO] [1780101026.725512831] [robot_mission_runner]: Pose: (-9.09, -50.28), Elapsed: 35s, ETA: 34s, Dist remaining: 51.94m
[INFO] [1780101031.742593364] [robot_mission_runner]: Pose: (-16.60, -50.28), Elapsed: 40s, ETA: 29s, Dist remaining: 44.57m
[INFO] [1780101036.759049146] [robot_mission_runner]: Pose: (-24.12, -50.29), Elapsed: 45s, ETA: 24s, Dist remaining: 37.13m
[INFO] [1780101041.775794115] [robot_mission_runner]: Pose: (-31.50, -49.58), Elapsed: 50s, ETA: 20s, Dist remaining: 30.99m
[INFO] [1780101046.787972926] [robot_mission_runner]: Pose: (-34.38, -43.12), Elapsed: 55s, ETA: 14s, Dist remaining: 21.71m
[INFO] [1780101051.798941094] [robot_mission_runner]: Pose: (-34.37, -35.62), Elapsed: 60s, ETA: 9s, Dist remaining: 14.19m
[INFO] [1780101056.808976604] [robot_mission_runner]: Pose: (-34.38, -28.08), Elapsed: 65s, ETA: 4s, Dist remaining: 6.68m
[INFO] [1780101061.820758037] [robot_mission_runner]: Pose: (-33.55, -23.10), Elapsed: 70s, ETA: 3s, Dist remaining: 1.68m
[INFO] [1780101066.832348064] [robot_mission_runner]: Pose: (-33.12, -22.93), Elapsed: 75s, ETA: 23s, Dist remaining: 0.99m
[INFO] [1780101071.843772446] [robot_mission_runner]: Pose: (-33.17, -22.92), Elapsed: 80s, ETA: 45s, Dist remaining: 1.19m
[INFO] [1780101076.855527930] [robot_mission_runner]: Pose: (-33.01, -22.87), Elapsed: 85s, ETA: 49s, Dist remaining: 1.44m
[INFO] [1780101081.869562327] [robot_mission_runner]: Pose: (-32.88, -22.80), Elapsed: 90s, ETA: 44s, Dist remaining: 1.48m
[INFO] [1780101086.883470801] [robot_mission_runner]: Pose: (-32.92, -22.81), Elapsed: 95s, ETA: 0s, Dist remaining: 1.52m
[INFO] [1780101091.897277171] [robot_mission_runner]: Pose: (-32.84, -22.77), Elapsed: 100s, ETA: 34s, Dist remaining: 1.53m
[INFO] [1780101096.909584165] [robot_mission_runner]: Pose: (-33.57, -22.46), Elapsed: 105s, ETA: 5s, Dist remaining: 0.97m
[INFO] [1780101098.617777991] [robot_mission_runner]: Navigation result: SUCCEEDED
[INFO] [1780101108.618884835] [robot_mission_runner]: Mission 4 completed.
[INFO] [1780101108.619465009] [robot_mission_runner]: Picking from {'x': 9.0, 'y': -52.55, 'yaw': 1.5708}, dropping at {'x': -41.5, 'y': -8.1, 'yaw': -1.5708}...
[INFO] [1780101108.619718363] [robot_mission_runner]: Navigating to pick, attempt 1/3...
[INFO] [1780101108.643229763] [robot_mission_runner]: Navigating to goal: 9.0 -52.55...
[INFO] [1780101113.755746813] [robot_mission_runner]: Pose: (-34.37, -27.14), Elapsed: 5s, ETA: 43s, Dist remaining: 65.44m
[INFO] [1780101118.771377957] [robot_mission_runner]: Pose: (-34.35, -34.65), Elapsed: 10s, ETA: 38s, Dist remaining: 57.94m
[INFO] [1780101123.783503381] [robot_mission_runner]: Pose: (-34.41, -42.16), Elapsed: 15s, ETA: 33s, Dist remaining: 50.31m
[INFO] [1780101128.794358040] [robot_mission_runner]: Pose: (-32.36, -49.04), Elapsed: 20s, ETA: 28s, Dist remaining: 42.67m
[INFO] [1780101133.804930217] [robot_mission_runner]: Pose: (-25.30, -50.63), Elapsed: 25s, ETA: 23s, Dist remaining: 35.09m
[INFO] [1780101138.815772470] [robot_mission_runner]: Pose: (-17.80, -51.07), Elapsed: 30s, ETA: 18s, Dist remaining: 27.41m
[INFO] [1780101143.827534832] [robot_mission_runner]: Pose: (-10.29, -51.05), Elapsed: 35s, ETA: 13s, Dist remaining: 20.04m
[INFO] [1780101148.838956237] [robot_mission_runner]: Pose: (-2.77, -51.09), Elapsed: 40s, ETA: 8s, Dist remaining: 12.59m
[INFO] [1780101153.850168805] [robot_mission_runner]: Pose: (4.70, -51.55), Elapsed: 45s, ETA: 3s, Dist remaining: 5.08m
[INFO] [1780101158.863781443] [robot_mission_runner]: Pose: (8.63, -52.53), Elapsed: 50s, ETA: 2s, Dist remaining: 0.97m
[INFO] [1780101160.770683695] [robot_mission_runner]: Navigation result: SUCCEEDED
[INFO] [1780101170.771191399] [robot_mission_runner]: Navigating to drop, attempt 1/3...
[INFO] [1780101170.782750296] [robot_mission_runner]: Navigating to goal: -41.5 -8.1...
[INFO] [1780101175.893096124] [robot_mission_runner]: Pose: (5.73, -50.29), Elapsed: 5s, ETA: 59s, Dist remaining: 89.22m
[INFO] [1780101180.907987098] [robot_mission_runner]: Pose: (-1.80, -50.22), Elapsed: 10s, ETA: 54s, Dist remaining: 81.75m
[INFO] [1780101185.922620380] [robot_mission_runner]: Pose: (-9.31, -50.28), Elapsed: 15s, ETA: 49s, Dist remaining: 74.21m
[INFO] [1780101190.937750869] [robot_mission_runner]: Pose: (-16.84, -50.28), Elapsed: 20s, ETA: 44s, Dist remaining: 66.47m
[INFO] [1780101195.953327008] [robot_mission_runner]: Pose: (-24.35, -50.30), Elapsed: 25s, ETA: 39s, Dist remaining: 59.06m
[INFO] [1780101200.968625006] [robot_mission_runner]: Pose: (-31.88, -50.38), Elapsed: 30s, ETA: 34s, Dist remaining: 51.70m
[INFO] [1780101205.979587532] [robot_mission_runner]: Pose: (-39.32, -49.88), Elapsed: 35s, ETA: 29s, Dist remaining: 44.01m
[INFO] [1780101210.990578612] [robot_mission_runner]: Pose: (-42.44, -43.50), Elapsed: 40s, ETA: 24s, Dist remaining: 36.50m
[INFO] [1780101216.001841099] [robot_mission_runner]: Pose: (-42.37, -35.99), Elapsed: 45s, ETA: 19s, Dist remaining: 28.94m
[INFO] [1780101221.012571535] [robot_mission_runner]: Pose: (-42.38, -28.49), Elapsed: 50s, ETA: 14s, Dist remaining: 21.29m
[INFO] [1780101226.023672967] [robot_mission_runner]: Pose: (-42.29, -20.96), Elapsed: 55s, ETA: 9s, Dist remaining: 13.88m
[INFO] [1780101231.035132077] [robot_mission_runner]: Pose: (-42.28, -13.43), Elapsed: 60s, ETA: 4s, Dist remaining: 6.31m
[INFO] [1780101236.044936638] [robot_mission_runner]: Pose: (-42.54, -8.82), Elapsed: 65s, ETA: 6s, Dist remaining: 1.96m
[INFO] [1780101241.055786969] [robot_mission_runner]: Pose: (-42.67, -8.21), Elapsed: 70s, ETA: 20s, Dist remaining: 1.96m
[INFO] [1780101246.067187436] [robot_mission_runner]: Pose: (-41.64, -8.40), Elapsed: 75s, ETA: 46s, Dist remaining: 1.48m
[INFO] [1780101247.048146513] [robot_mission_runner]: Navigation result: SUCCEEDED
[INFO] [1780101257.048648418] [robot_mission_runner]: Mission 5 completed.
[INFO] [1780101257.048885252] [robot_mission_runner]: Picking from {'x': 5.05, 'y': -59.6, 'yaw': 3.1416}, dropping at {'x': -17.5, 'y': 0.18, 'yaw': -1.5708}...
[INFO] [1780101257.049006078] [robot_mission_runner]: Navigating to pick, attempt 1/3...
[INFO] [1780101257.059702236] [robot_mission_runner]: Navigating to goal: 5.05 -59.6...
[INFO] [1780101262.171287331] [robot_mission_runner]: Pose: (-42.25, -12.38), Elapsed: 5s, ETA: 58s, Dist remaining: 87.65m
[INFO] [1780101267.181919518] [robot_mission_runner]: Pose: (-42.26, -19.89), Elapsed: 10s, ETA: 53s, Dist remaining: 79.98m
[INFO] [1780101272.192736191] [robot_mission_runner]: Pose: (-42.39, -27.41), Elapsed: 15s, ETA: 48s, Dist remaining: 72.37m
[INFO] [1780101277.201986678] [robot_mission_runner]: Pose: (-42.38, -34.92), Elapsed: 20s, ETA: 43s, Dist remaining: 64.65m
[INFO] [1780101282.211775685] [robot_mission_runner]: Pose: (-42.41, -42.43), Elapsed: 25s, ETA: 38s, Dist remaining: 57.10m
