1780093630.2546039 [INFO] [launch]: All log files can be found below /root/.ros/log/2026-05-29-22-27-10-253107-opennav-orin-7
1780093630.2548313 [INFO] [launch]: Default logging verbosity is set to INFO
1780093632.2259586 [INFO] [laserscan_merger.py-1]: process started with pid [39]
1780093632.2262723 [INFO] [component_container_isolated-2]: process started with pid [40]
1780093632.2264235 [INFO] [vlm_node-3]: process started with pid [41]
1780093632.2265437 [INFO] [robot_mission_runner-4]: process started with pid [42]
1780093632.3422644 [INFO] [launch_ros.actions.load_composable_nodes]: Loaded node '/map_server' in container '/nav2_container'
1780093632.3797171 [INFO] [launch_ros.actions.load_composable_nodes]: Loaded node '/amcl' in container '/nav2_container'
1780093632.4014270 [INFO] [launch_ros.actions.load_composable_nodes]: Loaded node '/lifecycle_manager_localization' in container '/nav2_container'
1780093632.5087485 [INFO] [launch_ros.actions.load_composable_nodes]: Loaded node '/controller_server' in container '/nav2_container'
1780093632.5276356 [INFO] [launch_ros.actions.load_composable_nodes]: Loaded node '/smoother_server' in container '/nav2_container'
1780093632.5591774 [INFO] [launch_ros.actions.load_composable_nodes]: Loaded node '/planner_server' in container '/nav2_container'
1780093632.5740950 [INFO] [launch_ros.actions.load_composable_nodes]: Loaded node '/route_server' in container '/nav2_container'
1780093632.5919940 [INFO] [launch_ros.actions.load_composable_nodes]: Loaded node '/behavior_server' in container '/nav2_container'
1780093632.6158521 [INFO] [launch_ros.actions.load_composable_nodes]: Loaded node '/bt_navigator' in container '/nav2_container'
1780093632.6312661 [INFO] [launch_ros.actions.load_composable_nodes]: Loaded node '/waypoint_follower' in container '/nav2_container'
1780093632.6450324 [INFO] [launch_ros.actions.load_composable_nodes]: Loaded node '/velocity_smoother' in container '/nav2_container'
1780093632.6639802 [INFO] [launch_ros.actions.load_composable_nodes]: Loaded node '/collision_monitor' in container '/nav2_container'
1780093632.6823792 [INFO] [launch_ros.actions.load_composable_nodes]: Loaded node '/docking_server' in container '/nav2_container'
1780093632.6957543 [INFO] [launch_ros.actions.load_composable_nodes]: Loaded node '/lifecycle_manager_navigation' in container '/nav2_container'
1780094571.7061729 [WARNING] [launch]: user interrupted with ctrl-c (SIGINT)
1780094572.1711156 [INFO] [robot_mission_runner-4]: sending signal 'SIGINT' to process[robot_mission_runner-4]
1780094572.1733599 [INFO] [vlm_node-3]: sending signal 'SIGINT' to process[vlm_node-3]
1780094572.1743178 [INFO] [component_container_isolated-2]: sending signal 'SIGINT' to process[component_container_isolated-2]
1780094572.1750405 [INFO] [laserscan_merger.py-1]: sending signal 'SIGINT' to process[laserscan_merger.py-1]
1780094572.5590250 [ERROR] [laserscan_merger.py-1]: process has died [pid 39, exit code -2, cmd '/root/ws/install/opennav_benchmark_nav2/lib/opennav_benchmark_nav2/laserscan_merger.py --ros-args -r __node:=laserscan_merger --params-file /root/ws/install/opennav_benchmark_nav2/share/opennav_benchmark_nav2/config/nav2_params.yaml --params-file /tmp/launch_params_3td5_0ss'].
1780094572.7152224 [ERROR] [robot_mission_runner-4]: process has died [pid 42, exit code -2, cmd '/root/ws/install/opennav_benchmark_mission_dispatcher/lib/opennav_benchmark_mission_dispatcher/robot_mission_runner --ros-args -r __node:=robot_mission_runner --params-file /tmp/launch_params_09jeusl6'].
1780094573.1015570 [ERROR] [component_container_isolated-2]: process has died [pid 40, exit code -6, cmd '/opt/ros/jazzy/lib/rclcpp_components/component_container_isolated --ros-args --log-level info --ros-args -r __node:=nav2_container --params-file /tmp/launch_params_05rm9rt2 --params-file /tmp/launch_params_f_kkeqof -r /tf:=tf -r /tf_static:=tf_static'].
1780094574.6411657 [INFO] [vlm_node-3]: process has finished cleanly [pid 41]
