------ 2026-05-20 15:50:42 ------
------ SDK: JetPack_6.2.2_Linux ------
15:50:42.328 - Info: [host] [ Disk Avail on Partition /dev/nvme0n1p5: 56.78 GB ]15:50:42.328 - Info: NV_L4T_FILE_SYSTEM_AND_OS_IMAGE_COMP include 1 package15:50:42.328 - Info: change working directory to /home/armadilo/nvidia/nvidia_sdk/JetPack_6.2.2_Linux_JETSON_AGX_ORIN_TARGETS/Linux_for_Tegra/rootfs/15:50:42.328 - Info: [ Package Install Started ]15:50:42.328 - Info: current working directory is /home/armadilo/nvidia/nvidia_sdk/JetPack_6.2.2_Linux_JETSON_AGX_ORIN_TARGETS/Linux_for_Tegra/rootfs15:50:42.328 - Info: exec_command [host]:
**********************
sudo tar -I lbzip2 -xpf /home/armadilo/Downloads/nvidia/sdkm_downloads/Tegra_Linux_Sample-Root-Filesystem_R36.5.0_aarch64.tbz2
cd ..
safe_apt_install "sudo apt-get update" 5
safe_apt_install "sudo DEBIAN_FRONTEND=noninteractive ./tools/l4t_flash_prerequisites.sh" 5
if ! [ -f /proc/sys/fs/binfmt_misc/qemu-aarch64 ]; then
  safe_apt_install "sudo apt-get purge -y qemu-user-static" 5
  safe_apt_install "sudo apt-get install -y qemu-user-static" 5
fi
sudo ./apply_binaries.sh
sudo mkdir -p rootfs/opt/nvidia/debs
sudo mkdir -p rootfs/opt/nvidia/deb_repos
sed -i '/# parse out target_board for initrd flash/Ii\    sleep 30' nvsdkmanager_flash.sh
**********************15:50:42.328 - Info: exec_command: /home/armadilo/.nvsdkm/replays/scripts/JetPack_6.2.2_Linux/NV_L4T_FILE_SYSTEM_AND_OS_IMAGE_COMP.sh15:51:03.917 - Info: *begin sudo apt-get update, 5
15:51:04.191 - Info: Get:1 file:/var/cuda-repo-ubuntu2204-12-6-local  InRelease [1,572 B]
15:51:04.199 - Info: Get:1 file:/var/cuda-repo-ubuntu2204-12-6-local  InRelease [1,572 B]
15:51:04.398 - Info: Hit:2 http://packages.osrfoundation.org/gazebo/ubuntu-stable jammy InRelease
15:51:04.439 - Info: Hit:3 http://packages.ros.org/ros2/ubuntu jammy InRelease
15:51:04.469 - Info: Hit:4 http://us.archive.ubuntu.com/ubuntu jammy InRelease
15:51:04.516 - Info: Get:6 https://pkgs.tailscale.com/stable/ubuntu focal InRelease
15:51:04.523 - Info: Hit:7 http://security.ubuntu.com/ubuntu jammy-security InRelease
15:51:04.530 - Info: Hit:8 https://developer.download.nvidia.com/compute/cuda/repos/ubuntu2204/x86_64  InRelease
15:51:04.536 - Info: Hit:9 https://apt.foxglove.dev/studio stable InRelease
15:51:04.576 - Info: Hit:10 http://us.archive.ubuntu.com/ubuntu jammy-updates InRelease
15:51:04.663 - Info: Hit:11 https://packages.element.io/debian default InRelease
15:51:04.691 - Info: Hit:12 http://us.archive.ubuntu.com/ubuntu jammy-backports InRelease
15:51:04.727 - Info: Hit:5 https://packagecloud.io/github/git-lfs/ubuntu jammy InRelease
15:51:05.130 - Info: Hit:13 https://packages.mozilla.org/apt mozilla InRelease
15:51:05.759 - Info: Fetched 6,581 B in 1s (4,652 B/s)
15:51:11.857 - Info: Reading package lists...
15:51:11.893 - Info: *begin sudo DEBIAN_FRONTEND=noninteractive ./tools/l4t_flash_prerequisites.sh, 5
15:51:12.411 - Info: Get:1 file:/var/cuda-repo-ubuntu2204-12-6-local  InRelease [1,572 B]
15:51:12.419 - Info: Get:1 file:/var/cuda-repo-ubuntu2204-12-6-local  InRelease [1,572 B]
15:51:12.524 - Info: Hit:2 http://packages.osrfoundation.org/gazebo/ubuntu-stable jammy InRelease
15:51:12.541 - Info: Hit:3 https://apt.foxglove.dev/studio stable InRelease
15:51:12.553 - Info: Hit:4 https://developer.download.nvidia.com/compute/cuda/repos/ubuntu2204/x86_64  InRelease
15:51:12.605 - Info: Get:6 https://pkgs.tailscale.com/stable/ubuntu focal InRelease
15:51:12.627 - Info: Hit:7 http://packages.ros.org/ros2/ubuntu jammy InRelease
15:51:12.630 - Info: Hit:8 http://us.archive.ubuntu.com/ubuntu jammy InRelease
15:51:12.704 - Info: Hit:5 https://packagecloud.io/github/git-lfs/ubuntu jammy InRelease
15:51:12.727 - Info: Hit:9 http://us.archive.ubuntu.com/ubuntu jammy-updates InRelease
15:51:12.761 - Info: Hit:10 https://packages.element.io/debian default InRelease
15:51:12.821 - Info: Hit:11 http://us.archive.ubuntu.com/ubuntu jammy-backports InRelease
15:51:12.939 - Info: Hit:12 http://security.ubuntu.com/ubuntu jammy-security InRelease
15:51:12.998 - Info: Hit:13 https://packages.mozilla.org/apt mozilla InRelease
15:51:14.123 - Info: Fetched 6,581 B in 2s (4,037 B/s)
15:51:15.444 - Info: Reading package lists...
15:51:15.527 - Info: Reading package lists...
15:51:15.914 - Info: Building dependency tree...
15:51:15.918 - Info: Reading state information...
15:51:16.240 - Info: binfmt-support is already the newest version (2.2.1-2).
15:51:16.240 - Info: cpp is already the newest version (4:11.2.0-1ubuntu1).
15:51:16.240 - Info: device-tree-compiler is already the newest version (1.6.1-1).
15:51:16.240 - Info: dosfstools is already the newest version (4.2-1build3).
15:51:16.240 - Info: gdisk is already the newest version (1.0.8-4build1).
15:51:16.240 - Info: gdisk set to manually installed.
15:51:16.240 - Info: lz4 is already the newest version (1.9.3-2build2).
15:51:16.240 - Info: netcat-openbsd is already the newest version (1.218-4ubuntu1).
15:51:16.240 - Info: parted is already the newest version (3.4-2build1).
15:51:16.240 - Info: parted set to manually installed.
15:51:16.240 - Info: python3-yaml is already the newest version (5.4.1-1ubuntu1).
15:51:16.240 - Info: usbutils is already the newest version (1:014-1build1).
15:51:16.240 - Info: usbutils set to manually installed.
15:51:16.240 - Info: whois is already the newest version (5.5.13).
15:51:16.240 - Info: zstd is already the newest version (1.4.8+dfsg-3build1).
15:51:16.240 - Info: abootimg is already the newest version (0.6-1build1).
15:51:16.240 - Info: lbzip2 is already the newest version (2.5-2.3).
15:51:16.240 - Info: sshpass is already the newest version (1.09-1).
15:51:16.240 - Info: xmlstarlet is already the newest version (1.6.1-2.1).
15:51:16.240 - Info: binutils is already the newest version (2.38-4ubuntu2.12).
15:51:16.240 - Info: cpio is already the newest version (2.13+dfsg-7ubuntu0.1).
15:51:16.240 - Info: file is already the newest version (1:5.41-3ubuntu0.1).
15:51:16.240 - Info: file set to manually installed.
15:51:16.240 - Info: iputils-ping is already the newest version (3:20211215-1ubuntu0.1).
15:51:16.240 - Info: libxml2-utils is already the newest version (2.9.13+dfsg-1ubuntu0.11).
15:51:16.240 - Info: nfs-kernel-server is already the newest version (1:2.6.1-1ubuntu1.2).
15:51:16.240 - Info: openssl is already the newest version (3.0.2-0ubuntu1.23).
15:51:16.240 - Info: uuid-runtime is already the newest version (2.37.2-4ubuntu3.5).
15:51:16.240 - Info: xxd is already the newest version (2:8.2.3995-1ubuntu2.29).
15:51:16.240 - Info: xxd set to manually installed.
15:51:16.240 - Info: zlib1g is already the newest version (1:1.2.11.dfsg-2ubuntu9.2).
15:51:16.240 - Info: zlib1g set to manually installed.
15:51:16.240 - Info: qemu-user-static is already the newest version (1:6.2+dfsg-2ubuntu6.30).
15:51:16.240 - Info: The following additional packages will be installed:
15:51:16.240 - Info:   libnss-systemd libpam-systemd libsystemd0 libsystemd0:i386 libudev-dev
15:51:16.241 - Info:   libudev1 systemd systemd-oomd systemd-sysv systemd-timesyncd
15:51:16.244 - Info: Suggested packages:
15:51:16.244 - Info:   iproute2-doc python3-braceexpand systemd-container libtss2-rc0
15:51:16.276 - Info: The following NEW packages will be installed:
15:51:16.276 - Info:   python-is-python3
15:51:16.277 - Info: The following packages will be upgraded:
15:51:16.278 - Info:   iproute2 libnss-systemd libpam-systemd libsystemd0 libsystemd0:i386
15:51:16.280 - Info:   libudev-dev libudev1 rsync systemd systemd-oomd systemd-sysv
15:51:16.280 - Info:   systemd-timesyncd udev
15:51:16.513 - Info: 13 upgraded, 1 newly installed, 0 to remove and 636 not upgraded.
15:51:16.513 - Info: Need to get 8,828 kB of archives.
15:51:16.513 - Info: After this operation, 29.7 kB of additional disk space will be used.
15:51:16.513 - Info: Get:1 http://us.archive.ubuntu.com/ubuntu jammy-updates/main amd64 libnss-systemd amd64 249.11-0ubuntu3.20 [133 kB]
15:51:16.887 - Info: Get:2 http://us.archive.ubuntu.com/ubuntu jammy-updates/main amd64 libudev-dev amd64 249.11-0ubuntu3.20 [20.7 kB]
15:51:16.896 - Info: Get:3 http://us.archive.ubuntu.com/ubuntu jammy-updates/main amd64 libudev1 amd64 249.11-0ubuntu3.20 [76.4 kB]
15:51:16.931 - Info: Get:4 http://us.archive.ubuntu.com/ubuntu jammy-updates/main amd64 systemd amd64 249.11-0ubuntu3.20 [4,585 kB]
15:51:17.495 - Info: Get:5 http://us.archive.ubuntu.com/ubuntu jammy-updates/main amd64 udev amd64 249.11-0ubuntu3.20 [1,559 kB]
15:51:17.643 - Info: Get:6 http://us.archive.ubuntu.com/ubuntu jammy-updates/main amd64 systemd-timesyncd amd64 249.11-0ubuntu3.20 [31.2 kB]
15:51:17.643 - Info: Get:7 http://us.archive.ubuntu.com/ubuntu jammy-updates/main amd64 systemd-sysv amd64 249.11-0ubuntu3.20 [10.5 kB]
15:51:17.644 - Info: Get:8 http://us.archive.ubuntu.com/ubuntu jammy-updates/main amd64 systemd-oomd amd64 249.11-0ubuntu3.20 [34.8 kB]
15:51:17.645 - Info: Get:9 http://us.archive.ubuntu.com/ubuntu jammy-updates/main amd64 libpam-systemd amd64 249.11-0ubuntu3.20 [203 kB]
15:51:17.653 - Info: Get:10 http://us.archive.ubuntu.com/ubuntu jammy-updates/main i386 libsystemd0 i386 249.11-0ubuntu3.20 [340 kB]
15:51:17.662 - Info: Get:11 http://us.archive.ubuntu.com/ubuntu jammy-updates/main amd64 libsystemd0 amd64 249.11-0ubuntu3.20 [317 kB]
15:51:17.725 - Info: Get:12 http://us.archive.ubuntu.com/ubuntu jammy-updates/main amd64 rsync amd64 3.2.7-0ubuntu0.22.04.6 [444 kB]
15:51:17.745 - Info: Get:13 http://us.archive.ubuntu.com/ubuntu jammy-updates/main amd64 iproute2 amd64 5.15.0-1ubuntu2.1 [1,072 kB]
15:51:17.785 - Info: Get:14 http://us.archive.ubuntu.com/ubuntu jammy/main amd64 python-is-python3 all 3.9.2-2 [2,788 B]
15:51:18.401 - Info: Preconfiguring packages ...
15:51:18.483 - Info: Fetched 8,828 kB in 1s (5,905 kB/s)
15:51:18.534 - Info: (Reading database ... 
15:51:18.544 - Info: (Reading database ... 5%
15:51:18.544 - Info: (Reading database ... 10%
15:51:18.544 - Info: (Reading database ... 15%
15:51:18.544 - Info: (Reading database ... 20%
15:51:18.544 - Info: (Reading database ... 25%
15:51:18.544 - Info: (Reading database ... 30%
15:51:18.544 - Info: (Reading database ... 35%
15:51:18.544 - Info: (Reading database ... 40%
15:51:18.544 - Info: (Reading database ... 45%
15:51:18.544 - Info: (Reading database ... 50%
15:51:18.552 - Info: (Reading database ... 55%
15:51:18.562 - Info: (Reading database ... 60%
15:51:18.569 - Info: (Reading database ... 65%
15:51:18.584 - Info: (Reading database ... 70%
15:51:18.617 - Info: (Reading database ... 75%
15:51:18.638 - Info: (Reading database ... 80%
15:51:18.688 - Info: (Reading database ... 85%
15:51:18.705 - Info: (Reading database ... 90%
15:51:18.733 - Info: (Reading database ... 95%
15:51:18.766 - Info: (Reading database ... 100%
15:51:18.766 - Info: (Reading database ... 485767 files and directories currently installed.)
15:51:18.766 - Info: 
15:51:18.787 - Info: Preparing to unpack .../libnss-systemd_249.11-0ubuntu3.20_amd64.deb ...
15:51:18.787 - Info: 
15:51:18.805 - Info: Unpacking libnss-systemd:amd64 (249.11-0ubuntu3.20) over (249.11-0ubuntu3.19) ...
15:51:18.805 - Info: 
15:51:18.943 - Info: Preparing to unpack .../libudev-dev_249.11-0ubuntu3.20_amd64.deb ...
15:51:18.943 - Info: 
15:51:18.956 - Info: Unpacking libudev-dev:amd64 (249.11-0ubuntu3.20) over (249.11-0ubuntu3.19) ...
15:51:18.956 - Info: 
15:51:19.086 - Info: Preparing to unpack .../libudev1_249.11-0ubuntu3.20_amd64.deb ...
15:51:19.086 - Info: 
15:51:19.099 - Info: Unpacking libudev1:amd64 (249.11-0ubuntu3.20) over (249.11-0ubuntu3.19) ...
15:51:19.099 - Info: 
15:51:19.199 - Info: Setting up libudev1:amd64 (249.11-0ubuntu3.20) ...
15:51:19.199 - Info: 
15:51:19.276 - Info: (Reading database ... 
15:51:19.286 - Info: (Reading database ... 5%
15:51:19.286 - Info: (Reading database ... 10%
15:51:19.286 - Info: (Reading database ... 15%
15:51:19.286 - Info: (Reading database ... 20%
15:51:19.286 - Info: (Reading database ... 25%
15:51:19.286 - Info: (Reading database ... 30%
15:51:19.286 - Info: (Reading database ... 35%
15:51:19.286 - Info: (Reading database ... 40%
15:51:19.286 - Info: (Reading database ... 45%
15:51:19.286 - Info: (Reading database ... 50%
15:51:19.293 - Info: (Reading database ... 55%
15:51:19.305 - Info: (Reading database ... 60%
15:51:19.312 - Info: (Reading database ... 65%
15:51:19.324 - Info: (Reading database ... 70%
15:51:19.360 - Info: (Reading database ... 75%
15:51:19.387 - Info: (Reading database ... 80%
15:51:19.434 - Info: (Reading database ... 85%
15:51:19.452 - Info: (Reading database ... 90%
15:51:19.481 - Info: (Reading database ... 95%
15:51:19.511 - Info: (Reading database ... 100%
15:51:19.511 - Info: (Reading database ... 485767 files and directories currently installed.)
15:51:19.511 - Info: 
15:51:19.529 - Info: Preparing to unpack .../systemd_249.11-0ubuntu3.20_amd64.deb ...
15:51:19.529 - Info: 
15:51:19.632 - Info: Unpacking systemd (249.11-0ubuntu3.20) over (249.11-0ubuntu3.19) ...
15:51:19.632 - Info: 
15:51:20.426 - Info: Preparing to unpack .../udev_249.11-0ubuntu3.20_amd64.deb ...
15:51:20.426 - Info: 
15:51:20.446 - Info: Unpacking udev (249.11-0ubuntu3.20) over (249.11-0ubuntu3.19) ...
15:51:20.446 - Info: 
15:51:20.593 - Info: Preparing to unpack .../systemd-timesyncd_249.11-0ubuntu3.20_amd64.deb ...
15:51:20.593 - Info: 
15:51:20.608 - Info: Unpacking systemd-timesyncd (249.11-0ubuntu3.20) over (249.11-0ubuntu3.19) ...
15:51:20.608 - Info: 
15:51:20.701 - Info: Preparing to unpack .../libsystemd0_249.11-0ubuntu3.20_i386.deb ...
15:51:20.701 - Info: 
15:51:20.708 - Info: De-configuring libsystemd0:amd64 (249.11-0ubuntu3.19), to allow configuration of libsystemd0:i386 (249.11-0ubuntu3.19) ...
15:51:20.708 - Info: 
15:51:20.717 - Info: Unpacking libsystemd0:i386 (249.11-0ubuntu3.20) over (249.11-0ubuntu3.19) ...
15:51:20.717 - Info: 
15:51:20.812 - Info: Preparing to unpack .../libsystemd0_249.11-0ubuntu3.20_amd64.deb ...
15:51:20.813 - Info: 
15:51:20.824 - Info: Unpacking libsystemd0:amd64 (249.11-0ubuntu3.20) over (249.11-0ubuntu3.19) ...
15:51:20.824 - Info: 
15:51:20.926 - Info: Setting up libsystemd0:amd64 (249.11-0ubuntu3.20) ...
15:51:20.926 - Info: 
15:51:20.937 - Info: Setting up systemd (249.11-0ubuntu3.20) ...
15:51:20.937 - Info: 
15:51:21.595 - Info: (Reading database ... 
15:51:21.604 - Info: (Reading database ... 5%
15:51:21.604 - Info: (Reading database ... 10%
15:51:21.604 - Info: (Reading database ... 15%
15:51:21.604 - Info: (Reading database ... 20%
15:51:21.604 - Info: (Reading database ... 25%
15:51:21.604 - Info: (Reading database ... 30%
15:51:21.604 - Info: (Reading database ... 35%
15:51:21.604 - Info: (Reading database ... 40%
15:51:21.604 - Info: (Reading database ... 45%
15:51:21.604 - Info: (Reading database ... 50%
15:51:21.613 - Info: (Reading database ... 55%
15:51:21.624 - Info: (Reading database ... 60%
15:51:21.632 - Info: (Reading database ... 65%
15:51:21.645 - Info: (Reading database ... 70%
15:51:21.681 - Info: (Reading database ... 75%
15:51:21.704 - Info: (Reading database ... 80%
15:51:21.748 - Info: (Reading database ... 85%
15:51:21.772 - Info: (Reading database ... 90%
15:51:21.806 - Info: (Reading database ... 95%
15:51:21.835 - Info: (Reading database ... 100%
15:51:21.835 - Info: (Reading database ... 485767 files and directories currently installed.)
15:51:21.835 - Info: 
15:51:21.853 - Info: Preparing to unpack .../0-systemd-sysv_249.11-0ubuntu3.20_amd64.deb ...
15:51:21.853 - Info: 
15:51:21.867 - Info: Unpacking systemd-sysv (249.11-0ubuntu3.20) over (249.11-0ubuntu3.19) ...
15:51:21.867 - Info: 
15:51:21.962 - Info: Preparing to unpack .../1-systemd-oomd_249.11-0ubuntu3.20_amd64.deb ...
15:51:21.962 - Info: 
15:51:21.981 - Info: Unpacking systemd-oomd (249.11-0ubuntu3.20) over (249.11-0ubuntu3.19) ...
15:51:21.981 - Info: 
15:51:22.088 - Info: Preparing to unpack .../2-libpam-systemd_249.11-0ubuntu3.20_amd64.deb ...
15:51:22.088 - Info: 
15:51:22.104 - Info: Unpacking libpam-systemd:amd64 (249.11-0ubuntu3.20) over (249.11-0ubuntu3.19) ...
15:51:22.104 - Info: 
15:51:22.210 - Info: Preparing to unpack .../3-rsync_3.2.7-0ubuntu0.22.04.6_amd64.deb ...
15:51:22.210 - Info: 
15:51:22.229 - Info: Unpacking rsync (3.2.7-0ubuntu0.22.04.6) over (3.2.7-0ubuntu0.22.04.4) ...
15:51:22.229 - Info: 
15:51:22.347 - Info: Preparing to unpack .../4-iproute2_5.15.0-1ubuntu2.1_amd64.deb ...
15:51:22.347 - Info: 
15:51:22.359 - Info: Unpacking iproute2 (5.15.0-1ubuntu2.1) over (5.15.0-1ubuntu2) ...
15:51:22.359 - Info: 
15:51:22.461 - Info: Selecting previously unselected package python-is-python3.
15:51:22.461 - Info: 
15:51:22.494 - Info: Preparing to unpack .../5-python-is-python3_3.9.2-2_all.deb ...
15:51:22.494 - Info: 
15:51:22.498 - Info: Unpacking python-is-python3 (3.9.2-2) ...
15:51:22.498 - Info: 
15:51:22.585 - Info: Setting up systemd-sysv (249.11-0ubuntu3.20) ...
15:51:22.585 - Info: 
15:51:22.598 - Info: Setting up iproute2 (5.15.0-1ubuntu2.1) ...
15:51:22.598 - Info: 
15:51:22.740 - Info: Setting up libnss-systemd:amd64 (249.11-0ubuntu3.20) ...
15:51:22.740 - Info: 
15:51:22.752 - Info: Setting up libsystemd0:i386 (249.11-0ubuntu3.20) ...
15:51:22.752 - Info: 
15:51:22.763 - Info: Setting up systemd-timesyncd (249.11-0ubuntu3.20) ...
15:51:22.763 - Info: 
15:51:23.232 - Info: Setting up udev (249.11-0ubuntu3.20) ...
15:51:23.233 - Info: 
15:51:24.149 - Info: Setting up libudev-dev:amd64 (249.11-0ubuntu3.20) ...
15:51:24.149 - Info: 
15:51:24.162 - Info: Setting up libpam-systemd:amd64 (249.11-0ubuntu3.20) ...
15:51:24.162 - Info: 
15:51:24.299 - Info: Setting up systemd-oomd (249.11-0ubuntu3.20) ...
15:51:24.299 - Info: 
15:51:24.771 - Info: Setting up python-is-python3 (3.9.2-2) ...
15:51:24.771 - Info: 
15:51:24.786 - Info: Setting up rsync (3.2.7-0ubuntu0.22.04.6) ...
15:51:24.786 - Info: 
15:51:25.501 - Info: Processing triggers for libc-bin (2.35-0ubuntu3.13) ...
15:51:25.501 - Info: 
15:51:25.599 - Info: Processing triggers for man-db (2.10.2-1) ...
15:51:25.599 - Info: 
15:51:26.034 - Info: Processing triggers for dbus (1.12.20-2ubuntu4.1) ...
15:51:26.034 - Info: 
15:51:26.061 - Info: Processing triggers for initramfs-tools (0.140ubuntu13.5) ...
15:51:26.061 - Info: 
15:51:26.095 - Info: update-initramfs: Generating /boot/initrd.img-6.8.0-111-generic
15:51:26.095 - Info: 
15:52:21.989 - Info: Using rootfs directory of: /home/armadilo/nvidia/nvidia_sdk/JetPack_6.2.2_Linux_JETSON_AGX_ORIN_TARGETS/Linux_for_Tegra/rootfs
15:52:21.992 - Info: Installing extlinux.conf into /boot/extlinux in target rootfs
15:52:21.994 - Info: /home/armadilo/nvidia/nvidia_sdk/JetPack_6.2.2_Linux_JETSON_AGX_ORIN_TARGETS/Linux_for_Tegra/nv_tegra/nv-apply-debs.sh
15:52:22.000 - Info: Root file system directory is /home/armadilo/nvidia/nvidia_sdk/JetPack_6.2.2_Linux_JETSON_AGX_ORIN_TARGETS/Linux_for_Tegra/rootfs
15:52:22.000 - Info: Copying public debian packages to rootfs
15:52:22.109 - Info: Skipping installation of nvidia-igx-oem-config_36.5.0-20260115194252_arm64.deb ....
15:52:22.111 - Info: Skipping installation of nvidia-igx-systemd-reboot-hooks_36.5.0-20260115194252_arm64.deb ....
15:52:22.126 - Info: Skipping installation of nvidia-l4t-dgpu-apt-source_36.5.0-20260115194252_arm64.deb ....
15:52:22.127 - Info: Skipping installation of nvidia-l4t-dgpu-config_36.5.0-20260115194252_arm64.deb ....
15:52:22.128 - Info: Skipping installation of nvidia-l4t-dgpu-tools_36.5.0-20260115194252_arm64.deb ....
15:52:22.129 - Info: Skipping installation of nvidia-l4t-dgpu-x11_36.5.0-20260115194252_arm64.deb ....
15:52:22.131 - Info: Skipping installation of nvidia-l4t-factory-service_36.5.0-20260115194252_arm64.deb ....
15:52:22.339 - Info: Skipping installation of nvidia-igx-bootloader_36.5.0-20260115194252_arm64.deb ....
15:52:22.343 - Info: Skipping installation of nvidia-l4t-jetson-orin-nano-qspi-updater_36.5.0-20260115194252_arm64.deb ....
15:52:22.343 - Info: Start L4T BSP package installation
15:52:22.343 - Info: QEMU binary is not available, looking for QEMU from host system
15:52:22.343 - Info: Found /usr/bin/qemu-aarch64-static
15:52:22.343 - Info: Installing QEMU binary in rootfs
15:52:22.422 - Info: /home/armadilo/nvidia/nvidia_sdk/JetPack_6.2.2_Linux_JETSON_AGX_ORIN_TARGETS/Linux_for_Tegra/rootfs /home/armadilo/nvidia/nvidia_sdk/JetPack_6.2.2_Linux_JETSON_AGX_ORIN_TARGETS/Linux_for_Tegra
15:52:22.428 - Info: Host qemu-aarch64-static version: 6.2.0
15:52:22.430 - Info: Installing BSP Debian packages in /home/armadilo/nvidia/nvidia_sdk/JetPack_6.2.2_Linux_JETSON_AGX_ORIN_TARGETS/Linux_for_Tegra/rootfs
15:52:22.623 - Info: Selecting previously unselected package nvidia-l4t-core.
15:52:22.791 - Info: (Reading database ... 166914 files and directories currently installed.)
15:52:22.803 - Info: Preparing to unpack .../nvidia-l4t-core_36.5.0-20260115194252_arm64.deb ...
15:52:22.867 - Info: Pre-installing... skip compatibility checking.
15:52:22.869 - Info: Unpacking nvidia-l4t-core (36.5.0-20260115194252) ...
15:52:23.025 - Info: Setting up nvidia-l4t-core (36.5.0-20260115194252) ...
15:52:23.053 - Info: Processing triggers for libc-bin (2.35-0ubuntu3.11) ...
15:52:23.508 - Info: Selecting previously unselected package jetson-gpio-common.
15:52:23.676 - Info: (Reading database ... 166972 files and directories currently installed.)
15:52:23.685 - Info: Preparing to unpack .../jetson-gpio-common_2.1.9ubuntu1_arm64.deb ...
15:52:23.694 - Info: Unpacking jetson-gpio-common (2.1.9ubuntu1) ...
15:52:23.876 - Info: Selecting previously unselected package python3-jetson-gpio.
15:52:23.893 - Info: Preparing to unpack .../python3-jetson-gpio_2.1.9ubuntu1_arm64.deb ...
15:52:23.898 - Info: Unpacking python3-jetson-gpio (2.1.9ubuntu1) ...
15:52:24.069 - Info: Selecting previously unselected package python-jetson-gpio.
15:52:24.085 - Info: Preparing to unpack .../python-jetson-gpio_2.1.9ubuntu1_arm64.deb ...
15:52:24.090 - Info: Unpacking python-jetson-gpio (2.1.9ubuntu1) ...
15:52:24.265 - Info: Selecting previously unselected package nvidia-l4t-3d-core.
15:52:24.283 - Info: Preparing to unpack .../nvidia-l4t-3d-core_36.5.0-20260115194252_arm64.deb ...
15:52:24.293 - Info: Unpacking nvidia-l4t-3d-core (36.5.0-20260115194252) ...
15:52:26.385 - Info: Selecting previously unselected package nvidia-l4t-apt-source.
15:52:26.401 - Info: Preparing to unpack .../nvidia-l4t-apt-source_36.5.0-20260115194252_arm64.deb ...
15:52:26.406 - Info: Unpacking nvidia-l4t-apt-source (36.5.0-20260115194252) ...
15:52:26.581 - Info: Selecting previously unselected package nvidia-l4t-camera.
15:52:26.600 - Info: Preparing to unpack .../nvidia-l4t-camera_36.5.0-20260115194252_arm64.deb ...
15:52:26.606 - Info: Unpacking nvidia-l4t-camera (36.5.0-20260115194252) ...
15:52:26.948 - Info: Selecting previously unselected package nvidia-l4t-configs.
15:52:26.964 - Info: Preparing to unpack .../nvidia-l4t-configs_36.5.0-20260115194252_arm64.deb ...
15:52:26.968 - Info: Unpacking nvidia-l4t-configs (36.5.0-20260115194252) ...
15:52:27.145 - Info: Selecting previously unselected package nvidia-l4t-cuda.
15:52:27.166 - Info: Preparing to unpack .../nvidia-l4t-cuda_36.5.0-20260115194252_arm64.deb ...
15:52:27.171 - Info: Unpacking nvidia-l4t-cuda (36.5.0-20260115194252) ...
15:52:27.598 - Info: Selecting previously unselected package nvidia-l4t-cuda-utils.
15:52:27.614 - Info: Preparing to unpack .../nvidia-l4t-cuda-utils_36.5.0-20260115194252_arm64.deb ...
15:52:27.619 - Info: Unpacking nvidia-l4t-cuda-utils (36.5.0-20260115194252) ...
15:52:27.793 - Info: Selecting previously unselected package nvidia-l4t-firmware.
15:52:27.810 - Info: Preparing to unpack .../nvidia-l4t-firmware_36.5.0-20260115194252_arm64.deb ...
15:52:27.815 - Info: Unpacking nvidia-l4t-firmware (36.5.0-20260115194252) ...
15:52:28.076 - Info: Selecting previously unselected package nvidia-l4t-gbm.
15:52:28.093 - Info: Preparing to unpack .../nvidia-l4t-gbm_36.5.0-20260115194252_arm64.deb ...
15:52:28.099 - Info: Unpacking nvidia-l4t-gbm (36.5.0-20260115194252) ...
15:52:28.282 - Info: Selecting previously unselected package nvidia-l4t-graphics-demos.
15:52:28.298 - Info: Preparing to unpack .../nvidia-l4t-graphics-demos_36.5.0-20260115194252_arm64.deb ...
15:52:28.303 - Info: Unpacking nvidia-l4t-graphics-demos (36.5.0-20260115194252) ...
15:52:29.180 - Info: Selecting previously unselected package nvidia-l4t-init.
15:52:29.200 - Info: Preparing to unpack .../nvidia-l4t-init_36.5.0-20260115194252_arm64.deb ...
15:52:29.206 - Info: Unpacking nvidia-l4t-init (36.5.0-20260115194252) ...
15:52:29.455 - Info: Selecting previously unselected package nvidia-l4t-initrd.
15:52:29.472 - Info: Preparing to unpack .../nvidia-l4t-initrd_36.5.0-20260115194252_arm64.deb ...
15:52:29.583 - Info: /var/lib/dpkg/tmp.ci/preinst: line 47: /proc/cmdline: No such file or directory
15:52:29.591 - Info: Unpacking nvidia-l4t-initrd (36.5.0-20260115194252) ...
15:52:29.852 - Info: Selecting previously unselected package nvidia-l4t-jetson-io.
15:52:29.877 - Info: Preparing to unpack .../nvidia-l4t-jetson-io_36.5.0-20260115194252_arm64.deb ...
15:52:29.882 - Info: Unpacking nvidia-l4t-jetson-io (36.5.0-20260115194252) ...
15:52:30.091 - Info: Selecting previously unselected package nvidia-l4t-jetsonpower-gui-tools.
15:52:30.108 - Info: Preparing to unpack .../nvidia-l4t-jetsonpower-gui-tools_36.5.0-20260115194252_arm64.deb ...
15:52:30.114 - Info: Unpacking nvidia-l4t-jetsonpower-gui-tools (36.5.0-20260115194252) ...
15:52:30.297 - Info: Selecting previously unselected package nvidia-l4t-libwayland-client0.
15:52:30.314 - Info: Preparing to unpack .../nvidia-l4t-libwayland-client0_36.5.0-20260115194252_arm64.deb ...
15:52:30.319 - Info: Unpacking nvidia-l4t-libwayland-client0 (36.5.0-20260115194252) ...
15:52:30.489 - Info: Selecting previously unselected package nvidia-l4t-libwayland-cursor0.
15:52:30.506 - Info: Preparing to unpack .../nvidia-l4t-libwayland-cursor0_36.5.0-20260115194252_arm64.deb ...
15:52:30.511 - Info: Unpacking nvidia-l4t-libwayland-cursor0 (36.5.0-20260115194252) ...
15:52:30.682 - Info: Selecting previously unselected package nvidia-l4t-libwayland-egl1.
15:52:30.703 - Info: Preparing to unpack .../nvidia-l4t-libwayland-egl1_36.5.0-20260115194252_arm64.deb ...
15:52:30.709 - Info: Unpacking nvidia-l4t-libwayland-egl1 (36.5.0-20260115194252) ...
15:52:30.904 - Info: Selecting previously unselected package nvidia-l4t-libwayland-server0.
15:52:30.924 - Info: Preparing to unpack .../nvidia-l4t-libwayland-server0_36.5.0-20260115194252_arm64.deb ...
15:52:30.930 - Info: Unpacking nvidia-l4t-libwayland-server0 (36.5.0-20260115194252) ...
15:52:31.125 - Info: Selecting previously unselected package nvidia-l4t-multimedia.
15:52:31.141 - Info: Preparing to unpack .../nvidia-l4t-multimedia_36.5.0-20260115194252_arm64.deb ...
15:52:31.146 - Info: Unpacking nvidia-l4t-multimedia (36.5.0-20260115194252) ...
15:52:31.608 - Info: Selecting previously unselected package nvidia-l4t-multimedia-utils.
15:52:31.621 - Info: Preparing to unpack .../nvidia-l4t-multimedia-utils_36.5.0-20260115194252_arm64.deb ...
15:52:31.625 - Info: Unpacking nvidia-l4t-multimedia-utils (36.5.0-20260115194252) ...
15:52:31.785 - Info: Selecting previously unselected package nvidia-l4t-nvfancontrol.
15:52:31.798 - Info: Preparing to unpack .../nvidia-l4t-nvfancontrol_36.5.0-20260115194252_arm64.deb ...
15:52:31.802 - Info: Unpacking nvidia-l4t-nvfancontrol (36.5.0-20260115194252) ...
15:52:31.967 - Info: Selecting previously unselected package nvidia-l4t-nvml.
15:52:31.985 - Info: Preparing to unpack .../nvidia-l4t-nvml_36.5.0-20260115194252_arm64.deb ...
15:52:31.990 - Info: Unpacking nvidia-l4t-nvml (36.5.0-20260115194252) ...
15:52:32.186 - Info: Selecting previously unselected package nvidia-l4t-nvpmodel.
15:52:32.203 - Info: Preparing to unpack .../nvidia-l4t-nvpmodel_36.5.0-20260115194252_arm64.deb ...
15:52:32.208 - Info: Unpacking nvidia-l4t-nvpmodel (36.5.0-20260115194252) ...
15:52:32.375 - Info: Selecting previously unselected package nvidia-l4t-nvpmodel-gui-tools.
15:52:32.391 - Info: Preparing to unpack .../nvidia-l4t-nvpmodel-gui-tools_36.5.0-20260115194252_arm64.deb ...
15:52:32.396 - Info: Unpacking nvidia-l4t-nvpmodel-gui-tools (36.5.0-20260115194252) ...
15:52:32.566 - Info: Selecting previously unselected package nvidia-l4t-nvsci.
15:52:32.580 - Info: Preparing to unpack .../nvidia-l4t-nvsci_36.5.0-20260115194252_arm64.deb ...
15:52:32.585 - Info: Unpacking nvidia-l4t-nvsci (36.5.0-20260115194252) ...
15:52:32.762 - Info: Selecting previously unselected package nvidia-l4t-oem-config.
15:52:32.776 - Info: Preparing to unpack .../nvidia-l4t-oem-config_36.5.0-20260115194252_arm64.deb ...
15:52:32.781 - Info: Unpacking nvidia-l4t-oem-config (36.5.0-20260115194252) ...
15:52:32.959 - Info: Selecting previously unselected package nvidia-l4t-openwfd.
15:52:32.973 - Info: Preparing to unpack .../nvidia-l4t-openwfd_36.5.0-20260115194252_arm64.deb ...
15:52:32.977 - Info: Unpacking nvidia-l4t-openwfd (36.5.0-20260115194252) ...
15:52:33.163 - Info: Selecting previously unselected package nvidia-l4t-optee.
15:52:33.180 - Info: Preparing to unpack .../nvidia-l4t-optee_36.5.0-20260115194252_arm64.deb ...
15:52:33.185 - Info: Unpacking nvidia-l4t-optee (36.5.0-20260115194252) ...
15:52:33.430 - Info: Selecting previously unselected package nvidia-l4t-pva.
15:52:33.446 - Info: Preparing to unpack .../nvidia-l4t-pva_36.5.0-20260115194252_arm64.deb ...
15:52:33.451 - Info: Unpacking nvidia-l4t-pva (36.5.0-20260115194252) ...
15:52:33.612 - Info: Selecting previously unselected package nvidia-l4t-tools.
15:52:33.630 - Info: Preparing to unpack .../nvidia-l4t-tools_36.5.0-20260115194252_arm64.deb ...
15:52:33.635 - Info: Unpacking nvidia-l4t-tools (36.5.0-20260115194252) ...
15:52:33.943 - Info: Selecting previously unselected package nvidia-l4t-vulkan-sc.
15:52:33.958 - Info: Preparing to unpack .../nvidia-l4t-vulkan-sc_36.5.0-20260115194252_arm64.deb ...
15:52:33.964 - Info: Unpacking nvidia-l4t-vulkan-sc (36.5.0-20260115194252) ...
15:52:34.140 - Info: Selecting previously unselected package nvidia-l4t-vulkan-sc-dev.
15:52:34.152 - Info: Preparing to unpack .../nvidia-l4t-vulkan-sc-dev_36.5.0-20260115194252_arm64.deb ...
15:52:34.157 - Info: Unpacking nvidia-l4t-vulkan-sc-dev (36.5.0-20260115194252) ...
15:52:34.586 - Info: Selecting previously unselected package nvidia-l4t-vulkan-sc-samples.
15:52:34.606 - Info: Preparing to unpack .../nvidia-l4t-vulkan-sc-samples_36.5.0-20260115194252_arm64.deb ...
15:52:34.611 - Info: Unpacking nvidia-l4t-vulkan-sc-samples (36.5.0-20260115194252) ...
15:52:34.847 - Info: Selecting previously unselected package nvidia-l4t-vulkan-sc-sdk.
15:52:34.864 - Info: Preparing to unpack .../nvidia-l4t-vulkan-sc-sdk_36.5.0-20260115194252_arm64.deb ...
15:52:34.869 - Info: Unpacking nvidia-l4t-vulkan-sc-sdk (36.5.0-20260115194252) ...
15:52:35.241 - Info: Selecting previously unselected package nvidia-l4t-wayland.
15:52:35.260 - Info: Preparing to unpack .../nvidia-l4t-wayland_36.5.0-20260115194252_arm64.deb ...
15:52:35.265 - Info: Unpacking nvidia-l4t-wayland (36.5.0-20260115194252) ...
15:52:35.445 - Info: Selecting previously unselected package nvidia-l4t-weston.
15:52:35.461 - Info: Preparing to unpack .../nvidia-l4t-weston_36.5.0-20260115194252_arm64.deb ...
15:52:35.467 - Info: Unpacking nvidia-l4t-weston (36.5.0-20260115194252) ...
15:52:35.701 - Info: Selecting previously unselected package nvidia-l4t-x11.
15:52:35.717 - Info: Preparing to unpack .../nvidia-l4t-x11_36.5.0-20260115194252_arm64.deb ...
15:52:35.721 - Info: Unpacking nvidia-l4t-x11 (36.5.0-20260115194252) ...
15:52:35.891 - Info: Selecting previously unselected package nvidia-l4t-xusb-firmware.
15:52:35.907 - Info: Preparing to unpack .../nvidia-l4t-xusb-firmware_36.5.0-20260115194252_arm64.deb ...
15:52:35.913 - Info: Unpacking nvidia-l4t-xusb-firmware (36.5.0-20260115194252) ...
15:52:36.090 - Info: Selecting previously unselected package nvidia-l4t-display-kernel.
15:52:36.108 - Info: Preparing to unpack .../nvidia-l4t-display-kernel_5.15.185-tegra-36.5.0-20260115194252_arm64.deb ...
15:52:36.114 - Info: Unpacking nvidia-l4t-display-kernel (5.15.185-tegra-36.5.0-20260115194252) ...
15:52:36.325 - Info: Selecting previously unselected package nvidia-l4t-kernel.
15:52:36.341 - Info: Preparing to unpack .../nvidia-l4t-kernel_5.15.185-tegra-36.5.0-20260115194252_arm64.deb ...
15:52:36.346 - Info: Unpacking nvidia-l4t-kernel (5.15.185-tegra-36.5.0-20260115194252) ...
15:52:38.197 - Info: Selecting previously unselected package nvidia-l4t-kernel-dtbs.
15:52:38.215 - Info: Preparing to unpack .../nvidia-l4t-kernel-dtbs_5.15.185-tegra-36.5.0-20260115194252_arm64.deb ...
15:52:38.220 - Info: Unpacking nvidia-l4t-kernel-dtbs (5.15.185-tegra-36.5.0-20260115194252) ...
15:52:38.432 - Info: Selecting previously unselected package nvidia-l4t-kernel-headers.
15:52:38.449 - Info: Preparing to unpack .../nvidia-l4t-kernel-headers_5.15.185-tegra-36.5.0-20260115194252_arm64.deb ...
15:52:38.454 - Info: Unpacking nvidia-l4t-kernel-headers (5.15.185-tegra-36.5.0-20260115194252) ...
15:52:44.214 - Info: Selecting previously unselected package nvidia-l4t-kernel-oot-headers.
15:52:44.251 - Info: Preparing to unpack .../nvidia-l4t-kernel-oot-headers_5.15.185-tegra-36.5.0-20260115194252_arm64.deb ...
15:52:44.255 - Info: Unpacking nvidia-l4t-kernel-oot-headers (5.15.185-tegra-36.5.0-20260115194252) ...
15:52:44.492 - Info: Selecting previously unselected package nvidia-l4t-kernel-oot-modules.
15:52:44.512 - Info: Preparing to unpack .../nvidia-l4t-kernel-oot-modules_5.15.185-tegra-36.5.0-20260115194252_arm64.deb ...
15:52:44.517 - Info: Unpacking nvidia-l4t-kernel-oot-modules (5.15.185-tegra-36.5.0-20260115194252) ...
15:52:44.934 - Info: Selecting previously unselected package nvidia-l4t-bootloader.
15:52:44.953 - Info: Preparing to unpack .../nvidia-l4t-bootloader_36.5.0-20260115194252_arm64.deb ...
15:52:44.958 - Info: Unpacking nvidia-l4t-bootloader (36.5.0-20260115194252) ...
15:52:45.826 - Info: Setting up jetson-gpio-common (2.1.9ubuntu1) ...
15:52:45.841 - Info: Setting up python3-jetson-gpio (2.1.9ubuntu1) ...
15:52:45.950 - Info: Setting up python-jetson-gpio (2.1.9ubuntu1) ...
15:52:46.021 - Info: Setting up nvidia-l4t-apt-source (36.5.0-20260115194252) ...
15:52:46.098 - Info: Pre-installing... skip changing source list.
15:52:46.106 - Info: Setting up nvidia-l4t-configs (36.5.0-20260115194252) ...
15:52:46.221 - Info: Setting up nvidia-l4t-cuda (36.5.0-20260115194252) ...
15:52:46.234 - Info: Setting up nvidia-l4t-cuda-utils (36.5.0-20260115194252) ...
15:52:46.245 - Info: Setting up nvidia-l4t-firmware (36.5.0-20260115194252) ...
15:52:46.270 - Info: Setting up nvidia-l4t-init (36.5.0-20260115194252) ...
15:52:46.918 - Info: Setting up nvidia-l4t-jetsonpower-gui-tools (36.5.0-20260115194252) ...
15:52:46.935 - Info: Setting up nvidia-l4t-libwayland-client0 (36.5.0-20260115194252) ...
15:52:46.952 - Info: Setting up nvidia-l4t-libwayland-cursor0 (36.5.0-20260115194252) ...
15:52:46.965 - Info: Setting up nvidia-l4t-libwayland-egl1 (36.5.0-20260115194252) ...
15:52:46.980 - Info: Setting up nvidia-l4t-libwayland-server0 (36.5.0-20260115194252) ...
15:52:46.994 - Info: Setting up nvidia-l4t-multimedia-utils (36.5.0-20260115194252) ...
15:52:47.008 - Info: Setting up nvidia-l4t-nvfancontrol (36.5.0-20260115194252) ...
15:52:47.075 - Info: Setting up nvidia-l4t-nvml (36.5.0-20260115194252) ...
15:52:47.088 - Info: Setting up nvidia-l4t-nvpmodel (36.5.0-20260115194252) ...
15:52:47.213 - Info: Setting up nvidia-l4t-nvpmodel-gui-tools (36.5.0-20260115194252) ...
15:52:47.232 - Info: Setting up nvidia-l4t-nvsci (36.5.0-20260115194252) ...
15:52:47.245 - Info: Setting up nvidia-l4t-oem-config (36.5.0-20260115194252) ...
15:52:47.274 - Info: Setting up nvidia-l4t-openwfd (36.5.0-20260115194252) ...
15:52:47.288 - Info: Setting up nvidia-l4t-optee (36.5.0-20260115194252) ...
15:52:47.322 - Info: Setting up nvidia-l4t-pva (36.5.0-20260115194252) ...
15:52:47.337 - Info: Setting up nvidia-l4t-tools (36.5.0-20260115194252) ...
15:52:47.360 - Info: Setting up nvidia-l4t-vulkan-sc (36.5.0-20260115194252) ...
15:52:47.377 - Info: Setting up nvidia-l4t-vulkan-sc-dev (36.5.0-20260115194252) ...
15:52:47.391 - Info: Setting up nvidia-l4t-vulkan-sc-sdk (36.5.0-20260115194252) ...
15:52:47.421 - Info: Setting up nvidia-l4t-wayland (36.5.0-20260115194252) ...
15:52:47.438 - Info: Setting up nvidia-l4t-x11 (36.5.0-20260115194252) ...
15:52:47.463 - Info: Setting up nvidia-l4t-xusb-firmware (36.5.0-20260115194252) ...
15:52:47.478 - Info: Setting up nvidia-l4t-kernel (5.15.185-tegra-36.5.0-20260115194252) ...
15:52:53.123 - Info: Using the existing boot entry 'primary'
15:52:53.143 - Info: Pre-installing kernel package, skip flashing
15:52:55.487 - Info: Setting up nvidia-l4t-kernel-dtbs (5.15.185-tegra-36.5.0-20260115194252) ...
15:52:56.419 - Info: Pre-installing kernel-dtbs package, skip flashing
15:52:57.269 - Info: Setting up nvidia-l4t-kernel-headers (5.15.185-tegra-36.5.0-20260115194252) ...
15:52:57.461 - Info: Setting up nvidia-l4t-kernel-oot-headers (5.15.185-tegra-36.5.0-20260115194252) ...
15:52:57.626 - Info: Setting up nvidia-l4t-kernel-oot-modules (5.15.185-tegra-36.5.0-20260115194252) ...
15:52:57.869 - Info: Setting up nvidia-l4t-bootloader (36.5.0-20260115194252) ...
15:52:58.044 - Info: Pre-installing bootloader package, skip flashing
15:52:58.126 - Info: Setting up nvidia-l4t-3d-core (36.5.0-20260115194252) ...
15:52:58.542 - Info: Setting up nvidia-l4t-gbm (36.5.0-20260115194252) ...
15:52:58.741 - Info: Setting up nvidia-l4t-initrd (36.5.0-20260115194252) ...
15:52:59.110 - Info: nv-update-initrd: deferring update (trigger activated)
15:52:59.197 - Info: Pre-installing initrd package, skip flashing
15:52:59.389 - Info: Setting up nvidia-l4t-jetson-io (36.5.0-20260115194252) ...
15:52:59.586 - Info: Setting up nvidia-l4t-multimedia (36.5.0-20260115194252) ...
15:52:59.784 - Info: Setting up nvidia-l4t-vulkan-sc-samples (36.5.0-20260115194252) ...
15:52:59.978 - Info: Setting up nvidia-l4t-weston (36.5.0-20260115194252) ...
15:53:00.521 - Info: Setting up nvidia-l4t-display-kernel (5.15.185-tegra-36.5.0-20260115194252) ...
15:53:00.846 - Info: Setting up nvidia-l4t-camera (36.5.0-20260115194252) ...
15:53:01.108 - Info: Setting up nvidia-l4t-graphics-demos (36.5.0-20260115194252) ...
15:53:01.199 - Info: Processing triggers for libc-bin (2.35-0ubuntu3.11) ...
15:53:01.397 - Info: Processing triggers for nvidia-l4t-kernel (5.15.185-tegra-36.5.0-20260115194252) ...
15:53:01.662 - Info: Processing triggers for nvidia-l4t-initrd (36.5.0-20260115194252) ...
15:53:02.520 - Info: Include /etc/nv-update-initrd/list.d/binlist
15:53:02.538 - Info: Include /etc/nv-update-initrd/list.d/disable_initrd_bash
15:53:02.557 - Info: Include /etc/nv-update-initrd/list.d/modules
15:53:04.348 - Info: nv-update-initrd: Updating /boot/initrd from /etc/nv-update-initrd/list.d for kernel version 5.15.185-tegra..
15:53:04.459 - Info: Add /usr/sbin/nvluks-srv-app
15:53:04.555 - Info: Add /usr/sbin/tee-supplicant
15:53:04.652 - Info: Add /usr/lib/libteec.so.2
15:53:04.761 - Info: Add /lib/modules/5.15.185-tegra/updates/drivers/net/ethernet/nvidia/nvethernet/nvethernet.ko
15:53:04.857 - Info: Add /lib/modules/5.15.185-tegra/updates/drivers/nvpps/nvpps.ko
15:53:04.950 - Info: Add /lib/modules/5.15.185-tegra/updates/drivers/net/ethernet/realtek/r8126/r8126.ko
15:53:05.046 - Info: Add /lib/modules/5.15.185-tegra/updates/drivers/net/ethernet/realtek/r8168/r8168.ko
15:53:05.144 - Info: Add /lib/modules/5.15.185-tegra/updates/drivers/usb/typec/fusb301.ko
15:53:05.284 - Info: Add /lib/modules/5.15.185-tegra/modules*
15:53:05.405 - Info: Add /lib/modules/5.15.185-tegra/kernel/drivers/nvme/host/nvme.ko
15:53:05.513 - Info: Add /lib/modules/5.15.185-tegra/kernel/drivers/nvme/host/nvme-core.ko
15:53:05.620 - Info: Add /lib/modules/5.15.185-tegra/kernel/drivers/thermal/tegra/tegra-bpmp-thermal.ko
15:53:05.724 - Info: Add /lib/modules/5.15.185-tegra/kernel/drivers/pwm/pwm-tegra.ko
15:53:05.819 - Info: Add /lib/modules/5.15.185-tegra/kernel/drivers/hwmon/pwm-fan.ko
15:53:05.919 - Info: Add /lib/modules/5.15.185-tegra/kernel/drivers/pci/controller/dwc/pcie-tegra194.ko
15:53:06.012 - Info: Add /lib/modules/5.15.185-tegra/kernel/drivers/phy/tegra/phy-tegra194-p2u.ko
15:53:06.109 - Info: Add /lib/modules/5.15.185-tegra/kernel/drivers/usb/gadget/udc/tegra-xudc.ko
15:53:06.206 - Info: Add /lib/modules/5.15.185-tegra/kernel/drivers/usb/typec/ucsi/typec_ucsi.ko
15:53:06.302 - Info: Add /lib/modules/5.15.185-tegra/kernel/drivers/usb/typec/ucsi/ucsi_ccg.ko
15:53:06.398 - Info: Add /lib/modules/5.15.185-tegra/kernel/drivers/usb/typec/typec.ko
15:53:06.498 - Info: Add /lib/modules/5.15.185-tegra/kernel/drivers/usb/storage/uas.ko
15:53:06.570 - Info: WARNING: File /etc/.disable_initrd_bash is not present in initrd. This is appropriate for development but must be packed for production!
15:53:06.576 - Info: /usr/sbin/nv-update-initrd: line 92: /proc/cmdline: No such file or directory
15:53:06.582 - Info: Updating modprobe.d configuration directories for modprobe..
15:53:06.646 - Info: Add config /etc/modprobe.d/alsa-base.conf
15:53:06.693 - Info: Add config /etc/modprobe.d/blacklist-ath_pci.conf
15:53:06.739 - Info: Add config /etc/modprobe.d/blacklist-firewire.conf
15:53:06.784 - Info: Add config /etc/modprobe.d/blacklist-framebuffer.conf
15:53:06.829 - Info: Add config /etc/modprobe.d/blacklist-modem.conf
15:53:06.894 - Info: Add config-link /etc/modprobe.d/blacklist-oss.conf
15:53:06.936 - Info: Add config /usr/lib/linux-sound-base/noOSS.modprobe.conf
15:53:06.980 - Info: Add config /etc/modprobe.d/blacklist-rare-network.conf
15:53:07.022 - Info: Add config /etc/modprobe.d/blacklist.conf
15:53:07.069 - Info: Add config /etc/modprobe.d/denylist-nouveau.conf
15:53:07.114 - Info: Add config /etc/modprobe.d/denylist-oot-modules-audio.conf
15:53:07.160 - Info: Add config /etc/modprobe.d/denylist-ramoops.conf
15:53:07.208 - Info: Add config /etc/modprobe.d/denylist-tegra-safety.conf
15:53:07.252 - Info: Add config /etc/modprobe.d/denylist-tpm-ftpm-tee.conf
15:53:07.299 - Info: Add config /etc/modprobe.d/iwlwifi.conf
15:53:07.343 - Info: Add config /etc/modprobe.d/nvgpu.conf
15:53:07.389 - Info: Add config /etc/modprobe.d/nvidia-display.conf
15:53:07.436 - Info: Add config /etc/modprobe.d/tegra-udrm.conf
15:53:07.523 - Info: Add config /lib/modprobe.d/aliases.conf
15:53:07.564 - Info: Add config /lib/modprobe.d/fbdev-blacklist.conf
15:53:07.609 - Info: Add config /lib/modprobe.d/systemd.conf
15:53:19.847 - Info: Cleaning up the temporary directory for updating the initrd..
15:53:19.998 - Info: /home/armadilo/nvidia/nvidia_sdk/JetPack_6.2.2_Linux_JETSON_AGX_ORIN_TARGETS/Linux_for_Tegra
15:53:19.998 - Info: Removing QEMU binary from rootfs
15:53:20.002 - Info: Removing stashed Debian packages from rootfs
15:53:20.044 - Info: L4T BSP package installation completed!
15:53:20.067 - Info: Disabling NetworkManager-wait-online.service
15:53:20.068 - Info: Disable the ondemand service by changing the runlevels to 'K'
15:53:20.084 - Info: Success!
15:53:20.109 - Info: [ Package Install Finished Successfully ]15:53:20.109 - Info: [host] [ 6.47 GB used. Disk Avail on Partition /dev/nvme0n1p5: 50.32 GB ]15:53:20.109 - Info: [ NV_L4T_FILE_SYSTEM_AND_OS_IMAGE_COMP Install took 2m38s ]