[WARN] [1780094685.484339112] [rcl.logging_rosout]: Publisher already registered for node name: 'robot_mission_runner'. If this is due to multiple nodes with the same name then all logs for the logger named 'robot_mission_runner' will go out over the existing publisher. As soon as any node with that name is destructed it will unregister the publisher, preventing any further logs for that name from being published on the rosout topic.
[INFO] [1780094686.068871964] [robot_mission_runner]: Sending initial pose...
[INFO] [1780094686.069912639] [robot_mission_runner]: Publishing Initial Pose
[INFO] [1780094689.071870665] [robot_mission_runner]: Waiting for Nav2 to become active...
[INFO] [1780094691.080170673] [robot_mission_runner]: Nav2 is ready for use!
[INFO] [1780094691.080802579] [robot_mission_runner]: Nav2 up, picking benchmark node started!
[INFO] [1780094691.112297529] [robot_mission_runner]: Waiting for 'UndockRobot' action server
[INFO] [1780094691.113286716] [robot_mission_runner]: Undocking from dock of type: simple_charging_dock...
[INFO] [1780094691.117524202] [robot_mission_runner]: Backing up 0.5 m at 0.4 m/s....
[INFO] [1780094692.622093285] [robot_mission_runner]: Picking from {'x': -8.0, 'y': -52.55, 'yaw': 1.5708}, dropping at {'x': -35.5, 'y': -36.7, 'yaw': 1.5708}...
[INFO] [1780094692.623152648] [robot_mission_runner]: Navigating to pick, attempt 1/3...
[INFO] [1780094692.658210554] [robot_mission_runner]: Navigating to goal: -8.0 -52.55...
[INFO] [1780094697.787941353] [robot_mission_runner]: Pose: (61.74, 36.25), Elapsed: 5s, ETA: 674s, Dist remaining: 146.55m
[INFO] [1780094702.818161195] [robot_mission_runner]: Pose: (59.95, 32.41), Elapsed: 10s, ETA: 94s, Dist remaining: 142.28m
[INFO] [1780094707.885657528] [robot_mission_runner]: Pose: (59.88, 24.84), Elapsed: 15s, ETA: 89s, Dist remaining: 134.86m
[INFO] [1780094712.929484213] [robot_mission_runner]: Pose: (60.13, 17.30), Elapsed: 20s, ETA: 84s, Dist remaining: 127.14m
[INFO] [1780094717.968854784] [robot_mission_runner]: Pose: (59.77, 9.77), Elapsed: 25s, ETA: 79s, Dist remaining: 119.43m
[INFO] [1780094723.075616622] [robot_mission_runner]: Pose: (55.28, 4.44), Elapsed: 30s, ETA: 74s, Dist remaining: 111.66m
[INFO] [1780094728.248268597] [robot_mission_runner]: Pose: (47.58, 4.42), Elapsed: 35s, ETA: 69s, Dist remaining: 104.23m
[INFO] [1780094733.351747695] [robot_mission_runner]: Pose: (39.88, 4.43), Elapsed: 40s, ETA: 64s, Dist remaining: 96.55m
[INFO] [1780094738.409505675] [robot_mission_runner]: Pose: (32.29, 4.43), Elapsed: 45s, ETA: 59s, Dist remaining: 88.92m
[INFO] [1780094743.539130034] [robot_mission_runner]: Pose: (24.59, 4.33), Elapsed: 50s, ETA: 54s, Dist remaining: 81.14m
[INFO] [1780094748.613255334] [robot_mission_runner]: Pose: (17.00, 4.24), Elapsed: 55s, ETA: 49s, Dist remaining: 73.56m
[INFO] [1780094753.677337035] [robot_mission_runner]: Pose: (9.40, 4.33), Elapsed: 61s, ETA: 43s, Dist remaining: 65.82m
[INFO] [1780094758.754110367] [robot_mission_runner]: Pose: (3.48, -0.02), Elapsed: 66s, ETA: 38s, Dist remaining: 58.14m
[INFO] [1780094763.821142953] [robot_mission_runner]: Pose: (-1.10, -6.01), Elapsed: 71s, ETA: 33s, Dist remaining: 50.64m
[INFO] [1780094768.904603567] [robot_mission_runner]: Pose: (-1.22, -13.63), Elapsed: 76s, ETA: 28s, Dist remaining: 43.03m
[INFO] [1780094773.946362338] [robot_mission_runner]: Pose: (-1.21, -21.21), Elapsed: 81s, ETA: 23s, Dist remaining: 35.53m
[INFO] [1780094779.075087454] [robot_mission_runner]: Pose: (-1.20, -28.89), Elapsed: 86s, ETA: 18s, Dist remaining: 27.48m
[INFO] [1780094784.177710289] [robot_mission_runner]: Pose: (-1.21, -36.55), Elapsed: 91s, ETA: 13s, Dist remaining: 20.19m
[INFO] [1780094787.322543016] [robot_mission_runner]: Navigation result: FAILED
[WARN] [1780094787.324953229] [robot_mission_runner]: Navigating to pick attempt 1 failed.
[INFO] [1780094787.326720017] [robot_mission_runner]: Navigating to pick, attempt 2/3...
[INFO] [1780094787.617498805] [robot_mission_runner]: Navigating to goal: -8.0 -52.55...
[INFO] [1780094792.754957213] [robot_mission_runner]: Pose: (-1.28, -45.89), Elapsed: 5s, ETA: 7s, Dist remaining: 10.48m
[INFO] [1780094797.799574765] [robot_mission_runner]: Pose: (-5.87, -51.30), Elapsed: 10s, ETA: 2s, Dist remaining: 3.23m
[INFO] [1780094802.871750067] [robot_mission_runner]: Pose: (-7.96, -52.03), Elapsed: 15s, ETA: 36s, Dist remaining: 1.43m
[INFO] [1780094803.267812941] [robot_mission_runner]: Navigation result: FAILED
[WARN] [1780094803.269068792] [robot_mission_runner]: Navigating to pick attempt 2 failed.
[INFO] [1780094803.270272551] [robot_mission_runner]: Navigating to pick, attempt 3/3...
[INFO] [1780094803.343901051] [robot_mission_runner]: Navigating to goal: -8.0 -52.55...
[INFO] [1780094805.189006028] [robot_mission_runner]: Navigation result: SUCCEEDED
[INFO] [1780094815.190505832] [robot_mission_runner]: Navigating to drop, attempt 1/3...
[INFO] [1780094815.233197407] [robot_mission_runner]: Navigating to goal: -35.5 -36.7...
[INFO] [1780094820.364368568] [robot_mission_runner]: Pose: (-10.58, -50.60), Elapsed: 5s, ETA: 25s, Dist remaining: 35.71m
[INFO] [1780094825.358650177] [robot_mission_runner]: Navigation result: FAILED
[WARN] [1780094825.360571332] [robot_mission_runner]: Navigating to drop attempt 1 failed.
[INFO] [1780094825.361623967] [robot_mission_runner]: Navigating to drop, attempt 2/3...
[INFO] [1780094825.405694219] [robot_mission_runner]: Navigating to goal: -35.5 -36.7...
[INFO] [1780094827.046295270] [robot_mission_runner]: Navigation result: FAILED
[WARN] [1780094827.047039222] [robot_mission_runner]: Navigating to drop attempt 2 failed.
[INFO] [1780094827.047540309] [robot_mission_runner]: Navigating to drop, attempt 3/3...
[INFO] [1780094827.089907673] [robot_mission_runner]: Navigating to goal: -35.5 -36.7...
[INFO] [1780094830.001114510] [robot_mission_runner]: Navigation result: FAILED
[WARN] [1780094830.001798882] [robot_mission_runner]: Navigating to drop attempt 3 failed.
[WARN] [1780094830.005832606] [robot_mission_runner]: Mission 1 failed after retries, returning to dock for charge cycle.
[INFO] [1780094830.006500114] [robot_mission_runner]: Docking for charge cycle (10s)...
[INFO] [1780094830.006976148] [robot_mission_runner]: Waiting for 'DockRobot' action server
[INFO] [1780094830.008050606] [robot_mission_runner]: Docking at dock ID: home_dock...
[INFO] [1780094848.948160063] [robot_mission_runner]: Waiting for 'UndockRobot' action server
[INFO] [1780094848.949160224] [robot_mission_runner]: Undocking from dock of type: simple_charging_dock...
[INFO] [1780094848.953778879] [robot_mission_runner]: Charge cycle complete, resuming missions.
[INFO] [1780094848.954421879] [robot_mission_runner]: Picking from {'x': 39.0, 'y': 26.65, 'yaw': -1.5708}, dropping at {'x': -17.5, 'y': 0.18, 'yaw': -1.5708}...
[INFO] [1780094848.954919863] [robot_mission_runner]: Navigating to pick, attempt 1/3...
[INFO] [1780094849.044951507] [robot_mission_runner]: Navigating to goal: 39.0 26.65...
[INFO] [1780094852.216597807] [robot_mission_runner]: Navigation result: FAILED
[WARN] [1780094852.219386625] [robot_mission_runner]: Navigating to pick attempt 1 failed.
[INFO] [1780094852.221437602] [robot_mission_runner]: Navigating to pick, attempt 2/3...
[INFO] [1780094852.259794383] [robot_mission_runner]: Navigating to goal: 39.0 26.65...
[INFO] [1780094857.288493544] [robot_mission_runner]: Pose: (-10.87, -50.36), Elapsed: 5s, ETA: 81s, Dist remaining: 121.54m
[INFO] [1780094862.351032153] [robot_mission_runner]: Pose: (-3.62, -49.03), Elapsed: 10s, ETA: 76s, Dist remaining: 114.08m
[INFO] [1780094867.382046044] [robot_mission_runner]: Pose: (0.59, -42.90), Elapsed: 15s, ETA: 70s, Dist remaining: 106.11m
[INFO] [1780094871.708649359] [robot_mission_runner]: Navigation result: FAILED
[WARN] [1780094871.709344837] [robot_mission_runner]: Navigating to pick attempt 2 failed.
[INFO] [1780094871.709821992] [robot_mission_runner]: Navigating to pick, attempt 3/3...
[INFO] [1780094871.737113850] [robot_mission_runner]: Navigating to goal: 39.0 26.65...
[INFO] [1780094874.592411158] [robot_mission_runner]: Navigation result: FAILED
[WARN] [1780094874.594193227] [robot_mission_runner]: Navigating to pick attempt 3 failed.
[WARN] [1780094874.596415878] [robot_mission_runner]: Mission 2 failed after retries, returning to dock for charge cycle.
[INFO] [1780094874.597554818] [robot_mission_runner]: Docking for charge cycle (10s)...
[INFO] [1780094874.598994603] [robot_mission_runner]: Waiting for 'DockRobot' action server
[INFO] [1780094874.603211694] [robot_mission_runner]: Docking at dock ID: home_dock...
[INFO] [1780094893.137869560] [robot_mission_runner]: Waiting for 'UndockRobot' action server
[INFO] [1780094893.138880029] [robot_mission_runner]: Undocking from dock of type: simple_charging_dock...
[INFO] [1780094893.152845425] [robot_mission_runner]: Charge cycle complete, resuming missions.
[INFO] [1780094893.154279485] [robot_mission_runner]: Picking from {'x': 50.0, 'y': -50.7, 'yaw': 1.5708}, dropping at {'x': -11.5, 'y': -27.17, 'yaw': 1.5708}...
[INFO] [1780094893.155771174] [robot_mission_runner]: Navigating to pick, attempt 1/3...
[INFO] [1780094893.184969891] [robot_mission_runner]: Navigating to goal: 50.0 -50.7...
[INFO] [1780094893.238732363] [robot_mission_runner]: Navigation result: FAILED
[WARN] [1780094893.240080669] [robot_mission_runner]: Navigating to pick attempt 1 failed.
[INFO] [1780094893.241035589] [robot_mission_runner]: Navigating to pick, attempt 2/3...
[INFO] [1780094893.265873312] [robot_mission_runner]: Navigating to goal: 50.0 -50.7...
[INFO] [1780094895.950314393] [robot_mission_runner]: Navigation result: FAILED
[WARN] [1780094895.951049103] [robot_mission_runner]: Navigating to pick attempt 2 failed.
[INFO] [1780094895.951536466] [robot_mission_runner]: Navigating to pick, attempt 3/3...
[INFO] [1780094896.126502107] [robot_mission_runner]: Navigating to goal: 50.0 -50.7...
[INFO] [1780094901.254122640] [robot_mission_runner]: Pose: (3.68, -23.18), Elapsed: 5s, ETA: 233s, Dist remaining: 71.64m
[INFO] [1780094906.284684022] [robot_mission_runner]: Pose: (3.25, -24.34), Elapsed: 10s, ETA: 281s, Dist remaining: 70.62m
[INFO] [1780094911.337857253] [robot_mission_runner]: Pose: (3.09, -25.65), Elapsed: 15s, ETA: 247s, Dist remaining: 69.38m
[INFO] [1780094916.424905517] [robot_mission_runner]: Pose: (3.05, -26.98), Elapsed: 20s, ETA: 240s, Dist remaining: 68.16m
[INFO] [1780094921.530569591] [robot_mission_runner]: Pose: (3.03, -28.39), Elapsed: 25s, ETA: 213s, Dist remaining: 66.73m
[INFO] [1780094926.598705948] [robot_mission_runner]: Pose: (3.00, -29.74), Elapsed: 30s, ETA: 326s, Dist remaining: 65.28m
[INFO] [1780094931.659884585] [robot_mission_runner]: Pose: (3.00, -31.10), Elapsed: 35s, ETA: 283s, Dist remaining: 64.22m
[INFO] [1780094935.838195387] [robot_mission_runner]: Navigation result: FAILED
[WARN] [1780094935.839919869] [robot_mission_runner]: Navigating to pick attempt 3 failed.
[WARN] [1780094935.841634272] [robot_mission_runner]: Mission 3 failed after retries, returning to dock for charge cycle.
[INFO] [1780094935.843162349] [robot_mission_runner]: Docking for charge cycle (10s)...
[INFO] [1780094935.844720760] [robot_mission_runner]: Waiting for 'DockRobot' action server
[INFO] [1780094935.846703309] [robot_mission_runner]: Docking at dock ID: home_dock...
[INFO] [1780094974.256528097] [robot_mission_runner]: Waiting for 'UndockRobot' action server
[INFO] [1780094974.257517167] [robot_mission_runner]: Undocking from dock of type: simple_charging_dock...
[INFO] [1780094974.264404495] [robot_mission_runner]: Charge cycle complete, resuming missions.
[INFO] [1780094974.265026895] [robot_mission_runner]: Picking from {'x': 38.1, 'y': -60.0, 'yaw': 3.1416}, dropping at {'x': -33.5, 'y': -22.4, 'yaw': -1.5708}...
[INFO] [1780094974.265510327] [robot_mission_runner]: Navigating to pick, attempt 1/3...
[INFO] [1780094974.290667026] [robot_mission_runner]: Navigating to goal: 38.1 -60.0...
[INFO] [1780094979.464229335] [robot_mission_runner]: Pose: (29.14, 1.17), Elapsed: 5s, ETA: 43s, Dist remaining: 65.13m
[INFO] [1780094984.443705145] [robot_mission_runner]: Navigation result: FAILED
[WARN] [1780094984.444606380] [robot_mission_runner]: Navigating to pick attempt 1 failed.
[INFO] [1780094984.445182383] [robot_mission_runner]: Navigating to pick, attempt 2/3...
[INFO] [1780094984.556354907] [robot_mission_runner]: Navigating to goal: 38.1 -60.0...
[INFO] [1780094989.325561587] [robot_mission_runner]: Navigation result: FAILED
[WARN] [1780094989.327164195] [robot_mission_runner]: Navigating to pick attempt 2 failed.
[INFO] [1780094989.329466288] [robot_mission_runner]: Navigating to pick, attempt 3/3...
[INFO] [1780094989.965756442] [robot_mission_runner]: Navigating to goal: 38.1 -60.0...
[INFO] [1780094995.111869429] [robot_mission_runner]: Pose: (29.57, -12.68), Elapsed: 5s, ETA: 282s, Dist remaining: 87.26m
[INFO] [1780095000.142470204] [robot_mission_runner]: Pose: (29.90, -12.24), Elapsed: 10s, ETA: 305s, Dist remaining: 86.24m
[INFO] [1780095005.191127251] [robot_mission_runner]: Pose: (29.21, -7.11), Elapsed: 15s, ETA: 54s, Dist remaining: 81.24m
[INFO] [1780095010.299579355] [robot_mission_runner]: Pose: (29.29, 0.56), Elapsed: 20s, ETA: 49s, Dist remaining: 73.62m
[INFO] [1780095015.389094305] [robot_mission_runner]: Pose: (34.91, 3.79), Elapsed: 25s, ETA: 43s, Dist remaining: 65.76m
[INFO] [1780095020.459661052] [robot_mission_runner]: Pose: (37.29, -2.84), Elapsed: 30s, ETA: 38s, Dist remaining: 58.01m
[INFO] [1780095023.268909697] [robot_mission_runner]: Navigation result: FAILED
[WARN] [1780095023.270828774] [robot_mission_runner]: Navigating to pick attempt 3 failed.
[WARN] [1780095023.272538933] [robot_mission_runner]: Mission 4 failed after retries, returning to dock for charge cycle.
[INFO] [1780095023.273685983] [robot_mission_runner]: Docking for charge cycle (10s)...
[INFO] [1780095023.274680144] [robot_mission_runner]: Waiting for 'DockRobot' action server
[INFO] [1780095023.276780429] [robot_mission_runner]: Docking at dock ID: home_dock...
[INFO] [1780095066.216976374] [robot_mission_runner]: Waiting for 'UndockRobot' action server
[INFO] [1780095066.217982634] [robot_mission_runner]: Undocking from dock of type: simple_charging_dock...
[INFO] [1780095066.223237857] [robot_mission_runner]: Charge cycle complete, resuming missions.
[INFO] [1780095066.224512169] [robot_mission_runner]: Picking from {'x': 9.0, 'y': -52.55, 'yaw': 1.5708}, dropping at {'x': -41.5, 'y': -8.1, 'yaw': -1.5708}...
[INFO] [1780095066.225818063] [robot_mission_runner]: Navigating to pick, attempt 1/3...
[INFO] [1780095066.250435214] [robot_mission_runner]: Navigating to goal: 9.0 -52.55...
[INFO] [1780095071.401438364] [robot_mission_runner]: Pose: (45.15, 2.78), Elapsed: 5s, ETA: 80s, Dist remaining: 88.26m
[INFO] [1780095073.854236018] [robot_mission_runner]: Navigation result: FAILED
[WARN] [1780095073.856041379] [robot_mission_runner]: Navigating to pick attempt 1 failed.
[INFO] [1780095073.856673160] [robot_mission_runner]: Navigating to pick, attempt 2/3...
[INFO] [1780095073.913186078] [robot_mission_runner]: Navigating to goal: 9.0 -52.55...
[INFO] [1780095078.446610020] [robot_mission_runner]: Navigation result: FAILED
[WARN] [1780095078.447789137] [robot_mission_runner]: Navigating to pick attempt 2 failed.
[INFO] [1780095078.448759175] [robot_mission_runner]: Navigating to pick, attempt 3/3...
[INFO] [1780095078.653577092] [robot_mission_runner]: Navigating to goal: 9.0 -52.55...
[INFO] [1780095083.819714366] [robot_mission_runner]: Pose: (45.33, -15.46), Elapsed: 5s, ETA: 46s, Dist remaining: 69.88m
[INFO] [1780095088.848819569] [robot_mission_runner]: Pose: (45.41, -23.01), Elapsed: 10s, ETA: 41s, Dist remaining: 62.27m
[INFO] [1780095093.872933117] [robot_mission_runner]: Pose: (45.42, -30.55), Elapsed: 15s, ETA: 36s, Dist remaining: 54.46m
[INFO] [1780095098.945583326] [robot_mission_runner]: Pose: (45.52, -38.16), Elapsed: 20s, ETA: 31s, Dist remaining: 46.98m
[INFO] [1780095104.052579943] [robot_mission_runner]: Pose: (45.44, -45.77), Elapsed: 25s, ETA: 26s, Dist remaining: 39.21m
[INFO] [1780095109.118698331] [robot_mission_runner]: Pose: (39.63, -49.85), Elapsed: 30s, ETA: 21s, Dist remaining: 31.57m
[INFO] [1780095114.191867115] [robot_mission_runner]: Pose: (32.29, -51.17), Elapsed: 35s, ETA: 16s, Dist remaining: 24.21m
[INFO] [1780095115.732861254] [robot_mission_runner]: Navigation result: FAILED
[WARN] [1780095115.735248291] [robot_mission_runner]: Navigating to pick attempt 3 failed.
[WARN] [1780095115.736236475] [robot_mission_runner]: Mission 5 failed after retries, returning to dock for charge cycle.
[INFO] [1780095115.736713671] [robot_mission_runner]: Docking for charge cycle (10s)...
[INFO] [1780095115.737859960] [robot_mission_runner]: Waiting for 'DockRobot' action server
[INFO] [1780095115.739512084] [robot_mission_runner]: Docking at dock ID: home_dock...
[INFO] [1780095162.212166476] [robot_mission_runner]: Waiting for 'UndockRobot' action server
[INFO] [1780095162.213181061] [robot_mission_runner]: Undocking from dock of type: simple_charging_dock...
[INFO] [1780095162.233588151] [robot_mission_runner]: Charge cycle complete, resuming missions.
[INFO] [1780095162.240734789] [robot_mission_runner]: Picking from {'x': 5.05, 'y': -59.6, 'yaw': 3.1416}, dropping at {'x': -17.5, 'y': 0.18, 'yaw': -1.5708}...
[INFO] [1780095162.242509665] [robot_mission_runner]: Navigating to pick, attempt 1/3...
[INFO] [1780095162.313671865] [robot_mission_runner]: Navigating to goal: 5.05 -59.6...
[INFO] [1780095167.328966059] [robot_mission_runner]: Pose: (38.82, -49.46), Elapsed: 4s, ETA: 155s, Dist remaining: 43.09m
[INFO] [1780095168.701923045] [robot_mission_runner]: Navigation result: FAILED
[WARN] [1780095168.702657385] [robot_mission_runner]: Navigating to pick attempt 1 failed.
[INFO] [1780095168.703146871] [robot_mission_runner]: Navigating to pick, attempt 2/3...
[INFO] [1780095168.786633491] [robot_mission_runner]: Navigating to goal: 5.05 -59.6...
[INFO] [1780095173.953133991] [robot_mission_runner]: Pose: (37.59, -49.51), Elapsed: 5s, ETA: 159s, Dist remaining: 42.04m
[INFO] [1780095179.008843079] [robot_mission_runner]: Pose: (36.86, -49.60), Elapsed: 10s, ETA: 304s, Dist remaining: 40.89m
[INFO] [1780095184.039139940] [robot_mission_runner]: Pose: (32.20, -51.27), Elapsed: 15s, ETA: 23s, Dist remaining: 34.96m
[INFO] [1780095186.634370644] [robot_mission_runner]: Navigation result: FAILED
[WARN] [1780095186.635075098] [robot_mission_runner]: Navigating to pick attempt 2 failed.
[INFO] [1780095186.635581447] [robot_mission_runner]: Navigating to pick, attempt 3/3...
[INFO] [1780095186.659206333] [robot_mission_runner]: Navigating to goal: 5.05 -59.6...
[INFO] [1780095188.553834883] [robot_mission_runner]: Navigation result: FAILED
[WARN] [1780095188.554509386] [robot_mission_runner]: Navigating to pick attempt 3 failed.
[WARN] [1780095188.555153746] [robot_mission_runner]: Mission 6 failed after retries, returning to dock for charge cycle.
[INFO] [1780095188.560192088] [robot_mission_runner]: Docking for charge cycle (10s)...
[INFO] [1780095188.560824289] [robot_mission_runner]: Waiting for 'DockRobot' action server
[INFO] [1780095188.561896058] [robot_mission_runner]: Docking at dock ID: home_dock...
[INFO] [1780095209.029871238] [robot_mission_runner]: Waiting for 'UndockRobot' action server
[INFO] [1780095209.030847907] [robot_mission_runner]: Undocking from dock of type: simple_charging_dock...
[INFO] [1780095209.034985039] [robot_mission_runner]: Charge cycle complete, resuming missions.
[INFO] [1780095209.036295296] [robot_mission_runner]: Picking from {'x': -25.0, 'y': -52.55, 'yaw': 1.5708}, dropping at {'x': -41.5, 'y': -46.23, 'yaw': -1.5708}...
[INFO] [1780095209.037078532] [robot_mission_runner]: Navigating to pick, attempt 1/3...
[INFO] [1780095209.063200861] [robot_mission_runner]: Navigating to goal: -25.0 -52.55...
[INFO] [1780095214.253162189] [robot_mission_runner]: Pose: (33.40, -51.32), Elapsed: 5s, ETA: 86s, Dist remaining: 59.19m
[INFO] [1780095216.181062868] [robot_mission_runner]: Navigation result: FAILED
[WARN] [1780095216.181823193] [robot_mission_runner]: Navigating to pick attempt 1 failed.
[INFO] [1780095216.182341159] [robot_mission_runner]: Navigating to pick, attempt 2/3...
[INFO] [1780095216.248588762] [robot_mission_runner]: Navigating to goal: -25.0 -52.55...
[INFO] [1780095221.446821861] [robot_mission_runner]: Pose: (23.30, -51.08), Elapsed: 5s, ETA: 32s, Dist remaining: 48.99m
[INFO] [1780095226.530672083] [robot_mission_runner]: Pose: (15.67, -50.90), Elapsed: 10s, ETA: 27s, Dist remaining: 41.42m
[INFO] [1780095231.558790669] [robot_mission_runner]: Pose: (8.12, -50.93), Elapsed: 15s, ETA: 22s, Dist remaining: 33.86m
[INFO] [1780095236.664905279] [robot_mission_runner]: Pose: (0.56, -51.49), Elapsed: 20s, ETA: 17s, Dist remaining: 26.29m
[INFO] [1780095239.703834273] [robot_mission_runner]: Navigation result: FAILED
[WARN] [1780095239.705707392] [robot_mission_runner]: Navigating to pick attempt 2 failed.
[INFO] [1780095239.706974421] [robot_mission_runner]: Navigating to pick, attempt 3/3...
[INFO] [1780095239.828078585] [robot_mission_runner]: Navigating to goal: -25.0 -52.55...
[INFO] [1780095245.003441389] [robot_mission_runner]: Pose: (-9.43, -51.48), Elapsed: 5s, ETA: 10s, Dist remaining: 16.31m
[INFO] [1780095250.079929843] [robot_mission_runner]: Pose: (-17.05, -51.49), Elapsed: 10s, ETA: 5s, Dist remaining: 8.73m
[INFO] [1780095255.118197789] [robot_mission_runner]: Pose: (-23.65, -52.64), Elapsed: 15s, ETA: 1s, Dist remaining: 1.81m
[INFO] [1780095258.383351265] [robot_mission_runner]: Navigation result: SUCCEEDED
[INFO] [1780095268.385119717] [robot_mission_runner]: Navigating to drop, attempt 1/3...
[INFO] [1780095268.436346413] [robot_mission_runner]: Navigating to goal: -41.5 -46.23...
[INFO] [1780095273.573883767] [robot_mission_runner]: Pose: (-28.53, -50.84), Elapsed: 5s, ETA: 10s, Dist remaining: 16.41m
[INFO] [1780095278.627138811] [robot_mission_runner]: Pose: (-36.11, -50.86), Elapsed: 10s, ETA: 5s, Dist remaining: 8.92m
[INFO] [1780095283.659259038] [robot_mission_runner]: Pose: (-41.31, -48.09), Elapsed: 15s, ETA: 3s, Dist remaining: 2.66m
[INFO] [1780095284.395666771] [robot_mission_runner]: Navigation result: FAILED
[WARN] [1780095284.397504856] [robot_mission_runner]: Navigating to drop attempt 1 failed.
[INFO] [1780095284.401030695] [robot_mission_runner]: Navigating to drop, attempt 2/3...
[INFO] [1780095284.505628603] [robot_mission_runner]: Navigating to goal: -41.5 -46.23...
[INFO] [1780095286.056399779] [robot_mission_runner]: Navigation result: FAILED
[WARN] [1780095286.057120428] [robot_mission_runner]: Navigating to drop attempt 2 failed.
[INFO] [1780095286.059570301] [robot_mission_runner]: Navigating to drop, attempt 3/3...
[INFO] [1780095286.081705301] [robot_mission_runner]: Navigating to goal: -41.5 -46.23...
[INFO] [1780095291.277491528] [robot_mission_runner]: Pose: (-42.13, -47.59), Elapsed: 5s, ETA: 20s, Dist remaining: 1.99m
[INFO] [1780095296.355493962] [robot_mission_runner]: Pose: (-42.51, -46.77), Elapsed: 10s, ETA: 10s, Dist remaining: 1.98m
[INFO] [1780095301.465152065] [robot_mission_runner]: Pose: (-42.60, -46.35), Elapsed: 15s, ETA: 0s, Dist remaining: 1.72m
[INFO] [1780095306.570359070] [robot_mission_runner]: Pose: (-41.62, -46.56), Elapsed: 20s, ETA: 25s, Dist remaining: 0.65m
[INFO] [1780095307.487107465] [robot_mission_runner]: Navigation result: SUCCEEDED
[INFO] [1780095317.488246975] [robot_mission_runner]: Mission 7 completed.
[INFO] [1780095317.488937066] [robot_mission_runner]: Picking from {'x': -11.95, 'y': -59.6, 'yaw': 3.1416}, dropping at {'x': 28.5, 'y': -12.87, 'yaw': 1.5708}...
[INFO] [1780095317.489458522] [robot_mission_runner]: Navigating to pick, attempt 1/3...
[INFO] [1780095317.577097452] [robot_mission_runner]: Navigating to goal: -11.95 -59.6...
[INFO] [1780095322.743288689] [robot_mission_runner]: Pose: (-39.93, -49.80), Elapsed: 5s, ETA: 21s, Dist remaining: 32.54m
[INFO] [1780095325.949346794] [robot_mission_runner]: Navigation result: FAILED
[WARN] [1780095325.950118962] [robot_mission_runner]: Navigating to pick attempt 1 failed.
[INFO] [1780095325.950662786] [robot_mission_runner]: Navigating to pick, attempt 2/3...
[INFO] [1780095326.262430856] [robot_mission_runner]: Navigating to goal: -11.95 -59.6...
[INFO] [1780095330.792140857] [robot_mission_runner]: Navigation result: FAILED
[WARN] [1780095330.796142752] [robot_mission_runner]: Navigating to pick attempt 2 failed.
[INFO] [1780095330.797575861] [robot_mission_runner]: Navigating to pick, attempt 3/3...
[INFO] [1780095330.894447422] [robot_mission_runner]: Navigating to goal: -11.95 -59.6...
[INFO] [1780095331.615257899] [robot_mission_runner]: Navigation result: FAILED
[WARN] [1780095331.618980506] [robot_mission_runner]: Navigating to pick attempt 3 failed.
[WARN] [1780095331.620831650] [robot_mission_runner]: Mission 8 failed after retries, returning to dock for charge cycle.
[INFO] [1780095331.621980640] [robot_mission_runner]: Docking for charge cycle (10s)...
[INFO] [1780095331.623497778] [robot_mission_runner]: Waiting for 'DockRobot' action server
[INFO] [1780095331.625090977] [robot_mission_runner]: Docking at dock ID: home_dock...
[INFO] [1780095350.697025969] [robot_mission_runner]: Waiting for 'UndockRobot' action server
[INFO] [1780095350.698070130] [robot_mission_runner]: Undocking from dock of type: simple_charging_dock...
[INFO] [1780095350.714081914] [robot_mission_runner]: Charge cycle complete, resuming missions.
[INFO] [1780095350.715313909] [robot_mission_runner]: Picking from {'x': 55.05, 'y': 33.0, 'yaw': 0.0}, dropping at {'x': -51.5, 'y': -27.17, 'yaw': 1.5708}...
[INFO] [1780095350.716772554] [robot_mission_runner]: Navigating to pick, attempt 1/3...
[INFO] [1780095350.750504455] [robot_mission_runner]: Navigating to goal: 55.05 33.0...
[INFO] [1780095355.762107958] [robot_mission_runner]: Pose: (0.56, -43.65), Elapsed: 4s, ETA: 86s, Dist remaining: 129.13m
[INFO] [1780095360.828029917] [robot_mission_runner]: Pose: (0.68, -36.01), Elapsed: 10s, ETA: 81s, Dist remaining: 121.99m
[INFO] [1780095364.614439287] [robot_mission_runner]: Navigation result: FAILED
[WARN] [1780095364.616709621] [robot_mission_runner]: Navigating to pick attempt 1 failed.
[INFO] [1780095364.618521249] [robot_mission_runner]: Navigating to pick, attempt 2/3...
[INFO] [1780095364.653645832] [robot_mission_runner]: Navigating to goal: 55.05 33.0...
[INFO] [1780095369.835189404] [robot_mission_runner]: Pose: (0.61, -22.51), Elapsed: 5s, ETA: 72s, Dist remaining: 108.24m
[INFO] [1780095374.949077993] [robot_mission_runner]: Pose: (0.60, -14.85), Elapsed: 10s, ETA: 67s, Dist remaining: 101.07m
[INFO] [1780095380.031095049] [robot_mission_runner]: Pose: (-0.07, -7.25), Elapsed: 15s, ETA: 62s, Dist remaining: 93.44m
[INFO] [1780095384.908774848] [robot_mission_runner]: Navigation result: FAILED
[WARN] [1780095384.910388915] [robot_mission_runner]: Navigating to pick attempt 2 failed.
[INFO] [1780095384.911489876] [robot_mission_runner]: Navigating to pick, attempt 3/3...
[INFO] [1780095385.011781925] [robot_mission_runner]: Navigating to goal: 55.05 33.0...
[INFO] [1780095386.638805911] [robot_mission_runner]: Navigation result: FAILED
[WARN] [1780095386.640379179] [robot_mission_runner]: Navigating to pick attempt 3 failed.
[WARN] [1780095386.641765892] [robot_mission_runner]: Mission 9 failed after retries, returning to dock for charge cycle.
[INFO] [1780095386.642794215] [robot_mission_runner]: Docking for charge cycle (10s)...
[INFO] [1780095386.643843466] [robot_mission_runner]: Waiting for 'DockRobot' action server
[INFO] [1780095386.650271445] [robot_mission_runner]: Docking at dock ID: home_dock...
[INFO] [1780095403.848529548] [robot_mission_runner]: Waiting for 'UndockRobot' action server
[INFO] [1780095403.849662060] [robot_mission_runner]: Undocking from dock of type: simple_charging_dock...
[INFO] [1780095403.859058441] [robot_mission_runner]: Charge cycle complete, resuming missions.
[INFO] [1780095403.860611487] [robot_mission_runner]: Picking from {'x': 50.0, 'y': 26.65, 'yaw': -1.5708}, dropping at {'x': -17.5, 'y': -41.46, 'yaw': -1.5708}...
[INFO] [1780095403.861185935] [robot_mission_runner]: Navigating to pick, attempt 1/3...
[INFO] [1780095403.967896692] [robot_mission_runner]: Navigating to goal: 50.0 26.65...
[INFO] [1780095408.847839088] [robot_mission_runner]: Navigation result: FAILED
[WARN] [1780095408.849277576] [robot_mission_runner]: Navigating to pick attempt 1 failed.
[INFO] [1780095408.850652067] [robot_mission_runner]: Navigating to pick, attempt 2/3...
[INFO] [1780095408.935280086] [robot_mission_runner]: Navigating to goal: 50.0 26.65...
[INFO] [1780095414.076920655] [robot_mission_runner]: Pose: (17.70, 26.64), Elapsed: 5s, ETA: 22s, Dist remaining: 33.03m
[INFO] [1780095419.224675439] [robot_mission_runner]: Pose: (25.42, 26.72), Elapsed: 10s, ETA: 16s, Dist remaining: 25.29m
[INFO] [1780095424.365019353] [robot_mission_runner]: Pose: (33.08, 26.42), Elapsed: 15s, ETA: 11s, Dist remaining: 17.44m
[INFO] [1780095429.444797514] [robot_mission_runner]: Pose: (40.72, 26.30), Elapsed: 20s, ETA: 6s, Dist remaining: 9.88m
[INFO] [1780095434.545492107] [robot_mission_runner]: Pose: (48.03, 26.59), Elapsed: 25s, ETA: 2s, Dist remaining: 2.53m
[INFO] [1780095439.355120084] [robot_mission_runner]: Navigation result: SUCCEEDED
[INFO] [1780095449.360206212] [robot_mission_runner]: Navigating to drop, attempt 1/3...
[INFO] [1780095449.386300158] [robot_mission_runner]: Navigating to goal: -17.5 -41.46...
[INFO] [1780095454.522492785] [robot_mission_runner]: Pose: (49.30, 26.06), Elapsed: 5s, ETA: 284s, Dist remaining: 146.21m
[INFO] [1780095457.315912968] [robot_mission_runner]: Navigation result: FAILED
[WARN] [1780095457.318193357] [robot_mission_runner]: Navigating to drop attempt 1 failed.
[INFO] [1780095457.320532145] [robot_mission_runner]: Navigating to drop, attempt 2/3...
[INFO] [1780095457.394585918] [robot_mission_runner]: Navigating to goal: -17.5 -41.46...
[INFO] [1780095462.597113252] [robot_mission_runner]: Pose: (38.31, 26.30), Elapsed: 5s, ETA: 90s, Dist remaining: 135.16m
[INFO] [1780095467.711491894] [robot_mission_runner]: Pose: (30.63, 26.65), Elapsed: 10s, ETA: 85s, Dist remaining: 127.67m
[INFO] [1780095472.768762421] [robot_mission_runner]: Pose: (23.07, 26.64), Elapsed: 15s, ETA: 80s, Dist remaining: 120.50m
[INFO] [1780095477.839032699] [robot_mission_runner]: Pose: (15.47, 26.68), Elapsed: 20s, ETA: 75s, Dist remaining: 113.23m
[INFO] [1780095482.909469895] [robot_mission_runner]: Pose: (7.85, 26.59), Elapsed: 25s, ETA: 70s, Dist remaining: 105.41m
[INFO] [1780095488.012248340] [robot_mission_runner]: Pose: (0.91, 24.47), Elapsed: 30s, ETA: 65s, Dist remaining: 97.86m
[INFO] [1780095493.105123804] [robot_mission_runner]: Pose: (-1.33, 17.57), Elapsed: 35s, ETA: 59s, Dist remaining: 89.96m
[INFO] [1780095498.209876475] [robot_mission_runner]: Pose: (-1.31, 9.90), Elapsed: 40s, ETA: 54s, Dist remaining: 82.29m
[INFO] [1780095503.269481948] [robot_mission_runner]: Pose: (-1.36, 2.30), Elapsed: 45s, ETA: 49s, Dist remaining: 74.51m
[INFO] [1780095508.317549718] [robot_mission_runner]: Pose: (-1.33, -5.28), Elapsed: 50s, ETA: 44s, Dist remaining: 66.91m
[INFO] [1780095513.361055924] [robot_mission_runner]: Pose: (-1.36, -12.82), Elapsed: 55s, ETA: 39s, Dist remaining: 59.53m
[INFO] [1780095515.916396169] [robot_mission_runner]: Navigation result: FAILED
[WARN] [1780095515.917081496] [robot_mission_runner]: Navigating to drop attempt 2 failed.
[INFO] [1780095515.917553133] [robot_mission_runner]: Navigating to drop, attempt 3/3...
[INFO] [1780095515.977376688] [robot_mission_runner]: Navigating to goal: -17.5 -41.46...
[INFO] [1780095520.067131529] [robot_mission_runner]: Navigation result: FAILED
[WARN] [1780095520.073285814] [robot_mission_runner]: Navigating to drop attempt 3 failed.
[WARN] [1780095520.080618087] [robot_mission_runner]: Mission 10 failed after retries, returning to dock for charge cycle.
[INFO] [1780095520.083021422] [robot_mission_runner]: Docking for charge cycle (10s)...
[INFO] [1780095520.084597512] [robot_mission_runner]: Waiting for 'DockRobot' action server
[INFO] [1780095520.086435036] [robot_mission_runner]: Docking at dock ID: home_dock...
[INFO] [1780095540.907095047] [robot_mission_runner]: Waiting for 'UndockRobot' action server
[INFO] [1780095540.908197997] [robot_mission_runner]: Undocking from dock of type: simple_charging_dock...
[INFO] [1780095540.917255290] [robot_mission_runner]: Charge cycle complete, resuming missions.
[INFO] [1780095540.918596347] [robot_mission_runner]: Picking from {'x': 38.1, 'y': -60.0, 'yaw': 3.1416}, dropping at {'x': 44.5, 'y': -22.4, 'yaw': 1.5708}...
[INFO] [1780095540.919239884] [robot_mission_runner]: Navigating to pick, attempt 1/3...
[INFO] [1780095540.937716381] [robot_mission_runner]: Navigating to goal: 38.1 -60.0...
[INFO] [1780095546.063911690] [robot_mission_runner]: Pose: (3.52, -18.87), Elapsed: 5s, ETA: 277s, Dist remaining: 67.56m
[INFO] [1780095551.123765259] [robot_mission_runner]: Pose: (3.78, -19.87), Elapsed: 10s, ETA: 94s, Dist remaining: 65.64m
[INFO] [1780095556.215364244] [robot_mission_runner]: Pose: (3.80, -26.86), Elapsed: 15s, ETA: 39s, Dist remaining: 59.07m
[INFO] [1780095561.308175810] [robot_mission_runner]: Pose: (4.01, -34.48), Elapsed: 20s, ETA: 34s, Dist remaining: 51.72m
[INFO] [1780095566.391249800] [robot_mission_runner]: Pose: (4.03, -42.12), Elapsed: 25s, ETA: 29s, Dist remaining: 44.05m
[INFO] [1780095571.454101351] [robot_mission_runner]: Pose: (6.73, -48.75), Elapsed: 30s, ETA: 23s, Dist remaining: 35.59m
[INFO] [1780095576.532488753] [robot_mission_runner]: Pose: (13.77, -50.74), Elapsed: 35s, ETA: 18s, Dist remaining: 27.90m
[INFO] [1780095579.761148737] [robot_mission_runner]: Navigation result: FAILED
[WARN] [1780095579.761857457] [robot_mission_runner]: Navigating to pick attempt 1 failed.
[INFO] [1780095579.762363846] [robot_mission_runner]: Navigating to pick, attempt 2/3...
[INFO] [1780095579.867815731] [robot_mission_runner]: Navigating to goal: 38.1 -60.0...
[INFO] [1780095585.067024553] [robot_mission_runner]: Pose: (24.38, -53.69), Elapsed: 5s, ETA: 13s, Dist remaining: 17.04m
[INFO] [1780095590.169237238] [robot_mission_runner]: Pose: (30.14, -57.49), Elapsed: 10s, ETA: 6s, Dist remaining: 9.21m
[INFO] [1780095595.229081021] [robot_mission_runner]: Pose: (36.80, -59.49), Elapsed: 15s, ETA: 2s, Dist remaining: 2.20m
[INFO] [1780095600.304894287] [robot_mission_runner]: Pose: (37.60, -60.41), Elapsed: 20s, ETA: 30s, Dist remaining: 1.07m
[INFO] [1780095601.640277004] [robot_mission_runner]: Navigation result: FAILED
[WARN] [1780095601.641027708] [robot_mission_runner]: Navigating to pick attempt 2 failed.
[INFO] [1780095601.641574032] [robot_mission_runner]: Navigating to pick, attempt 3/3...
[INFO] [1780095601.702175751] [robot_mission_runner]: Navigating to goal: 38.1 -60.0...
